{
    "homo_sapiens - [gendb, [], [], []], fasta, fai, dict, [], []": {
        "content": [
            [
                [
                    {
                        "id": "test"
                    },
                    "1ab95fbc5ec55b208f3001572bec54fa"
                ]
            ],
            [
                [
                    {
                        "id": "test"
                    },
                    "test.vcf.gz.tbi"
                ]
            ],
            [
                "versions.yml:md5,fb1ca56ba52eb3fcda70dbef401f06b9"
            ]
        ],
        "meta": {
            "nf-test": "0.9.1",
            "nextflow": "24.10.0"
        },
        "timestamp": "2024-10-31T11:16:45.625453031"
    },
    "homo_sapiens - [gvcf, idx, [], []], fasta, fai, dict, [], []": {
        "content": [
            [
                [
                    {
                        "id": "test"
                    },
                    "1ab95fbc5ec55b208f3001572bec54fa"
                ]
            ],
            [
                [
                    {
                        "id": "test"
                    },
                    "test.vcf.gz.tbi"
                ]
            ],
            [
                "versions.yml:md5,fb1ca56ba52eb3fcda70dbef401f06b9"
            ]
        ],
        "meta": {
            "nf-test": "0.9.1",
            "nextflow": "24.10.0"
        },
        "timestamp": "2024-10-31T11:15:55.296562046"
    },
    "homo_sapiens - [gvcf_gz, tbi, bed, []], fasta, fai, dict, [], []": {
        "content": [
            [
                [
                    {
                        "id": "test"
                    },
                    "1ab95fbc5ec55b208f3001572bec54fa"
                ]
            ],
            [
                [
                    {
                        "id": "test"
                    },
                    "test.vcf.gz.tbi"
                ]
            ],
            [
                "versions.yml:md5,fb1ca56ba52eb3fcda70dbef401f06b9"
            ]
        ],
        "meta": {
            "nf-test": "0.9.1",
            "nextflow": "24.10.0"
        },
        "timestamp": "2024-10-31T11:16:30.471742609"
    },
    "homo_sapiens - [gvcf_gz, tbi, [], []], fasta, fai, dict, dbsnp, dbsnp_tbi": {
        "content": [
            [
                [
                    {
                        "id": "test"
                    },
                    "9b7d476515e07e5486633c42abd86cc"
                ]
            ],
            [
                [
                    {
                        "id": "test"
                    },
                    "test.vcf.gz.tbi"
                ]
            ],
            [
                "versions.yml:md5,fb1ca56ba52eb3fcda70dbef401f06b9"
            ]
        ],
        "meta": {
            "nf-test": "0.9.1",
            "nextflow": "24.10.0"
        },
        "timestamp": "2024-10-31T11:16:13.266019505"
    },
    "homo_sapiens - [gvcf, idx, [], []], fasta, fai, dict, [], [] - stub": {
        "content": [
            {
                "0": [
                    [
                        {
                            "id": "test"
                        },
                        "test.vcf.gz:md5,68b329da9893e34099c7d8ad5cb9c940"
                    ]
                ],
                "1": [
                    [
                        {
                            "id": "test"
                        },
                        "test.vcf.gz.tbi:md5,d41d8cd98f00b204e9800998ecf8427e"
                    ]
                ],
                "2": [
                    "versions.yml:md5,fb1ca56ba52eb3fcda70dbef401f06b9"
                ],
                "tbi": [
                    [
                        {
                            "id": "test"
                        },
                        "test.vcf.gz.tbi:md5,d41d8cd98f00b204e9800998ecf8427e"
                    ]
                ],
                "vcf": [
                    [
                        {
                            "id": "test"
                        },
                        "test.vcf.gz:md5,68b329da9893e34099c7d8ad5cb9c940"
                    ]
                ],
                "versions": [
                    "versions.yml:md5,fb1ca56ba52eb3fcda70dbef401f06b9"
                ]
            }
        ],
        "meta": {
            "nf-test": "0.9.1",
            "nextflow": "24.10.0"
        },
        "timestamp": "2024-10-31T11:17:19.342242664"
    },
    "homo_sapiens - [gendb, bed, [], []], fasta, fai, dict, [], []": {
        "content": [
            [
                [
                    {
                        "id": "test"
                    },
                    "1ab95fbc5ec55b208f3001572bec54fa"
                ]
            ],
            [
                [
                    {
                        "id": "test"
                    },
                    "test.vcf.gz.tbi"
                ]
            ],
            [
                "versions.yml:md5,fb1ca56ba52eb3fcda70dbef401f06b9"
            ]
        ],
        "meta": {
            "nf-test": "0.9.1",
            "nextflow": "24.10.0"
        },
        "timestamp": "2024-10-31T11:17:01.475664058"
    }
}