{
    "stub": {
        "content": [
            {
                "0": [
                    [
                        {
                            "id": "test",
                            "single_end": false
                        },
                        "test.vcf.gz:md5,68b329da9893e34099c7d8ad5cb9c940"
                    ]
                ],
                "1": [
                    [
                        {
                            "id": "test",
                            "single_end": false
                        },
                        "test.vcf.gz.tbi:md5,d41d8cd98f00b204e9800998ecf8427e"
                    ]
                ],
                "2": [
                    [
                        {
                            "id": "test",
                            "single_end": false
                        },
                        "test.g.vcf.gz:md5,68b329da9893e34099c7d8ad5cb9c940"
                    ]
                ],
                "3": [
                    [
                        {
                            "id": "test",
                            "single_end": false
                        },
                        "test.g.vcf.gz.tbi:md5,d41d8cd98f00b204e9800998ecf8427e"
                    ]
                ],
                "4": [
                    "versions.yml:md5,37f0e454a6983de82f7a93eb39849985"
                ],
                "gvcf": [
                    [
                        {
                            "id": "test",
                            "single_end": false
                        },
                        "test.g.vcf.gz:md5,68b329da9893e34099c7d8ad5cb9c940"
                    ]
                ],
                "gvcf_tbi": [
                    [
                        {
                            "id": "test",
                            "single_end": false
                        },
                        "test.g.vcf.gz.tbi:md5,d41d8cd98f00b204e9800998ecf8427e"
                    ]
                ],
                "vcf": [
                    [
                        {
                            "id": "test",
                            "single_end": false
                        },
                        "test.vcf.gz:md5,68b329da9893e34099c7d8ad5cb9c940"
                    ]
                ],
                "vcf_tbi": [
                    [
                        {
                            "id": "test",
                            "single_end": false
                        },
                        "test.vcf.gz.tbi:md5,d41d8cd98f00b204e9800998ecf8427e"
                    ]
                ],
                "versions": [
                    "versions.yml:md5,37f0e454a6983de82f7a93eb39849985"
                ]
            }
        ],
        "meta": {
            "nf-test": "0.9.0",
            "nextflow": "24.04.4"
        },
        "timestamp": "2024-08-09T16:40:38.231189"
    },
    "homo_sapiens - wgs": {
        "content": [
            {
                "0": [
                    [
                        {
                            "id": "test",
                            "single_end": false
                        },
                        "test.vcf.gz:md5,8b8ab4a675f01e437aa72e1438a717d0"
                    ]
                ],
                "1": [
                    [
                        {
                            "id": "test",
                            "single_end": false
                        },
                        "test.vcf.gz.tbi:md5,0000833138104e87b05eaa906821eb21"
                    ]
                ],
                "2": [
                    [
                        {
                            "id": "test",
                            "single_end": false
                        },
                        "test.g.vcf.gz:md5,0a629e1745926cfcedf4b169046a921a"
                    ]
                ],
                "3": [
                    [
                        {
                            "id": "test",
                            "single_end": false
                        },
                        "test.g.vcf.gz.tbi:md5,49503913c28ec70a6f4aa52f6b357b4d"
                    ]
                ],
                "4": [
                    "versions.yml:md5,b1d5ddb90c4a59a1a3fdace9dcc8445c"
                ],
                "gvcf": [
                    [
                        {
                            "id": "test",
                            "single_end": false
                        },
                        "test.g.vcf.gz:md5,0a629e1745926cfcedf4b169046a921a"
                    ]
                ],
                "gvcf_tbi": [
                    [
                        {
                            "id": "test",
                            "single_end": false
                        },
                        "test.g.vcf.gz.tbi:md5,49503913c28ec70a6f4aa52f6b357b4d"
                    ]
                ],
                "vcf": [
                    [
                        {
                            "id": "test",
                            "single_end": false
                        },
                        "test.vcf.gz:md5,8b8ab4a675f01e437aa72e1438a717d0"
                    ]
                ],
                "vcf_tbi": [
                    [
                        {
                            "id": "test",
                            "single_end": false
                        },
                        "test.vcf.gz.tbi:md5,0000833138104e87b05eaa906821eb21"
                    ]
                ],
                "versions": [
                    "versions.yml:md5,b1d5ddb90c4a59a1a3fdace9dcc8445c"
                ]
            }
        ],
        "meta": {
            "nf-test": "0.9.0",
            "nextflow": "24.04.4"
        },
        "timestamp": "2024-08-09T16:46:15.793662"
    }
}