{
    "sarscov2 - bam - stub": {
        "content": [
            {
                "0": [
                    [
                        {
                            "id": "test"
                        },
                        "test.bam:md5,d41d8cd98f00b204e9800998ecf8427e"
                    ]
                ],
                "1": [
                    [
                        {
                            "id": "test"
                        },
                        "test.cram:md5,d41d8cd98f00b204e9800998ecf8427e"
                    ]
                ],
                "2": [
                    "versions.yml:md5,985dcafacddb7013ec01b73fd9163290"
                ],
                "bam": [
                    [
                        {
                            "id": "test"
                        },
                        "test.bam:md5,d41d8cd98f00b204e9800998ecf8427e"
                    ]
                ],
                "cram": [
                    [
                        {
                            "id": "test"
                        },
                        "test.cram:md5,d41d8cd98f00b204e9800998ecf8427e"
                    ]
                ],
                "versions": [
                    "versions.yml:md5,985dcafacddb7013ec01b73fd9163290"
                ]
            }
        ],
        "meta": {
            "nf-test": "0.9.2",
            "nextflow": "24.10.5"
        },
        "timestamp": "2025-03-17T16:50:02.397152291"
    },
    "sarscov2 - cram": {
        "content": [
            {
                "0": [
                    
                ],
                "1": [
                    [
                        {
                            "id": "test"
                        },
                        "test.cram:md5,133213fe1e49e30f796e1eb836fb6611"
                    ]
                ],
                "2": [
                    "versions.yml:md5,985dcafacddb7013ec01b73fd9163290"
                ],
                "bam": [
                    
                ],
                "cram": [
                    [
                        {
                            "id": "test"
                        },
                        "test.cram:md5,133213fe1e49e30f796e1eb836fb6611"
                    ]
                ],
                "versions": [
                    "versions.yml:md5,985dcafacddb7013ec01b73fd9163290"
                ]
            }
        ],
        "meta": {
            "nf-test": "0.9.2",
            "nextflow": "24.10.5"
        },
        "timestamp": "2025-03-17T16:50:30.685886937"
    },
    "sarscov2 - bam": {
        "content": [
            {
                "0": [
                    [
                        {
                            "id": "test"
                        },
                        "test.bam:md5,1901c819fcba0fdd5e2482e6dc8285ef"
                    ]
                ],
                "1": [
                    
                ],
                "2": [
                    "versions.yml:md5,985dcafacddb7013ec01b73fd9163290"
                ],
                "bam": [
                    [
                        {
                            "id": "test"
                        },
                        "test.bam:md5,1901c819fcba0fdd5e2482e6dc8285ef"
                    ]
                ],
                "cram": [
                    
                ],
                "versions": [
                    "versions.yml:md5,985dcafacddb7013ec01b73fd9163290"
                ]
            }
        ],
        "meta": {
            "nf-test": "0.9.2",
            "nextflow": "24.10.5"
        },
        "timestamp": "2025-03-17T16:49:26.18719288"
    },
    "sarscov2 - bam intervals": {
        "content": [
            {
                "0": [
                    [
                        {
                            "id": "test"
                        },
                        "test.bam:md5,2ca2446f0125890280056fd7da822732"
                    ]
                ],
                "1": [
                    
                ],
                "2": [
                    "versions.yml:md5,985dcafacddb7013ec01b73fd9163290"
                ],
                "bam": [
                    [
                        {
                            "id": "test"
                        },
                        "test.bam:md5,2ca2446f0125890280056fd7da822732"
                    ]
                ],
                "cram": [
                    
                ],
                "versions": [
                    "versions.yml:md5,985dcafacddb7013ec01b73fd9163290"
                ]
            }
        ],
        "meta": {
            "nf-test": "0.9.2",
            "nextflow": "24.10.5"
        },
        "timestamp": "2025-03-17T16:49:49.844595108"
    }
}