{
    "test_gatk4_denoisereadcounts": {
        "content": [
            [
                [
                    {
                        "id": "test",
                        "single_end": false
                    },
                    "test_standardizedCR.tsv:md5,f9e56b8e12b4dadc91a6d977fa79c6a8"
                ]
            ],
            [
                [
                    {
                        "id": "test",
                        "single_end": false
                    },
                    "test_denoisedCR.tsv:md5,f9e56b8e12b4dadc91a6d977fa79c6a8"
                ]
            ],
            [
                "versions.yml:md5,140780e1af7318cc9259b8970bc70c81"
            ]
        ],
        "meta": {
            "nf-test": "0.8.4",
            "nextflow": "24.04.4"
        },
        "timestamp": "2024-08-16T12:34:12.568925"
    }
}