{
    "Test marking duplicates": {
        "content": [
            {
                "0": [
                    [
                        {
                            "id": "test"
                        },
                        "test.cram:md5,d2993113f4614f5196fc74d489412fc4"
                    ]
                ],
                "1": [
                    [
                        {
                            "id": "test"
                        },
                        "test.cram.crai:md5,4b7b2152b33c5334f9477cc3650f8c91"
                    ]
                ],
                "2": [
                    
                ],
                "3": [
                    [
                        {
                            "id": "test"
                        },
                        "test.cram.bai:md5,889503338dc569b24e44e5e3aec815ea"
                    ]
                ],
                "4": [
                    [
                        {
                            "id": "test"
                        },
                        "test.score:md5,a97459ff2939682091bac3c3912402dc"
                    ]
                ],
                "5": [
                    [
                        {
                            "id": "test"
                        },
                        "test.cram.metrics:md5,ccd45ea1f2397184e3ab271b1ba8bb2a"
                    ]
                ],
                "6": [
                    [
                        {
                            "id": "test"
                        },
                        "test.cram.metrics.multiqc.tsv:md5,ccd45ea1f2397184e3ab271b1ba8bb2a"
                    ]
                ],
                "7": [
                    "versions.yml:md5,f057aca19107ce54f0cec1e42edd097e"
                ],
                "bai": [
                    [
                        {
                            "id": "test"
                        },
                        "test.cram.bai:md5,889503338dc569b24e44e5e3aec815ea"
                    ]
                ],
                "bam": [
                    
                ],
                "crai": [
                    [
                        {
                            "id": "test"
                        },
                        "test.cram.crai:md5,4b7b2152b33c5334f9477cc3650f8c91"
                    ]
                ],
                "cram": [
                    [
                        {
                            "id": "test"
                        },
                        "test.cram:md5,d2993113f4614f5196fc74d489412fc4"
                    ]
                ],
                "metrics": [
                    [
                        {
                            "id": "test"
                        },
                        "test.cram.metrics:md5,ccd45ea1f2397184e3ab271b1ba8bb2a"
                    ]
                ],
                "metrics_multiqc_tsv": [
                    [
                        {
                            "id": "test"
                        },
                        "test.cram.metrics.multiqc.tsv:md5,ccd45ea1f2397184e3ab271b1ba8bb2a"
                    ]
                ],
                "score": [
                    [
                        {
                            "id": "test"
                        },
                        "test.score:md5,a97459ff2939682091bac3c3912402dc"
                    ]
                ],
                "versions": [
                    "versions.yml:md5,f057aca19107ce54f0cec1e42edd097e"
                ]
            }
        ],
        "meta": {
            "nf-test": "0.9.0",
            "nextflow": "24.04.3"
        },
        "timestamp": "2024-07-26T13:02:23.640202"
    },
    "Test removing duplicates": {
        "content": [
            {
                "0": [
                    [
                        {
                            "id": "test"
                        },
                        "test.cram:md5,e67398ab64430191f9d15cb8a8f425c7"
                    ]
                ],
                "1": [
                    [
                        {
                            "id": "test"
                        },
                        "test.cram.crai:md5,c617398ead281c1339d78d5df0d606e9"
                    ]
                ],
                "2": [
                    
                ],
                "3": [
                    [
                        {
                            "id": "test"
                        },
                        "test.cram.bai:md5,a1ea729eca4732ca3a5dee946a70fbc8"
                    ]
                ],
                "4": [
                    [
                        {
                            "id": "test"
                        },
                        "test.score:md5,a97459ff2939682091bac3c3912402dc"
                    ]
                ],
                "5": [
                    [
                        {
                            "id": "test"
                        },
                        "test.cram.metrics:md5,7fc2ddc6b21838bdc42aff146549cea2"
                    ]
                ],
                "6": [
                    [
                        {
                            "id": "test"
                        },
                        "test.cram.metrics.multiqc.tsv:md5,7fc2ddc6b21838bdc42aff146549cea2"
                    ]
                ],
                "7": [
                    "versions.yml:md5,f057aca19107ce54f0cec1e42edd097e"
                ],
                "bai": [
                    [
                        {
                            "id": "test"
                        },
                        "test.cram.bai:md5,a1ea729eca4732ca3a5dee946a70fbc8"
                    ]
                ],
                "bam": [
                    
                ],
                "crai": [
                    [
                        {
                            "id": "test"
                        },
                        "test.cram.crai:md5,c617398ead281c1339d78d5df0d606e9"
                    ]
                ],
                "cram": [
                    [
                        {
                            "id": "test"
                        },
                        "test.cram:md5,e67398ab64430191f9d15cb8a8f425c7"
                    ]
                ],
                "metrics": [
                    [
                        {
                            "id": "test"
                        },
                        "test.cram.metrics:md5,7fc2ddc6b21838bdc42aff146549cea2"
                    ]
                ],
                "metrics_multiqc_tsv": [
                    [
                        {
                            "id": "test"
                        },
                        "test.cram.metrics.multiqc.tsv:md5,7fc2ddc6b21838bdc42aff146549cea2"
                    ]
                ],
                "score": [
                    [
                        {
                            "id": "test"
                        },
                        "test.score:md5,a97459ff2939682091bac3c3912402dc"
                    ]
                ],
                "versions": [
                    "versions.yml:md5,f057aca19107ce54f0cec1e42edd097e"
                ]
            }
        ],
        "meta": {
            "nf-test": "0.9.0",
            "nextflow": "24.04.3"
        },
        "timestamp": "2024-07-26T13:02:33.698037"
    },
    "Test stub": {
        "content": [
            {
                "0": [
                    [
                        {
                            "id": "test"
                        },
                        "test.cram:md5,d41d8cd98f00b204e9800998ecf8427e"
                    ]
                ],
                "1": [
                    [
                        {
                            "id": "test"
                        },
                        "test.cram.crai:md5,d41d8cd98f00b204e9800998ecf8427e"
                    ]
                ],
                "2": [
                    
                ],
                "3": [
                    [
                        {
                            "id": "test"
                        },
                        "test.cram.bai:md5,d41d8cd98f00b204e9800998ecf8427e"
                    ]
                ],
                "4": [
                    [
                        {
                            "id": "test"
                        },
                        "test.score:md5,d41d8cd98f00b204e9800998ecf8427e"
                    ]
                ],
                "5": [
                    [
                        {
                            "id": "test"
                        },
                        "test.cram.metrics:md5,d41d8cd98f00b204e9800998ecf8427e"
                    ]
                ],
                "6": [
                    [
                        {
                            "id": "test"
                        },
                        "test.cram.metrics.multiqc.tsv:md5,d41d8cd98f00b204e9800998ecf8427e"
                    ]
                ],
                "7": [
                    "versions.yml:md5,f057aca19107ce54f0cec1e42edd097e"
                ],
                "bai": [
                    [
                        {
                            "id": "test"
                        },
                        "test.cram.bai:md5,d41d8cd98f00b204e9800998ecf8427e"
                    ]
                ],
                "bam": [
                    
                ],
                "crai": [
                    [
                        {
                            "id": "test"
                        },
                        "test.cram.crai:md5,d41d8cd98f00b204e9800998ecf8427e"
                    ]
                ],
                "cram": [
                    [
                        {
                            "id": "test"
                        },
                        "test.cram:md5,d41d8cd98f00b204e9800998ecf8427e"
                    ]
                ],
                "metrics": [
                    [
                        {
                            "id": "test"
                        },
                        "test.cram.metrics:md5,d41d8cd98f00b204e9800998ecf8427e"
                    ]
                ],
                "metrics_multiqc_tsv": [
                    [
                        {
                            "id": "test"
                        },
                        "test.cram.metrics.multiqc.tsv:md5,d41d8cd98f00b204e9800998ecf8427e"
                    ]
                ],
                "score": [
                    [
                        {
                            "id": "test"
                        },
                        "test.score:md5,d41d8cd98f00b204e9800998ecf8427e"
                    ]
                ],
                "versions": [
                    "versions.yml:md5,f057aca19107ce54f0cec1e42edd097e"
                ]
            }
        ],
        "meta": {
            "nf-test": "0.9.0",
            "nextflow": "24.04.3"
        },
        "timestamp": "2024-07-26T13:02:41.360148"
    }
}