{
    "Should run without failures": {
        "content": [
            {
                "0": [
                    [
                        {
                            "id": "test_ref"
                        },
                        "genome.mmi:md5,72e450f12dc691e763c697463bdb1571"
                    ]
                ],
                "1": [
                    "versions.yml:md5,0fced0ee8015e7f50b82566e3db8f7b0"
                ],
                "index": [
                    [
                        {
                            "id": "test_ref"
                        },
                        "genome.mmi:md5,72e450f12dc691e763c697463bdb1571"
                    ]
                ],
                "versions": [
                    "versions.yml:md5,0fced0ee8015e7f50b82566e3db8f7b0"
                ]
            }
        ],
        "meta": {
            "nf-test": "0.8.4",
            "nextflow": "23.10.1"
        },
        "timestamp": "2024-03-18T11:46:30.000058092"
    },
    "minimap2 index": {
        "content": [
            {
                "0": [
                    [
                        {
                            "id": "test"
                        },
                        "genome.mmi:md5,72e450f12dc691e763c697463bdb1571"
                    ]
                ],
                "1": [
                    "versions.yml:md5,2f8340380c6741e9261a284262a90bde"
                ],
                "index": [
                    [
                        {
                            "id": "test"
                        },
                        "genome.mmi:md5,72e450f12dc691e763c697463bdb1571"
                    ]
                ],
                "versions": [
                    "versions.yml:md5,2f8340380c6741e9261a284262a90bde"
                ]
            }
        ],
        "meta": {
            "nf-test": "0.8.4",
            "nextflow": "23.10.1"
        },
        "timestamp": "2024-04-05T10:58:29.828187662"
    }
}