{
    "test-gatk4-gatherpileupsummaries - stub": {
        "content": [
            {
                "0": [
                    [
                        {
                            "id": "test",
                            "single_end": false
                        },
                        "test.out.pileups.table:md5,d41d8cd98f00b204e9800998ecf8427e"
                    ]
                ],
                "1": [
                    "versions.yml:md5,585747d3136a5bf0563bbbe229690526"
                ],
                "table": [
                    [
                        {
                            "id": "test",
                            "single_end": false
                        },
                        "test.out.pileups.table:md5,d41d8cd98f00b204e9800998ecf8427e"
                    ]
                ],
                "versions": [
                    "versions.yml:md5,585747d3136a5bf0563bbbe229690526"
                ]
            }
        ],
        "meta": {
            "nf-test": "0.9.1",
            "nextflow": "24.10.0"
        },
        "timestamp": "2024-10-31T11:08:38.118444526"
    },
    "test-gatk4-gatherpileupsummaries": {
        "content": [
            {
                "0": [
                    [
                        {
                            "id": "test",
                            "single_end": false
                        },
                        "test.out.pileups.table:md5,8e0ca6f66e112bd2f7ec1d31a2d62469"
                    ]
                ],
                "1": [
                    "versions.yml:md5,585747d3136a5bf0563bbbe229690526"
                ],
                "table": [
                    [
                        {
                            "id": "test",
                            "single_end": false
                        },
                        "test.out.pileups.table:md5,8e0ca6f66e112bd2f7ec1d31a2d62469"
                    ]
                ],
                "versions": [
                    "versions.yml:md5,585747d3136a5bf0563bbbe229690526"
                ]
            }
        ],
        "meta": {
            "nf-test": "0.9.1",
            "nextflow": "24.10.0"
        },
        "timestamp": "2024-10-31T11:08:17.759423015"
    }
}