{
    "sarscov2_gff_tbi": {
        "content": [
            {
                "0": [
                    [
                        {
                            "id": "tbi_gff"
                        },
                        "genome.gff3.gz.tbi:md5,f79a67d95a98076e04fbe0455d825926"
                    ]
                ],
                "1": [
                    
                ],
                "2": [
                    "versions.yml:md5,3bfeccaff5f93fb7fca5f6dc0f0975d5"
                ],
                "csi": [
                    
                ],
                "tbi": [
                    [
                        {
                            "id": "tbi_gff"
                        },
                        "genome.gff3.gz.tbi:md5,f79a67d95a98076e04fbe0455d825926"
                    ]
                ],
                "versions": [
                    "versions.yml:md5,3bfeccaff5f93fb7fca5f6dc0f0975d5"
                ]
            },
            "genome.gff3.gz.tbi"
        ],
        "meta": {
            "nf-test": "0.9.2",
            "nextflow": "24.10.5"
        },
        "timestamp": "2025-03-26T13:52:48.638506004"
    },
    "sarscov2_bedgz_tbi": {
        "content": [
            {
                "0": [
                    [
                        {
                            "id": "tbi_bed"
                        },
                        "test.bed.gz.tbi:md5,9a761d51cc81835fd1199201fdbcdd5d"
                    ]
                ],
                "1": [
                    
                ],
                "2": [
                    "versions.yml:md5,3bfeccaff5f93fb7fca5f6dc0f0975d5"
                ],
                "csi": [
                    
                ],
                "tbi": [
                    [
                        {
                            "id": "tbi_bed"
                        },
                        "test.bed.gz.tbi:md5,9a761d51cc81835fd1199201fdbcdd5d"
                    ]
                ],
                "versions": [
                    "versions.yml:md5,3bfeccaff5f93fb7fca5f6dc0f0975d5"
                ]
            },
            "test.bed.gz.tbi"
        ],
        "meta": {
            "nf-test": "0.9.2",
            "nextflow": "24.10.5"
        },
        "timestamp": "2025-03-26T13:52:44.910707349"
    },
    "sarscov2_vcf_tbi": {
        "content": [
            {
                "0": [
                    [
                        {
                            "id": "tbi_vcf"
                        },
                        "test.vcf.gz.tbi:md5,d22e5b84e4fcd18792179f72e6da702e"
                    ]
                ],
                "1": [
                    
                ],
                "2": [
                    "versions.yml:md5,3bfeccaff5f93fb7fca5f6dc0f0975d5"
                ],
                "csi": [
                    
                ],
                "tbi": [
                    [
                        {
                            "id": "tbi_vcf"
                        },
                        "test.vcf.gz.tbi:md5,d22e5b84e4fcd18792179f72e6da702e"
                    ]
                ],
                "versions": [
                    "versions.yml:md5,3bfeccaff5f93fb7fca5f6dc0f0975d5"
                ]
            },
            "test.vcf.gz.tbi"
        ],
        "meta": {
            "nf-test": "0.9.2",
            "nextflow": "24.10.5"
        },
        "timestamp": "2025-03-26T13:52:52.405662623"
    },
    "sarscov2_vcf_csi_stub": {
        "content": [
            {
                "0": [
                    [
                        {
                            "id": "vcf_csi_stub"
                        },
                        "test.vcf.gz.tbi:md5,d41d8cd98f00b204e9800998ecf8427e"
                    ]
                ],
                "1": [
                    [
                        {
                            "id": "vcf_csi_stub"
                        },
                        "test.vcf.gz.csi:md5,d41d8cd98f00b204e9800998ecf8427e"
                    ]
                ],
                "2": [
                    "versions.yml:md5,3bfeccaff5f93fb7fca5f6dc0f0975d5"
                ],
                "csi": [
                    [
                        {
                            "id": "vcf_csi_stub"
                        },
                        "test.vcf.gz.csi:md5,d41d8cd98f00b204e9800998ecf8427e"
                    ]
                ],
                "tbi": [
                    [
                        {
                            "id": "vcf_csi_stub"
                        },
                        "test.vcf.gz.tbi:md5,d41d8cd98f00b204e9800998ecf8427e"
                    ]
                ],
                "versions": [
                    "versions.yml:md5,3bfeccaff5f93fb7fca5f6dc0f0975d5"
                ]
            },
            "test.vcf.gz.csi"
        ],
        "meta": {
            "nf-test": "0.9.2",
            "nextflow": "24.10.5"
        },
        "timestamp": "2025-03-26T13:52:59.633992323"
    },
    "sarscov2_vcf_csi": {
        "content": [
            {
                "0": [
                    
                ],
                "1": [
                    [
                        {
                            "id": "vcf_csi"
                        },
                        "test.vcf.gz.csi:md5,04b41c1efd9ab3c6b1e008a286e27d2b"
                    ]
                ],
                "2": [
                    "versions.yml:md5,3bfeccaff5f93fb7fca5f6dc0f0975d5"
                ],
                "csi": [
                    [
                        {
                            "id": "vcf_csi"
                        },
                        "test.vcf.gz.csi:md5,04b41c1efd9ab3c6b1e008a286e27d2b"
                    ]
                ],
                "tbi": [
                    
                ],
                "versions": [
                    "versions.yml:md5,3bfeccaff5f93fb7fca5f6dc0f0975d5"
                ]
            },
            "test.vcf.gz.csi"
        ],
        "meta": {
            "nf-test": "0.9.2",
            "nextflow": "24.10.5"
        },
        "timestamp": "2025-03-26T13:52:56.083553332"
    }
}