{
    "gatk_hc_vcf_cram_dragstr_input_with_sites": {
        "content": [
            "test_cram_sites_dragstr.vcf.gz"
        ],
        "meta": {
            "nf-test": "0.8.4",
            "nextflow": "23.10.1"
        },
        "timestamp": "2024-02-20T13:24:45.142682"
    },
    "gatk_hc_vcf_bam_input": {
        "content": [
            "test_bam.vcf.gz"
        ],
        "meta": {
            "nf-test": "0.8.4",
            "nextflow": "23.10.1"
        },
        "timestamp": "2024-02-20T13:23:19.203837"
    },
    "gatk_hc_vcf_cram_input": {
        "content": [
            "test_cram.vcf.gz"
        ],
        "meta": {
            "nf-test": "0.8.4",
            "nextflow": "23.10.1"
        },
        "timestamp": "2024-02-20T13:23:48.434615"
    },
    "gatk_hc_vcf_cram_input_with_sites": {
        "content": [
            "test_cram_sites.vcf.gz"
        ],
        "meta": {
            "nf-test": "0.8.4",
            "nextflow": "23.10.1"
        },
        "timestamp": "2024-02-20T13:24:17.147745"
    },
    "gatk_hc_vcf_tbi_bam_input": {
        "content": [
            "test_bam.vcf.gz.tbi"
        ],
        "meta": {
            "nf-test": "0.8.4",
            "nextflow": "23.10.1"
        },
        "timestamp": "2024-02-20T13:23:19.23048"
    },
    "gatk_hc_vcf_tbi_cram_input": {
        "content": [
            "test_cram.vcf.gz.tbi"
        ],
        "meta": {
            "nf-test": "0.8.4",
            "nextflow": "23.10.1"
        },
        "timestamp": "2024-02-20T13:23:48.45958"
    },
    "gatk_hc_vcf_tbi_cram_dragstr_input_with_sites": {
        "content": [
            "test_cram_sites_dragstr.vcf.gz.tbi"
        ],
        "meta": {
            "nf-test": "0.8.4",
            "nextflow": "23.10.1"
        },
        "timestamp": "2024-02-20T13:24:45.154818"
    },
    "gatk_hc_vcf_tbi_cram_input_with_sites": {
        "content": [
            "test_cram_sites.vcf.gz.tbi"
        ],
        "meta": {
            "nf-test": "0.8.4",
            "nextflow": "23.10.1"
        },
        "timestamp": "2024-02-20T13:24:17.158138"
    }
}