{
    "-profile test --aligner sentieon-bwamem --tools null -stub": {
        "content": [
            18,
            {
                "FASTQC": {
                    "fastqc": "0.12.1"
                },
                "GATK4_APPLYBQSR": {
                    "gatk4": "4.6.1.0"
                },
                "GATK4_BASERECALIBRATOR": {
                    "gatk4": "4.6.1.0"
                },
                "GATK4_MARKDUPLICATES": {
                    "gatk4": "4.6.1.0",
                    "samtools": 1.21
                },
                "INDEX_CRAM": {
                    "samtools": 1.21
                },
                "MOSDEPTH": {
                    "mosdepth": "0.3.10"
                },
                "SAMTOOLS_STATS": {
                    "samtools": 1.21
                },
                "SENTIEON_BWAMEM": {
                    "sentieon": 202503,
                    "bwa": "0.7.17-r1188"
                },
                "Workflow": {
                    "nf-core/sarek": "v3.6.0dev"
                }
            },
            [
                "csv",
                "csv/markduplicates.csv",
                "csv/markduplicates_no_table.csv",
                "csv/recalibrated.csv",
                "multiqc",
                "multiqc/multiqc_data",
                "multiqc/multiqc_plots",
                "multiqc/multiqc_report.html",
                "pipeline_info",
                "pipeline_info/nf_core_sarek_software_mqc_versions.yml",
                "preprocessing",
                "preprocessing/markduplicates",
                "preprocessing/markduplicates/test",
                "preprocessing/markduplicates/test/test.cram",
                "preprocessing/markduplicates/test/test.cram.crai",
                "preprocessing/recal_table",
                "preprocessing/recal_table/test",
                "preprocessing/recal_table/test/test.recal.table",
                "preprocessing/recalibrated",
                "preprocessing/recalibrated/test",
                "preprocessing/recalibrated/test/test.recal.cram",
                "preprocessing/recalibrated/test/test.recal.cram.crai",
                "reference",
                "reports",
                "reports/fastqc",
                "reports/fastqc/test-test_L1",
                "reports/fastqc/test-test_L1/test-test_L1.html",
                "reports/fastqc/test-test_L1/test-test_L1.zip",
                "reports/fastqc/test-test_L2",
                "reports/fastqc/test-test_L2/test-test_L2.html",
                "reports/fastqc/test-test_L2/test-test_L2.zip",
                "reports/markduplicates",
                "reports/markduplicates/test",
                "reports/markduplicates/test/test.md.cram.metrics",
                "reports/mosdepth",
                "reports/mosdepth/test",
                "reports/mosdepth/test/test.md.global.dist.txt",
                "reports/mosdepth/test/test.md.per-base.bed.gz",
                "reports/mosdepth/test/test.md.per-base.bed.gz.csi",
                "reports/mosdepth/test/test.md.per-base.d4",
                "reports/mosdepth/test/test.md.quantized.bed.gz",
                "reports/mosdepth/test/test.md.quantized.bed.gz.csi",
                "reports/mosdepth/test/test.md.region.dist.txt",
                "reports/mosdepth/test/test.md.regions.bed.gz",
                "reports/mosdepth/test/test.md.regions.bed.gz.csi",
                "reports/mosdepth/test/test.md.summary.txt",
                "reports/mosdepth/test/test.md.thresholds.bed.gz",
                "reports/mosdepth/test/test.md.thresholds.bed.gz.csi",
                "reports/mosdepth/test/test.recal.global.dist.txt",
                "reports/mosdepth/test/test.recal.per-base.bed.gz",
                "reports/mosdepth/test/test.recal.per-base.bed.gz.csi",
                "reports/mosdepth/test/test.recal.per-base.d4",
                "reports/mosdepth/test/test.recal.quantized.bed.gz",
                "reports/mosdepth/test/test.recal.quantized.bed.gz.csi",
                "reports/mosdepth/test/test.recal.region.dist.txt",
                "reports/mosdepth/test/test.recal.regions.bed.gz",
                "reports/mosdepth/test/test.recal.regions.bed.gz.csi",
                "reports/mosdepth/test/test.recal.summary.txt",
                "reports/mosdepth/test/test.recal.thresholds.bed.gz",
                "reports/mosdepth/test/test.recal.thresholds.bed.gz.csi",
                "reports/samtools",
                "reports/samtools/test",
                "reports/samtools/test/test.md.cram.stats",
                "reports/samtools/test/test.recal.cram.stats"
            ],
            [
                "test-test_L1.html:md5,d41d8cd98f00b204e9800998ecf8427e",
                "test-test_L1.zip:md5,d41d8cd98f00b204e9800998ecf8427e",
                "test-test_L2.html:md5,d41d8cd98f00b204e9800998ecf8427e",
                "test-test_L2.zip:md5,d41d8cd98f00b204e9800998ecf8427e",
                "test.md.global.dist.txt:md5,d41d8cd98f00b204e9800998ecf8427e",
                "test.md.per-base.bed.gz:md5,68b329da9893e34099c7d8ad5cb9c940",
                "test.md.per-base.bed.gz.csi:md5,d41d8cd98f00b204e9800998ecf8427e",
                "test.md.per-base.d4:md5,d41d8cd98f00b204e9800998ecf8427e",
                "test.md.quantized.bed.gz:md5,68b329da9893e34099c7d8ad5cb9c940",
                "test.md.quantized.bed.gz.csi:md5,d41d8cd98f00b204e9800998ecf8427e",
                "test.md.region.dist.txt:md5,d41d8cd98f00b204e9800998ecf8427e",
                "test.md.regions.bed.gz:md5,68b329da9893e34099c7d8ad5cb9c940",
                "test.md.regions.bed.gz.csi:md5,d41d8cd98f00b204e9800998ecf8427e",
                "test.md.summary.txt:md5,d41d8cd98f00b204e9800998ecf8427e",
                "test.md.thresholds.bed.gz:md5,68b329da9893e34099c7d8ad5cb9c940",
                "test.md.thresholds.bed.gz.csi:md5,d41d8cd98f00b204e9800998ecf8427e",
                "test.recal.global.dist.txt:md5,d41d8cd98f00b204e9800998ecf8427e",
                "test.recal.per-base.bed.gz:md5,68b329da9893e34099c7d8ad5cb9c940",
                "test.recal.per-base.bed.gz.csi:md5,d41d8cd98f00b204e9800998ecf8427e",
                "test.recal.per-base.d4:md5,d41d8cd98f00b204e9800998ecf8427e",
                "test.recal.quantized.bed.gz:md5,68b329da9893e34099c7d8ad5cb9c940",
                "test.recal.quantized.bed.gz.csi:md5,d41d8cd98f00b204e9800998ecf8427e",
                "test.recal.region.dist.txt:md5,d41d8cd98f00b204e9800998ecf8427e",
                "test.recal.regions.bed.gz:md5,68b329da9893e34099c7d8ad5cb9c940",
                "test.recal.regions.bed.gz.csi:md5,d41d8cd98f00b204e9800998ecf8427e",
                "test.recal.summary.txt:md5,d41d8cd98f00b204e9800998ecf8427e",
                "test.recal.thresholds.bed.gz:md5,68b329da9893e34099c7d8ad5cb9c940",
                "test.recal.thresholds.bed.gz.csi:md5,d41d8cd98f00b204e9800998ecf8427e"
            ],
            "No BAM files",
            [
                "test.cram:md5,d41d8cd98f00b204e9800998ecf8427e",
                "test.recal.cram:md5,d41d8cd98f00b204e9800998ecf8427e"
            ],
            "No VCF files"
        ],
        "meta": {
            "nf-test": "0.9.2",
            "nextflow": "25.04.0"
        },
        "timestamp": "2025-05-09T14:37:44.933144632"
    }
}