{
    "-profile test --tools sentieon_dedup --step markduplicates --input tests/csv/3.0/mapped_single_bam.csv": {
        "content": [
            13,
            {
                "CREATE_INTERVALS_BED": {
                    "gawk": "5.1.0"
                },
                "GATK4_APPLYBQSR": {
                    "gatk4": "4.6.1.0"
                },
                "GATK4_BASERECALIBRATOR": {
                    "gatk4": "4.6.1.0"
                },
                "GATK4_INTERVALLISTTOBED": {
                    "gatk4": "4.6.1.0"
                },
                "INDEX_CRAM": {
                    "samtools": 1.21
                },
                "MOSDEPTH": {
                    "mosdepth": "0.3.10"
                },
                "SAMTOOLS_STATS": {
                    "samtools": 1.21
                },
                "SENTIEON_DEDUP": {
                    "sentieon": 202503
                },
                "TABIX_BGZIPTABIX_INTERVAL_COMBINED": {
                    "tabix": 1.21
                },
                "TABIX_BGZIPTABIX_INTERVAL_SPLIT": {
                    "tabix": 1.21
                }
            },
            [
                "csv",
                "csv/markduplicates.csv",
                "csv/markduplicates_no_table.csv",
                "csv/recalibrated.csv",
                "multiqc",
                "multiqc/multiqc_data",
                "multiqc/multiqc_data/gatk-base-recalibrator-quality-scores-plot_Pre-recalibration_Count.txt",
                "multiqc/multiqc_data/gatk-base-recalibrator-quality-scores-plot_Pre-recalibration_Percent.txt",
                "multiqc/multiqc_data/gatk-base-recalibrator-reported-empirical-plot.txt",
                "multiqc/multiqc_data/gatk_base_recalibrator.txt",
                "multiqc/multiqc_data/mosdepth-coverage-per-contig-single.txt",
                "multiqc/multiqc_data/mosdepth-cumcoverage-dist-id.txt",
                "multiqc/multiqc_data/mosdepth_cov_dist.txt",
                "multiqc/multiqc_data/mosdepth_cumcov_dist.txt",
                "multiqc/multiqc_data/mosdepth_perchrom.txt",
                "multiqc/multiqc_data/multiqc.log",
                "multiqc/multiqc_data/multiqc_citations.txt",
                "multiqc/multiqc_data/multiqc_data.json",
                "multiqc/multiqc_data/multiqc_dedup_metrics.txt",
                "multiqc/multiqc_data/multiqc_general_stats.txt",
                "multiqc/multiqc_data/multiqc_picard_dups.txt",
                "multiqc/multiqc_data/multiqc_samtools_stats.txt",
                "multiqc/multiqc_data/multiqc_software_versions.txt",
                "multiqc/multiqc_data/multiqc_sources.txt",
                "multiqc/multiqc_data/picard_MarkIlluminaAdapters_histogram.txt",
                "multiqc/multiqc_data/picard_MeanQualityByCycle_histogram.txt",
                "multiqc/multiqc_data/picard_QualityScoreDistribution_histogram.txt",
                "multiqc/multiqc_data/picard_deduplication.txt",
                "multiqc/multiqc_data/samtools-stats-dp.txt",
                "multiqc/multiqc_data/samtools_alignment_plot.txt",
                "multiqc/multiqc_plots",
                "multiqc/multiqc_plots/pdf",
                "multiqc/multiqc_plots/pdf/dedup_metrics.pdf",
                "multiqc/multiqc_plots/pdf/gatk-base-recalibrator-quality-scores-plot_Pre-recalibration_Count.pdf",
                "multiqc/multiqc_plots/pdf/gatk-base-recalibrator-quality-scores-plot_Pre-recalibration_Percent.pdf",
                "multiqc/multiqc_plots/pdf/gatk-base-recalibrator-reported-empirical-plot.pdf",
                "multiqc/multiqc_plots/pdf/general_stats_table.pdf",
                "multiqc/multiqc_plots/pdf/mosdepth-coverage-per-contig-single-cnt.pdf",
                "multiqc/multiqc_plots/pdf/mosdepth-coverage-per-contig-single-pct.pdf",
                "multiqc/multiqc_plots/pdf/mosdepth-cumcoverage-dist-id.pdf",
                "multiqc/multiqc_plots/pdf/picard_deduplication-cnt.pdf",
                "multiqc/multiqc_plots/pdf/picard_deduplication-pct.pdf",
                "multiqc/multiqc_plots/pdf/samtools-stats-dp.pdf",
                "multiqc/multiqc_plots/pdf/samtools_alignment_plot-cnt.pdf",
                "multiqc/multiqc_plots/pdf/samtools_alignment_plot-pct.pdf",
                "multiqc/multiqc_plots/png",
                "multiqc/multiqc_plots/png/dedup_metrics.png",
                "multiqc/multiqc_plots/png/gatk-base-recalibrator-quality-scores-plot_Pre-recalibration_Count.png",
                "multiqc/multiqc_plots/png/gatk-base-recalibrator-quality-scores-plot_Pre-recalibration_Percent.png",
                "multiqc/multiqc_plots/png/gatk-base-recalibrator-reported-empirical-plot.png",
                "multiqc/multiqc_plots/png/general_stats_table.png",
                "multiqc/multiqc_plots/png/mosdepth-coverage-per-contig-single-cnt.png",
                "multiqc/multiqc_plots/png/mosdepth-coverage-per-contig-single-pct.png",
                "multiqc/multiqc_plots/png/mosdepth-cumcoverage-dist-id.png",
                "multiqc/multiqc_plots/png/picard_deduplication-cnt.png",
                "multiqc/multiqc_plots/png/picard_deduplication-pct.png",
                "multiqc/multiqc_plots/png/samtools-stats-dp.png",
                "multiqc/multiqc_plots/png/samtools_alignment_plot-cnt.png",
                "multiqc/multiqc_plots/png/samtools_alignment_plot-pct.png",
                "multiqc/multiqc_plots/svg",
                "multiqc/multiqc_plots/svg/dedup_metrics.svg",
                "multiqc/multiqc_plots/svg/gatk-base-recalibrator-quality-scores-plot_Pre-recalibration_Count.svg",
                "multiqc/multiqc_plots/svg/gatk-base-recalibrator-quality-scores-plot_Pre-recalibration_Percent.svg",
                "multiqc/multiqc_plots/svg/gatk-base-recalibrator-reported-empirical-plot.svg",
                "multiqc/multiqc_plots/svg/general_stats_table.svg",
                "multiqc/multiqc_plots/svg/mosdepth-coverage-per-contig-single-cnt.svg",
                "multiqc/multiqc_plots/svg/mosdepth-coverage-per-contig-single-pct.svg",
                "multiqc/multiqc_plots/svg/mosdepth-cumcoverage-dist-id.svg",
                "multiqc/multiqc_plots/svg/picard_deduplication-cnt.svg",
                "multiqc/multiqc_plots/svg/picard_deduplication-pct.svg",
                "multiqc/multiqc_plots/svg/samtools-stats-dp.svg",
                "multiqc/multiqc_plots/svg/samtools_alignment_plot-cnt.svg",
                "multiqc/multiqc_plots/svg/samtools_alignment_plot-pct.svg",
                "multiqc/multiqc_report.html",
                "pipeline_info",
                "pipeline_info/nf_core_sarek_software_mqc_versions.yml",
                "preprocessing",
                "preprocessing/recal_table",
                "preprocessing/recal_table/test",
                "preprocessing/recal_table/test/test.recal.table",
                "preprocessing/recalibrated",
                "preprocessing/recalibrated/test",
                "preprocessing/recalibrated/test/test.recal.cram",
                "preprocessing/recalibrated/test/test.recal.cram.crai",
                "preprocessing/sentieon_dedup",
                "preprocessing/sentieon_dedup/test",
                "preprocessing/sentieon_dedup/test/test.dedup.cram",
                "preprocessing/sentieon_dedup/test/test.dedup.cram.crai",
                "reference",
                "reports",
                "reports/mosdepth",
                "reports/mosdepth/test",
                "reports/mosdepth/test/test.dedup.mosdepth.global.dist.txt",
                "reports/mosdepth/test/test.dedup.mosdepth.region.dist.txt",
                "reports/mosdepth/test/test.dedup.mosdepth.summary.txt",
                "reports/mosdepth/test/test.dedup.regions.bed.gz",
                "reports/mosdepth/test/test.dedup.regions.bed.gz.csi",
                "reports/mosdepth/test/test.recal.mosdepth.global.dist.txt",
                "reports/mosdepth/test/test.recal.mosdepth.region.dist.txt",
                "reports/mosdepth/test/test.recal.mosdepth.summary.txt",
                "reports/mosdepth/test/test.recal.regions.bed.gz",
                "reports/mosdepth/test/test.recal.regions.bed.gz.csi",
                "reports/samtools",
                "reports/samtools/test",
                "reports/samtools/test/test.dedup.cram.stats",
                "reports/samtools/test/test.recal.cram.stats",
                "reports/sentieon_dedup",
                "reports/sentieon_dedup/test",
                "reports/sentieon_dedup/test/test.dedup.cram.metrics",
                "reports/sentieon_dedup/test/test.dedup.cram.metrics.multiqc.tsv"
            ],
            [
                "mosdepth-coverage-per-contig-single.txt:md5,2a082d53dcf3a854f46d5af6c931d134",
                "mosdepth-cumcoverage-dist-id.txt:md5,7e97a5d607e949529a7bc8e92c6c541e",
                "mosdepth_perchrom.txt:md5,2a082d53dcf3a854f46d5af6c931d134",
                "multiqc_citations.txt:md5,7d0b4b866fa577272c48a1f3ad72e75d",
                "multiqc_dedup_metrics.txt:md5,4756b5e5f80faca763179470951ef0f3",
                "picard_MarkIlluminaAdapters_histogram.txt:md5,d41d8cd98f00b204e9800998ecf8427e",
                "picard_MeanQualityByCycle_histogram.txt:md5,d41d8cd98f00b204e9800998ecf8427e",
                "picard_QualityScoreDistribution_histogram.txt:md5,d41d8cd98f00b204e9800998ecf8427e",
                "samtools-stats-dp.txt:md5,b20f475e03ef81a68b3dec99b7e6aae4",
                "samtools_alignment_plot.txt:md5,b693942009526869bd21cbc42d54f53c",
                "test.dedup.mosdepth.global.dist.txt:md5,8e875e20e3fb9cf288d68c1d223f6fd5",
                "test.dedup.mosdepth.region.dist.txt:md5,75e1ce7e55af51f4985fa91654a5ea2d",
                "test.dedup.mosdepth.summary.txt:md5,b23cf96942b2ada3f41172a9349a1175",
                "test.dedup.regions.bed.gz:md5,74cd0c779c7b3228adcf3b177333886a",
                "test.dedup.regions.bed.gz.csi:md5,0dc011f3344841dc14aa488da905e917",
                "test.recal.mosdepth.global.dist.txt:md5,8e875e20e3fb9cf288d68c1d223f6fd5",
                "test.recal.mosdepth.region.dist.txt:md5,75e1ce7e55af51f4985fa91654a5ea2d",
                "test.recal.mosdepth.summary.txt:md5,b23cf96942b2ada3f41172a9349a1175",
                "test.recal.regions.bed.gz:md5,74cd0c779c7b3228adcf3b177333886a",
                "test.recal.regions.bed.gz.csi:md5,0dc011f3344841dc14aa488da905e917",
                "test.dedup.cram.metrics:md5,d99864ac23e7b1b0aac2d5a1ad788c65",
                "test.dedup.cram.metrics.multiqc.tsv:md5,1fee305029fbbd84caaf98548096569b"
            ],
            "No BAM files",
            [
                "test.recal.cram:md5,463ac3b905fbf4ddf113a94dbfa8d69f",
                "test.dedup.cram:md5,2f11e4fe3390b8ad0a1852616fd1da04"
            ],
            "No VCF files"
        ],
        "meta": {
            "nf-test": "0.9.2",
            "nextflow": "25.04.2"
        },
        "timestamp": "2025-06-21T10:54:13.719485962"
    },
    "-profile test --tools sentieon_dedup --step markduplicates --input tests/csv/3.0/mapped_single_cram.csv --sentieon_consensus": {
        "content": [
            13,
            {
                "CREATE_INTERVALS_BED": {
                    "gawk": "5.1.0"
                },
                "GATK4_APPLYBQSR": {
                    "gatk4": "4.6.1.0"
                },
                "GATK4_BASERECALIBRATOR": {
                    "gatk4": "4.6.1.0"
                },
                "GATK4_INTERVALLISTTOBED": {
                    "gatk4": "4.6.1.0"
                },
                "INDEX_CRAM": {
                    "samtools": 1.21
                },
                "MOSDEPTH": {
                    "mosdepth": "0.3.10"
                },
                "SAMTOOLS_STATS": {
                    "samtools": 1.21
                },
                "SENTIEON_DEDUP": {
                    "sentieon": 202503
                },
                "TABIX_BGZIPTABIX_INTERVAL_COMBINED": {
                    "tabix": 1.21
                },
                "TABIX_BGZIPTABIX_INTERVAL_SPLIT": {
                    "tabix": 1.21
                }
            },
            [
                "csv",
                "csv/markduplicates.csv",
                "csv/markduplicates_no_table.csv",
                "csv/recalibrated.csv",
                "multiqc",
                "multiqc/multiqc_data",
                "multiqc/multiqc_data/gatk-base-recalibrator-quality-scores-plot_Pre-recalibration_Count.txt",
                "multiqc/multiqc_data/gatk-base-recalibrator-quality-scores-plot_Pre-recalibration_Percent.txt",
                "multiqc/multiqc_data/gatk-base-recalibrator-reported-empirical-plot.txt",
                "multiqc/multiqc_data/gatk_base_recalibrator.txt",
                "multiqc/multiqc_data/mosdepth-coverage-per-contig-single.txt",
                "multiqc/multiqc_data/mosdepth-cumcoverage-dist-id.txt",
                "multiqc/multiqc_data/mosdepth_cov_dist.txt",
                "multiqc/multiqc_data/mosdepth_cumcov_dist.txt",
                "multiqc/multiqc_data/mosdepth_perchrom.txt",
                "multiqc/multiqc_data/multiqc.log",
                "multiqc/multiqc_data/multiqc_citations.txt",
                "multiqc/multiqc_data/multiqc_data.json",
                "multiqc/multiqc_data/multiqc_dedup_metrics.txt",
                "multiqc/multiqc_data/multiqc_general_stats.txt",
                "multiqc/multiqc_data/multiqc_picard_dups.txt",
                "multiqc/multiqc_data/multiqc_samtools_stats.txt",
                "multiqc/multiqc_data/multiqc_software_versions.txt",
                "multiqc/multiqc_data/multiqc_sources.txt",
                "multiqc/multiqc_data/picard_MarkIlluminaAdapters_histogram.txt",
                "multiqc/multiqc_data/picard_MeanQualityByCycle_histogram.txt",
                "multiqc/multiqc_data/picard_QualityScoreDistribution_histogram.txt",
                "multiqc/multiqc_data/picard_deduplication.txt",
                "multiqc/multiqc_data/samtools-stats-dp.txt",
                "multiqc/multiqc_data/samtools_alignment_plot.txt",
                "multiqc/multiqc_plots",
                "multiqc/multiqc_plots/pdf",
                "multiqc/multiqc_plots/pdf/dedup_metrics.pdf",
                "multiqc/multiqc_plots/pdf/gatk-base-recalibrator-quality-scores-plot_Pre-recalibration_Count.pdf",
                "multiqc/multiqc_plots/pdf/gatk-base-recalibrator-quality-scores-plot_Pre-recalibration_Percent.pdf",
                "multiqc/multiqc_plots/pdf/gatk-base-recalibrator-reported-empirical-plot.pdf",
                "multiqc/multiqc_plots/pdf/general_stats_table.pdf",
                "multiqc/multiqc_plots/pdf/mosdepth-coverage-per-contig-single-cnt.pdf",
                "multiqc/multiqc_plots/pdf/mosdepth-coverage-per-contig-single-pct.pdf",
                "multiqc/multiqc_plots/pdf/mosdepth-cumcoverage-dist-id.pdf",
                "multiqc/multiqc_plots/pdf/picard_deduplication-cnt.pdf",
                "multiqc/multiqc_plots/pdf/picard_deduplication-pct.pdf",
                "multiqc/multiqc_plots/pdf/samtools-stats-dp.pdf",
                "multiqc/multiqc_plots/pdf/samtools_alignment_plot-cnt.pdf",
                "multiqc/multiqc_plots/pdf/samtools_alignment_plot-pct.pdf",
                "multiqc/multiqc_plots/png",
                "multiqc/multiqc_plots/png/dedup_metrics.png",
                "multiqc/multiqc_plots/png/gatk-base-recalibrator-quality-scores-plot_Pre-recalibration_Count.png",
                "multiqc/multiqc_plots/png/gatk-base-recalibrator-quality-scores-plot_Pre-recalibration_Percent.png",
                "multiqc/multiqc_plots/png/gatk-base-recalibrator-reported-empirical-plot.png",
                "multiqc/multiqc_plots/png/general_stats_table.png",
                "multiqc/multiqc_plots/png/mosdepth-coverage-per-contig-single-cnt.png",
                "multiqc/multiqc_plots/png/mosdepth-coverage-per-contig-single-pct.png",
                "multiqc/multiqc_plots/png/mosdepth-cumcoverage-dist-id.png",
                "multiqc/multiqc_plots/png/picard_deduplication-cnt.png",
                "multiqc/multiqc_plots/png/picard_deduplication-pct.png",
                "multiqc/multiqc_plots/png/samtools-stats-dp.png",
                "multiqc/multiqc_plots/png/samtools_alignment_plot-cnt.png",
                "multiqc/multiqc_plots/png/samtools_alignment_plot-pct.png",
                "multiqc/multiqc_plots/svg",
                "multiqc/multiqc_plots/svg/dedup_metrics.svg",
                "multiqc/multiqc_plots/svg/gatk-base-recalibrator-quality-scores-plot_Pre-recalibration_Count.svg",
                "multiqc/multiqc_plots/svg/gatk-base-recalibrator-quality-scores-plot_Pre-recalibration_Percent.svg",
                "multiqc/multiqc_plots/svg/gatk-base-recalibrator-reported-empirical-plot.svg",
                "multiqc/multiqc_plots/svg/general_stats_table.svg",
                "multiqc/multiqc_plots/svg/mosdepth-coverage-per-contig-single-cnt.svg",
                "multiqc/multiqc_plots/svg/mosdepth-coverage-per-contig-single-pct.svg",
                "multiqc/multiqc_plots/svg/mosdepth-cumcoverage-dist-id.svg",
                "multiqc/multiqc_plots/svg/picard_deduplication-cnt.svg",
                "multiqc/multiqc_plots/svg/picard_deduplication-pct.svg",
                "multiqc/multiqc_plots/svg/samtools-stats-dp.svg",
                "multiqc/multiqc_plots/svg/samtools_alignment_plot-cnt.svg",
                "multiqc/multiqc_plots/svg/samtools_alignment_plot-pct.svg",
                "multiqc/multiqc_report.html",
                "pipeline_info",
                "pipeline_info/nf_core_sarek_software_mqc_versions.yml",
                "preprocessing",
                "preprocessing/recal_table",
                "preprocessing/recal_table/test",
                "preprocessing/recal_table/test/test.recal.table",
                "preprocessing/recalibrated",
                "preprocessing/recalibrated/test",
                "preprocessing/recalibrated/test/test.recal.cram",
                "preprocessing/recalibrated/test/test.recal.cram.crai",
                "preprocessing/sentieon_dedup",
                "preprocessing/sentieon_dedup/test",
                "preprocessing/sentieon_dedup/test/test.dedup.cram",
                "preprocessing/sentieon_dedup/test/test.dedup.cram.crai",
                "reference",
                "reports",
                "reports/mosdepth",
                "reports/mosdepth/test",
                "reports/mosdepth/test/test.dedup.mosdepth.global.dist.txt",
                "reports/mosdepth/test/test.dedup.mosdepth.region.dist.txt",
                "reports/mosdepth/test/test.dedup.mosdepth.summary.txt",
                "reports/mosdepth/test/test.dedup.regions.bed.gz",
                "reports/mosdepth/test/test.dedup.regions.bed.gz.csi",
                "reports/mosdepth/test/test.recal.mosdepth.global.dist.txt",
                "reports/mosdepth/test/test.recal.mosdepth.region.dist.txt",
                "reports/mosdepth/test/test.recal.mosdepth.summary.txt",
                "reports/mosdepth/test/test.recal.regions.bed.gz",
                "reports/mosdepth/test/test.recal.regions.bed.gz.csi",
                "reports/samtools",
                "reports/samtools/test",
                "reports/samtools/test/test.dedup.cram.stats",
                "reports/samtools/test/test.recal.cram.stats",
                "reports/sentieon_dedup",
                "reports/sentieon_dedup/test",
                "reports/sentieon_dedup/test/test.dedup.cram.metrics",
                "reports/sentieon_dedup/test/test.dedup.cram.metrics.multiqc.tsv"
            ],
            [
                "mosdepth-coverage-per-contig-single.txt:md5,7aa9e9bbc9997fd415ec0bee7584aec2",
                "mosdepth-cumcoverage-dist-id.txt:md5,d50c2592adebfaa41581caf56deddcf4",
                "mosdepth_perchrom.txt:md5,7aa9e9bbc9997fd415ec0bee7584aec2",
                "multiqc_citations.txt:md5,7d0b4b866fa577272c48a1f3ad72e75d",
                "multiqc_dedup_metrics.txt:md5,39184426a647ce0e9a1c93082800baf8",
                "picard_MarkIlluminaAdapters_histogram.txt:md5,d41d8cd98f00b204e9800998ecf8427e",
                "picard_MeanQualityByCycle_histogram.txt:md5,d41d8cd98f00b204e9800998ecf8427e",
                "picard_QualityScoreDistribution_histogram.txt:md5,d41d8cd98f00b204e9800998ecf8427e",
                "samtools-stats-dp.txt:md5,b7a972304062dab47bf1ef592defa909",
                "samtools_alignment_plot.txt:md5,5c19e1b5d6980e773e9a182557ae20f8",
                "test.dedup.mosdepth.global.dist.txt:md5,cc38f46822141ac16b5025ac5d62d044",
                "test.dedup.mosdepth.region.dist.txt:md5,86b78626070a52dbe36d952b85814921",
                "test.dedup.mosdepth.summary.txt:md5,3cf3700ecd4ec08825ab33e8bcbc3206",
                "test.dedup.regions.bed.gz:md5,ba570a03993dbc155da2e5bf8e42f62e",
                "test.dedup.regions.bed.gz.csi:md5,10b7f8e9ac2ac27205f8bc827a186195",
                "test.recal.mosdepth.global.dist.txt:md5,cc38f46822141ac16b5025ac5d62d044",
                "test.recal.mosdepth.region.dist.txt:md5,86b78626070a52dbe36d952b85814921",
                "test.recal.mosdepth.summary.txt:md5,3cf3700ecd4ec08825ab33e8bcbc3206",
                "test.recal.regions.bed.gz:md5,ba570a03993dbc155da2e5bf8e42f62e",
                "test.recal.regions.bed.gz.csi:md5,10b7f8e9ac2ac27205f8bc827a186195",
                "test.dedup.cram.metrics:md5,c810146fc45f38c2331a304ad0032029",
                "test.dedup.cram.metrics.multiqc.tsv:md5,b8983fcbf33da2154187a6701c600bbc"
            ],
            "No BAM files",
            [
                "test.recal.cram:md5,4b6c484e29620bcf71dd9d00ea7b8fa6",
                "test.dedup.cram:md5,7b5a6380e09ad4da2a4b9a2e6bda2d1a"
            ],
            "No VCF files"
        ],
        "meta": {
            "nf-test": "0.9.2",
            "nextflow": "25.04.2"
        },
        "timestamp": "2025-08-07T08:34:18.96789776"
    },
    "-profile test --tools sentieon_dedup --step markduplicates --input tests/csv/3.0/mapped_single_cram.csv": {
        "content": [
            13,
            {
                "CREATE_INTERVALS_BED": {
                    "gawk": "5.1.0"
                },
                "GATK4_APPLYBQSR": {
                    "gatk4": "4.6.1.0"
                },
                "GATK4_BASERECALIBRATOR": {
                    "gatk4": "4.6.1.0"
                },
                "GATK4_INTERVALLISTTOBED": {
                    "gatk4": "4.6.1.0"
                },
                "INDEX_CRAM": {
                    "samtools": 1.21
                },
                "MOSDEPTH": {
                    "mosdepth": "0.3.10"
                },
                "SAMTOOLS_STATS": {
                    "samtools": 1.21
                },
                "SENTIEON_DEDUP": {
                    "sentieon": 202503
                },
                "TABIX_BGZIPTABIX_INTERVAL_COMBINED": {
                    "tabix": 1.21
                },
                "TABIX_BGZIPTABIX_INTERVAL_SPLIT": {
                    "tabix": 1.21
                }
            },
            [
                "csv",
                "csv/markduplicates.csv",
                "csv/markduplicates_no_table.csv",
                "csv/recalibrated.csv",
                "multiqc",
                "multiqc/multiqc_data",
                "multiqc/multiqc_data/gatk-base-recalibrator-quality-scores-plot_Pre-recalibration_Count.txt",
                "multiqc/multiqc_data/gatk-base-recalibrator-quality-scores-plot_Pre-recalibration_Percent.txt",
                "multiqc/multiqc_data/gatk-base-recalibrator-reported-empirical-plot.txt",
                "multiqc/multiqc_data/gatk_base_recalibrator.txt",
                "multiqc/multiqc_data/mosdepth-coverage-per-contig-single.txt",
                "multiqc/multiqc_data/mosdepth-cumcoverage-dist-id.txt",
                "multiqc/multiqc_data/mosdepth_cov_dist.txt",
                "multiqc/multiqc_data/mosdepth_cumcov_dist.txt",
                "multiqc/multiqc_data/mosdepth_perchrom.txt",
                "multiqc/multiqc_data/multiqc.log",
                "multiqc/multiqc_data/multiqc_citations.txt",
                "multiqc/multiqc_data/multiqc_data.json",
                "multiqc/multiqc_data/multiqc_dedup_metrics.txt",
                "multiqc/multiqc_data/multiqc_general_stats.txt",
                "multiqc/multiqc_data/multiqc_picard_dups.txt",
                "multiqc/multiqc_data/multiqc_samtools_stats.txt",
                "multiqc/multiqc_data/multiqc_software_versions.txt",
                "multiqc/multiqc_data/multiqc_sources.txt",
                "multiqc/multiqc_data/picard_MarkIlluminaAdapters_histogram.txt",
                "multiqc/multiqc_data/picard_MeanQualityByCycle_histogram.txt",
                "multiqc/multiqc_data/picard_QualityScoreDistribution_histogram.txt",
                "multiqc/multiqc_data/picard_deduplication.txt",
                "multiqc/multiqc_data/samtools-stats-dp.txt",
                "multiqc/multiqc_data/samtools_alignment_plot.txt",
                "multiqc/multiqc_plots",
                "multiqc/multiqc_plots/pdf",
                "multiqc/multiqc_plots/pdf/dedup_metrics.pdf",
                "multiqc/multiqc_plots/pdf/gatk-base-recalibrator-quality-scores-plot_Pre-recalibration_Count.pdf",
                "multiqc/multiqc_plots/pdf/gatk-base-recalibrator-quality-scores-plot_Pre-recalibration_Percent.pdf",
                "multiqc/multiqc_plots/pdf/gatk-base-recalibrator-reported-empirical-plot.pdf",
                "multiqc/multiqc_plots/pdf/general_stats_table.pdf",
                "multiqc/multiqc_plots/pdf/mosdepth-coverage-per-contig-single-cnt.pdf",
                "multiqc/multiqc_plots/pdf/mosdepth-coverage-per-contig-single-pct.pdf",
                "multiqc/multiqc_plots/pdf/mosdepth-cumcoverage-dist-id.pdf",
                "multiqc/multiqc_plots/pdf/picard_deduplication-cnt.pdf",
                "multiqc/multiqc_plots/pdf/picard_deduplication-pct.pdf",
                "multiqc/multiqc_plots/pdf/samtools-stats-dp.pdf",
                "multiqc/multiqc_plots/pdf/samtools_alignment_plot-cnt.pdf",
                "multiqc/multiqc_plots/pdf/samtools_alignment_plot-pct.pdf",
                "multiqc/multiqc_plots/png",
                "multiqc/multiqc_plots/png/dedup_metrics.png",
                "multiqc/multiqc_plots/png/gatk-base-recalibrator-quality-scores-plot_Pre-recalibration_Count.png",
                "multiqc/multiqc_plots/png/gatk-base-recalibrator-quality-scores-plot_Pre-recalibration_Percent.png",
                "multiqc/multiqc_plots/png/gatk-base-recalibrator-reported-empirical-plot.png",
                "multiqc/multiqc_plots/png/general_stats_table.png",
                "multiqc/multiqc_plots/png/mosdepth-coverage-per-contig-single-cnt.png",
                "multiqc/multiqc_plots/png/mosdepth-coverage-per-contig-single-pct.png",
                "multiqc/multiqc_plots/png/mosdepth-cumcoverage-dist-id.png",
                "multiqc/multiqc_plots/png/picard_deduplication-cnt.png",
                "multiqc/multiqc_plots/png/picard_deduplication-pct.png",
                "multiqc/multiqc_plots/png/samtools-stats-dp.png",
                "multiqc/multiqc_plots/png/samtools_alignment_plot-cnt.png",
                "multiqc/multiqc_plots/png/samtools_alignment_plot-pct.png",
                "multiqc/multiqc_plots/svg",
                "multiqc/multiqc_plots/svg/dedup_metrics.svg",
                "multiqc/multiqc_plots/svg/gatk-base-recalibrator-quality-scores-plot_Pre-recalibration_Count.svg",
                "multiqc/multiqc_plots/svg/gatk-base-recalibrator-quality-scores-plot_Pre-recalibration_Percent.svg",
                "multiqc/multiqc_plots/svg/gatk-base-recalibrator-reported-empirical-plot.svg",
                "multiqc/multiqc_plots/svg/general_stats_table.svg",
                "multiqc/multiqc_plots/svg/mosdepth-coverage-per-contig-single-cnt.svg",
                "multiqc/multiqc_plots/svg/mosdepth-coverage-per-contig-single-pct.svg",
                "multiqc/multiqc_plots/svg/mosdepth-cumcoverage-dist-id.svg",
                "multiqc/multiqc_plots/svg/picard_deduplication-cnt.svg",
                "multiqc/multiqc_plots/svg/picard_deduplication-pct.svg",
                "multiqc/multiqc_plots/svg/samtools-stats-dp.svg",
                "multiqc/multiqc_plots/svg/samtools_alignment_plot-cnt.svg",
                "multiqc/multiqc_plots/svg/samtools_alignment_plot-pct.svg",
                "multiqc/multiqc_report.html",
                "pipeline_info",
                "pipeline_info/nf_core_sarek_software_mqc_versions.yml",
                "preprocessing",
                "preprocessing/recal_table",
                "preprocessing/recal_table/test",
                "preprocessing/recal_table/test/test.recal.table",
                "preprocessing/recalibrated",
                "preprocessing/recalibrated/test",
                "preprocessing/recalibrated/test/test.recal.cram",
                "preprocessing/recalibrated/test/test.recal.cram.crai",
                "preprocessing/sentieon_dedup",
                "preprocessing/sentieon_dedup/test",
                "preprocessing/sentieon_dedup/test/test.dedup.cram",
                "preprocessing/sentieon_dedup/test/test.dedup.cram.crai",
                "reference",
                "reports",
                "reports/mosdepth",
                "reports/mosdepth/test",
                "reports/mosdepth/test/test.dedup.mosdepth.global.dist.txt",
                "reports/mosdepth/test/test.dedup.mosdepth.region.dist.txt",
                "reports/mosdepth/test/test.dedup.mosdepth.summary.txt",
                "reports/mosdepth/test/test.dedup.regions.bed.gz",
                "reports/mosdepth/test/test.dedup.regions.bed.gz.csi",
                "reports/mosdepth/test/test.recal.mosdepth.global.dist.txt",
                "reports/mosdepth/test/test.recal.mosdepth.region.dist.txt",
                "reports/mosdepth/test/test.recal.mosdepth.summary.txt",
                "reports/mosdepth/test/test.recal.regions.bed.gz",
                "reports/mosdepth/test/test.recal.regions.bed.gz.csi",
                "reports/samtools",
                "reports/samtools/test",
                "reports/samtools/test/test.dedup.cram.stats",
                "reports/samtools/test/test.recal.cram.stats",
                "reports/sentieon_dedup",
                "reports/sentieon_dedup/test",
                "reports/sentieon_dedup/test/test.dedup.cram.metrics",
                "reports/sentieon_dedup/test/test.dedup.cram.metrics.multiqc.tsv"
            ],
            [
                "mosdepth-coverage-per-contig-single.txt:md5,2a082d53dcf3a854f46d5af6c931d134",
                "mosdepth-cumcoverage-dist-id.txt:md5,7e97a5d607e949529a7bc8e92c6c541e",
                "mosdepth_perchrom.txt:md5,2a082d53dcf3a854f46d5af6c931d134",
                "multiqc_citations.txt:md5,7d0b4b866fa577272c48a1f3ad72e75d",
                "multiqc_dedup_metrics.txt:md5,4756b5e5f80faca763179470951ef0f3",
                "picard_MarkIlluminaAdapters_histogram.txt:md5,d41d8cd98f00b204e9800998ecf8427e",
                "picard_MeanQualityByCycle_histogram.txt:md5,d41d8cd98f00b204e9800998ecf8427e",
                "picard_QualityScoreDistribution_histogram.txt:md5,d41d8cd98f00b204e9800998ecf8427e",
                "samtools-stats-dp.txt:md5,b20f475e03ef81a68b3dec99b7e6aae4",
                "samtools_alignment_plot.txt:md5,b693942009526869bd21cbc42d54f53c",
                "test.dedup.mosdepth.global.dist.txt:md5,8e875e20e3fb9cf288d68c1d223f6fd5",
                "test.dedup.mosdepth.region.dist.txt:md5,75e1ce7e55af51f4985fa91654a5ea2d",
                "test.dedup.mosdepth.summary.txt:md5,b23cf96942b2ada3f41172a9349a1175",
                "test.dedup.regions.bed.gz:md5,74cd0c779c7b3228adcf3b177333886a",
                "test.dedup.regions.bed.gz.csi:md5,0dc011f3344841dc14aa488da905e917",
                "test.recal.mosdepth.global.dist.txt:md5,8e875e20e3fb9cf288d68c1d223f6fd5",
                "test.recal.mosdepth.region.dist.txt:md5,75e1ce7e55af51f4985fa91654a5ea2d",
                "test.recal.mosdepth.summary.txt:md5,b23cf96942b2ada3f41172a9349a1175",
                "test.recal.regions.bed.gz:md5,74cd0c779c7b3228adcf3b177333886a",
                "test.recal.regions.bed.gz.csi:md5,0dc011f3344841dc14aa488da905e917",
                "test.dedup.cram.metrics:md5,d12cc3b5de3622957d1bee3dc05a5cee",
                "test.dedup.cram.metrics.multiqc.tsv:md5,74df489b95883c9f49ec48b22f8db033"
            ],
            "No BAM files",
            [
                "test.recal.cram:md5,463ac3b905fbf4ddf113a94dbfa8d69f",
                "test.dedup.cram:md5,2f11e4fe3390b8ad0a1852616fd1da04"
            ],
            "No VCF files"
        ],
        "meta": {
            "nf-test": "0.9.2",
            "nextflow": "25.04.2"
        },
        "timestamp": "2025-06-21T11:05:41.448189865"
    },
    "-profile test --tools sentieon_dedup --step markduplicates --input tests/csv/3.0/bam_umi_header.csv --sentieon_consensus --umi_in_read_header": {
        "content": [
            14,
            {
                "CREATE_INTERVALS_BED": {
                    "gawk": "5.1.0"
                },
                "FGBIO_COPYUMIFROMREADNAME": {
                    "fgbio": "2.4.0"
                },
                "GATK4_APPLYBQSR": {
                    "gatk4": "4.6.1.0"
                },
                "GATK4_BASERECALIBRATOR": {
                    "gatk4": "4.6.1.0"
                },
                "GATK4_INTERVALLISTTOBED": {
                    "gatk4": "4.6.1.0"
                },
                "INDEX_CRAM": {
                    "samtools": 1.21
                },
                "MOSDEPTH": {
                    "mosdepth": "0.3.10"
                },
                "SAMTOOLS_STATS": {
                    "samtools": 1.21
                },
                "SENTIEON_DEDUP": {
                    "sentieon": 202503
                },
                "TABIX_BGZIPTABIX_INTERVAL_COMBINED": {
                    "tabix": 1.21
                },
                "TABIX_BGZIPTABIX_INTERVAL_SPLIT": {
                    "tabix": 1.21
                }
            },
            [
                "csv",
                "csv/markduplicates.csv",
                "csv/markduplicates_no_table.csv",
                "csv/recalibrated.csv",
                "fgbio",
                "fgbio/test-1_umi_extracted.bai",
                "fgbio/test-1_umi_extracted.bam",
                "multiqc",
                "multiqc/multiqc_data",
                "multiqc/multiqc_data/gatk-base-recalibrator-quality-scores-plot_Pre-recalibration_Count.txt",
                "multiqc/multiqc_data/gatk-base-recalibrator-quality-scores-plot_Pre-recalibration_Percent.txt",
                "multiqc/multiqc_data/gatk-base-recalibrator-reported-empirical-plot.txt",
                "multiqc/multiqc_data/gatk_base_recalibrator.txt",
                "multiqc/multiqc_data/mosdepth-coverage-per-contig-single.txt",
                "multiqc/multiqc_data/mosdepth-cumcoverage-dist-id.txt",
                "multiqc/multiqc_data/mosdepth_cov_dist.txt",
                "multiqc/multiqc_data/mosdepth_cumcov_dist.txt",
                "multiqc/multiqc_data/mosdepth_perchrom.txt",
                "multiqc/multiqc_data/multiqc.log",
                "multiqc/multiqc_data/multiqc_citations.txt",
                "multiqc/multiqc_data/multiqc_data.json",
                "multiqc/multiqc_data/multiqc_dedup_metrics.txt",
                "multiqc/multiqc_data/multiqc_general_stats.txt",
                "multiqc/multiqc_data/multiqc_picard_dups.txt",
                "multiqc/multiqc_data/multiqc_samtools_stats.txt",
                "multiqc/multiqc_data/multiqc_software_versions.txt",
                "multiqc/multiqc_data/multiqc_sources.txt",
                "multiqc/multiqc_data/picard_MarkIlluminaAdapters_histogram.txt",
                "multiqc/multiqc_data/picard_MeanQualityByCycle_histogram.txt",
                "multiqc/multiqc_data/picard_QualityScoreDistribution_histogram.txt",
                "multiqc/multiqc_data/picard_deduplication.txt",
                "multiqc/multiqc_data/samtools-stats-dp.txt",
                "multiqc/multiqc_data/samtools_alignment_plot.txt",
                "multiqc/multiqc_plots",
                "multiqc/multiqc_plots/pdf",
                "multiqc/multiqc_plots/pdf/dedup_metrics.pdf",
                "multiqc/multiqc_plots/pdf/gatk-base-recalibrator-quality-scores-plot_Pre-recalibration_Count.pdf",
                "multiqc/multiqc_plots/pdf/gatk-base-recalibrator-quality-scores-plot_Pre-recalibration_Percent.pdf",
                "multiqc/multiqc_plots/pdf/gatk-base-recalibrator-reported-empirical-plot.pdf",
                "multiqc/multiqc_plots/pdf/general_stats_table.pdf",
                "multiqc/multiqc_plots/pdf/mosdepth-coverage-per-contig-single-cnt.pdf",
                "multiqc/multiqc_plots/pdf/mosdepth-coverage-per-contig-single-pct.pdf",
                "multiqc/multiqc_plots/pdf/mosdepth-cumcoverage-dist-id.pdf",
                "multiqc/multiqc_plots/pdf/picard_deduplication-cnt.pdf",
                "multiqc/multiqc_plots/pdf/picard_deduplication-pct.pdf",
                "multiqc/multiqc_plots/pdf/samtools-stats-dp.pdf",
                "multiqc/multiqc_plots/pdf/samtools_alignment_plot-cnt.pdf",
                "multiqc/multiqc_plots/pdf/samtools_alignment_plot-pct.pdf",
                "multiqc/multiqc_plots/png",
                "multiqc/multiqc_plots/png/dedup_metrics.png",
                "multiqc/multiqc_plots/png/gatk-base-recalibrator-quality-scores-plot_Pre-recalibration_Count.png",
                "multiqc/multiqc_plots/png/gatk-base-recalibrator-quality-scores-plot_Pre-recalibration_Percent.png",
                "multiqc/multiqc_plots/png/gatk-base-recalibrator-reported-empirical-plot.png",
                "multiqc/multiqc_plots/png/general_stats_table.png",
                "multiqc/multiqc_plots/png/mosdepth-coverage-per-contig-single-cnt.png",
                "multiqc/multiqc_plots/png/mosdepth-coverage-per-contig-single-pct.png",
                "multiqc/multiqc_plots/png/mosdepth-cumcoverage-dist-id.png",
                "multiqc/multiqc_plots/png/picard_deduplication-cnt.png",
                "multiqc/multiqc_plots/png/picard_deduplication-pct.png",
                "multiqc/multiqc_plots/png/samtools-stats-dp.png",
                "multiqc/multiqc_plots/png/samtools_alignment_plot-cnt.png",
                "multiqc/multiqc_plots/png/samtools_alignment_plot-pct.png",
                "multiqc/multiqc_plots/svg",
                "multiqc/multiqc_plots/svg/dedup_metrics.svg",
                "multiqc/multiqc_plots/svg/gatk-base-recalibrator-quality-scores-plot_Pre-recalibration_Count.svg",
                "multiqc/multiqc_plots/svg/gatk-base-recalibrator-quality-scores-plot_Pre-recalibration_Percent.svg",
                "multiqc/multiqc_plots/svg/gatk-base-recalibrator-reported-empirical-plot.svg",
                "multiqc/multiqc_plots/svg/general_stats_table.svg",
                "multiqc/multiqc_plots/svg/mosdepth-coverage-per-contig-single-cnt.svg",
                "multiqc/multiqc_plots/svg/mosdepth-coverage-per-contig-single-pct.svg",
                "multiqc/multiqc_plots/svg/mosdepth-cumcoverage-dist-id.svg",
                "multiqc/multiqc_plots/svg/picard_deduplication-cnt.svg",
                "multiqc/multiqc_plots/svg/picard_deduplication-pct.svg",
                "multiqc/multiqc_plots/svg/samtools-stats-dp.svg",
                "multiqc/multiqc_plots/svg/samtools_alignment_plot-cnt.svg",
                "multiqc/multiqc_plots/svg/samtools_alignment_plot-pct.svg",
                "multiqc/multiqc_report.html",
                "pipeline_info",
                "pipeline_info/nf_core_sarek_software_mqc_versions.yml",
                "preprocessing",
                "preprocessing/recal_table",
                "preprocessing/recal_table/test-1",
                "preprocessing/recal_table/test-1/test-1.recal.table",
                "preprocessing/recalibrated",
                "preprocessing/recalibrated/test-1",
                "preprocessing/recalibrated/test-1/test-1.recal.cram",
                "preprocessing/recalibrated/test-1/test-1.recal.cram.crai",
                "preprocessing/sentieon_consensus",
                "preprocessing/sentieon_consensus/test-1",
                "preprocessing/sentieon_consensus/test-1/test-1.consensus.cram",
                "preprocessing/sentieon_consensus/test-1/test-1.consensus.cram.crai",
                "reference",
                "reports",
                "reports/mosdepth",
                "reports/mosdepth/test-1",
                "reports/mosdepth/test-1/test-1.dedup.mosdepth.global.dist.txt",
                "reports/mosdepth/test-1/test-1.dedup.mosdepth.region.dist.txt",
                "reports/mosdepth/test-1/test-1.dedup.mosdepth.summary.txt",
                "reports/mosdepth/test-1/test-1.dedup.regions.bed.gz",
                "reports/mosdepth/test-1/test-1.dedup.regions.bed.gz.csi",
                "reports/mosdepth/test-1/test-1.recal.mosdepth.global.dist.txt",
                "reports/mosdepth/test-1/test-1.recal.mosdepth.region.dist.txt",
                "reports/mosdepth/test-1/test-1.recal.mosdepth.summary.txt",
                "reports/mosdepth/test-1/test-1.recal.regions.bed.gz",
                "reports/mosdepth/test-1/test-1.recal.regions.bed.gz.csi",
                "reports/samtools",
                "reports/samtools/test-1",
                "reports/samtools/test-1/test-1.dedup.cram.stats",
                "reports/samtools/test-1/test-1.recal.cram.stats",
                "reports/sentieon_dedup",
                "reports/sentieon_dedup/test-1",
                "reports/sentieon_dedup/test-1/test-1.consensus.cram.metrics",
                "reports/sentieon_dedup/test-1/test-1.consensus.cram.metrics.multiqc.tsv"
            ],
            [
                "test-1_umi_extracted.bai:md5,54cd6c61e145196643b502eadcc2bc0b",
                "test-1_umi_extracted.bam:md5,2da4c2b75298daabb2a729944348fbb8",
                "mosdepth-coverage-per-contig-single.txt:md5,1760ee9a81f1a0818d182c0bf991468b",
                "mosdepth-cumcoverage-dist-id.txt:md5,0d6aa30c2cf9455308575852eb133f1a",
                "mosdepth_perchrom.txt:md5,1760ee9a81f1a0818d182c0bf991468b",
                "multiqc_citations.txt:md5,7d0b4b866fa577272c48a1f3ad72e75d",
                "multiqc_dedup_metrics.txt:md5,b2aea3c46773a3422dcf98ab6a8a31a1",
                "picard_MarkIlluminaAdapters_histogram.txt:md5,d41d8cd98f00b204e9800998ecf8427e",
                "picard_MeanQualityByCycle_histogram.txt:md5,d41d8cd98f00b204e9800998ecf8427e",
                "picard_QualityScoreDistribution_histogram.txt:md5,d41d8cd98f00b204e9800998ecf8427e",
                "samtools-stats-dp.txt:md5,c1365fe27b45dc21b2ff8b1e1325768b",
                "samtools_alignment_plot.txt:md5,2d216035aea52aa9898e293c33acd8cf",
                "test-1.dedup.mosdepth.global.dist.txt:md5,822c1f9c009f5436fefcfc9f5f7e6ee7",
                "test-1.dedup.mosdepth.region.dist.txt:md5,1395b75e88a291268b96ec38f63c033e",
                "test-1.dedup.mosdepth.summary.txt:md5,17f1b050f76ba0bfc96cbd045b627cd4",
                "test-1.dedup.regions.bed.gz:md5,175dba70847fa0f2e5a44a014fa91027",
                "test-1.dedup.regions.bed.gz.csi:md5,b3716e5cd1744610e69c29bd4ffad259",
                "test-1.recal.mosdepth.global.dist.txt:md5,822c1f9c009f5436fefcfc9f5f7e6ee7",
                "test-1.recal.mosdepth.region.dist.txt:md5,1395b75e88a291268b96ec38f63c033e",
                "test-1.recal.mosdepth.summary.txt:md5,17f1b050f76ba0bfc96cbd045b627cd4",
                "test-1.recal.regions.bed.gz:md5,175dba70847fa0f2e5a44a014fa91027",
                "test-1.recal.regions.bed.gz.csi:md5,b3716e5cd1744610e69c29bd4ffad259",
                "test-1.consensus.cram.metrics:md5,7e37920e31e83b48c9986ce77e183f78",
                "test-1.consensus.cram.metrics.multiqc.tsv:md5,022e965f83a73c581a005e6dad8a1780"
            ],
            [
                "test-1_umi_extracted.bam:md5,1dd9ef98ff12ff54d1017fb73a6e11a4"
            ],
            [
                "test-1.recal.cram:md5,aa729f5aa32977f1714c0ba24f3aa1eb",
                "test-1.consensus.cram:md5,aa729f5aa32977f1714c0ba24f3aa1eb"
            ],
            "No VCF files"
        ],
        "meta": {
            "nf-test": "0.9.2",
            "nextflow": "25.04.2"
        },
        "timestamp": "2025-08-07T10:02:59.890789871"
    },
    "-profile test --tools sentieon_dedup --step markduplicates --input tests/csv/3.0/bam_umi_header.csv --umi_in_read_header": {
        "content": [
            14,
            {
                "CREATE_INTERVALS_BED": {
                    "gawk": "5.1.0"
                },
                "FGBIO_COPYUMIFROMREADNAME": {
                    "fgbio": "2.4.0"
                },
                "GATK4_APPLYBQSR": {
                    "gatk4": "4.6.1.0"
                },
                "GATK4_BASERECALIBRATOR": {
                    "gatk4": "4.6.1.0"
                },
                "GATK4_INTERVALLISTTOBED": {
                    "gatk4": "4.6.1.0"
                },
                "INDEX_CRAM": {
                    "samtools": 1.21
                },
                "MOSDEPTH": {
                    "mosdepth": "0.3.10"
                },
                "SAMTOOLS_STATS": {
                    "samtools": 1.21
                },
                "SENTIEON_DEDUP": {
                    "sentieon": 202503
                },
                "TABIX_BGZIPTABIX_INTERVAL_COMBINED": {
                    "tabix": 1.21
                },
                "TABIX_BGZIPTABIX_INTERVAL_SPLIT": {
                    "tabix": 1.21
                }
            },
            [
                "csv",
                "csv/markduplicates.csv",
                "csv/markduplicates_no_table.csv",
                "csv/recalibrated.csv",
                "fgbio",
                "fgbio/test-1_umi_extracted.bai",
                "fgbio/test-1_umi_extracted.bam",
                "multiqc",
                "multiqc/multiqc_data",
                "multiqc/multiqc_data/gatk-base-recalibrator-quality-scores-plot_Pre-recalibration_Count.txt",
                "multiqc/multiqc_data/gatk-base-recalibrator-quality-scores-plot_Pre-recalibration_Percent.txt",
                "multiqc/multiqc_data/gatk-base-recalibrator-reported-empirical-plot.txt",
                "multiqc/multiqc_data/gatk_base_recalibrator.txt",
                "multiqc/multiqc_data/mosdepth-coverage-per-contig-single.txt",
                "multiqc/multiqc_data/mosdepth-cumcoverage-dist-id.txt",
                "multiqc/multiqc_data/mosdepth_cov_dist.txt",
                "multiqc/multiqc_data/mosdepth_cumcov_dist.txt",
                "multiqc/multiqc_data/mosdepth_perchrom.txt",
                "multiqc/multiqc_data/multiqc.log",
                "multiqc/multiqc_data/multiqc_citations.txt",
                "multiqc/multiqc_data/multiqc_data.json",
                "multiqc/multiqc_data/multiqc_dedup_metrics.txt",
                "multiqc/multiqc_data/multiqc_general_stats.txt",
                "multiqc/multiqc_data/multiqc_picard_dups.txt",
                "multiqc/multiqc_data/multiqc_samtools_stats.txt",
                "multiqc/multiqc_data/multiqc_software_versions.txt",
                "multiqc/multiqc_data/multiqc_sources.txt",
                "multiqc/multiqc_data/picard_MarkIlluminaAdapters_histogram.txt",
                "multiqc/multiqc_data/picard_MeanQualityByCycle_histogram.txt",
                "multiqc/multiqc_data/picard_QualityScoreDistribution_histogram.txt",
                "multiqc/multiqc_data/picard_deduplication.txt",
                "multiqc/multiqc_data/samtools-stats-dp.txt",
                "multiqc/multiqc_data/samtools_alignment_plot.txt",
                "multiqc/multiqc_plots",
                "multiqc/multiqc_plots/pdf",
                "multiqc/multiqc_plots/pdf/dedup_metrics.pdf",
                "multiqc/multiqc_plots/pdf/gatk-base-recalibrator-quality-scores-plot_Pre-recalibration_Count.pdf",
                "multiqc/multiqc_plots/pdf/gatk-base-recalibrator-quality-scores-plot_Pre-recalibration_Percent.pdf",
                "multiqc/multiqc_plots/pdf/gatk-base-recalibrator-reported-empirical-plot.pdf",
                "multiqc/multiqc_plots/pdf/general_stats_table.pdf",
                "multiqc/multiqc_plots/pdf/mosdepth-coverage-per-contig-single-cnt.pdf",
                "multiqc/multiqc_plots/pdf/mosdepth-coverage-per-contig-single-pct.pdf",
                "multiqc/multiqc_plots/pdf/mosdepth-cumcoverage-dist-id.pdf",
                "multiqc/multiqc_plots/pdf/picard_deduplication-cnt.pdf",
                "multiqc/multiqc_plots/pdf/picard_deduplication-pct.pdf",
                "multiqc/multiqc_plots/pdf/samtools-stats-dp.pdf",
                "multiqc/multiqc_plots/pdf/samtools_alignment_plot-cnt.pdf",
                "multiqc/multiqc_plots/pdf/samtools_alignment_plot-pct.pdf",
                "multiqc/multiqc_plots/png",
                "multiqc/multiqc_plots/png/dedup_metrics.png",
                "multiqc/multiqc_plots/png/gatk-base-recalibrator-quality-scores-plot_Pre-recalibration_Count.png",
                "multiqc/multiqc_plots/png/gatk-base-recalibrator-quality-scores-plot_Pre-recalibration_Percent.png",
                "multiqc/multiqc_plots/png/gatk-base-recalibrator-reported-empirical-plot.png",
                "multiqc/multiqc_plots/png/general_stats_table.png",
                "multiqc/multiqc_plots/png/mosdepth-coverage-per-contig-single-cnt.png",
                "multiqc/multiqc_plots/png/mosdepth-coverage-per-contig-single-pct.png",
                "multiqc/multiqc_plots/png/mosdepth-cumcoverage-dist-id.png",
                "multiqc/multiqc_plots/png/picard_deduplication-cnt.png",
                "multiqc/multiqc_plots/png/picard_deduplication-pct.png",
                "multiqc/multiqc_plots/png/samtools-stats-dp.png",
                "multiqc/multiqc_plots/png/samtools_alignment_plot-cnt.png",
                "multiqc/multiqc_plots/png/samtools_alignment_plot-pct.png",
                "multiqc/multiqc_plots/svg",
                "multiqc/multiqc_plots/svg/dedup_metrics.svg",
                "multiqc/multiqc_plots/svg/gatk-base-recalibrator-quality-scores-plot_Pre-recalibration_Count.svg",
                "multiqc/multiqc_plots/svg/gatk-base-recalibrator-quality-scores-plot_Pre-recalibration_Percent.svg",
                "multiqc/multiqc_plots/svg/gatk-base-recalibrator-reported-empirical-plot.svg",
                "multiqc/multiqc_plots/svg/general_stats_table.svg",
                "multiqc/multiqc_plots/svg/mosdepth-coverage-per-contig-single-cnt.svg",
                "multiqc/multiqc_plots/svg/mosdepth-coverage-per-contig-single-pct.svg",
                "multiqc/multiqc_plots/svg/mosdepth-cumcoverage-dist-id.svg",
                "multiqc/multiqc_plots/svg/picard_deduplication-cnt.svg",
                "multiqc/multiqc_plots/svg/picard_deduplication-pct.svg",
                "multiqc/multiqc_plots/svg/samtools-stats-dp.svg",
                "multiqc/multiqc_plots/svg/samtools_alignment_plot-cnt.svg",
                "multiqc/multiqc_plots/svg/samtools_alignment_plot-pct.svg",
                "multiqc/multiqc_report.html",
                "pipeline_info",
                "pipeline_info/nf_core_sarek_software_mqc_versions.yml",
                "preprocessing",
                "preprocessing/recal_table",
                "preprocessing/recal_table/test-1",
                "preprocessing/recal_table/test-1/test-1.recal.table",
                "preprocessing/recalibrated",
                "preprocessing/recalibrated/test-1",
                "preprocessing/recalibrated/test-1/test-1.recal.cram",
                "preprocessing/recalibrated/test-1/test-1.recal.cram.crai",
                "preprocessing/sentieon_dedup",
                "preprocessing/sentieon_dedup/test-1",
                "preprocessing/sentieon_dedup/test-1/test-1.dedup.cram",
                "preprocessing/sentieon_dedup/test-1/test-1.dedup.cram.crai",
                "reference",
                "reports",
                "reports/mosdepth",
                "reports/mosdepth/test-1",
                "reports/mosdepth/test-1/test-1.dedup.mosdepth.global.dist.txt",
                "reports/mosdepth/test-1/test-1.dedup.mosdepth.region.dist.txt",
                "reports/mosdepth/test-1/test-1.dedup.mosdepth.summary.txt",
                "reports/mosdepth/test-1/test-1.dedup.regions.bed.gz",
                "reports/mosdepth/test-1/test-1.dedup.regions.bed.gz.csi",
                "reports/mosdepth/test-1/test-1.recal.mosdepth.global.dist.txt",
                "reports/mosdepth/test-1/test-1.recal.mosdepth.region.dist.txt",
                "reports/mosdepth/test-1/test-1.recal.mosdepth.summary.txt",
                "reports/mosdepth/test-1/test-1.recal.regions.bed.gz",
                "reports/mosdepth/test-1/test-1.recal.regions.bed.gz.csi",
                "reports/samtools",
                "reports/samtools/test-1",
                "reports/samtools/test-1/test-1.dedup.cram.stats",
                "reports/samtools/test-1/test-1.recal.cram.stats",
                "reports/sentieon_dedup",
                "reports/sentieon_dedup/test-1",
                "reports/sentieon_dedup/test-1/test-1.dedup.cram.metrics",
                "reports/sentieon_dedup/test-1/test-1.dedup.cram.metrics.multiqc.tsv"
            ],
            [
                "test-1_umi_extracted.bai:md5,54cd6c61e145196643b502eadcc2bc0b",
                "test-1_umi_extracted.bam:md5,2da4c2b75298daabb2a729944348fbb8",
                "mosdepth-coverage-per-contig-single.txt:md5,dbbf3d229e66275578422abff3659792",
                "mosdepth-cumcoverage-dist-id.txt:md5,3a5a4e6c014ce9045f26459eba87e6db",
                "mosdepth_perchrom.txt:md5,dbbf3d229e66275578422abff3659792",
                "multiqc_citations.txt:md5,7d0b4b866fa577272c48a1f3ad72e75d",
                "multiqc_dedup_metrics.txt:md5,b2aea3c46773a3422dcf98ab6a8a31a1",
                "picard_MarkIlluminaAdapters_histogram.txt:md5,d41d8cd98f00b204e9800998ecf8427e",
                "picard_MeanQualityByCycle_histogram.txt:md5,d41d8cd98f00b204e9800998ecf8427e",
                "picard_QualityScoreDistribution_histogram.txt:md5,d41d8cd98f00b204e9800998ecf8427e",
                "samtools-stats-dp.txt:md5,3362de73d43c6cec0a4fa31d10b860ab",
                "samtools_alignment_plot.txt:md5,d90ef0ab752663254150565bfcefd5bf",
                "test-1.dedup.mosdepth.global.dist.txt:md5,71d52337c3c971849645655e3203f9e0",
                "test-1.dedup.mosdepth.region.dist.txt:md5,d985616d0cb8d74ff6448601d9a03318",
                "test-1.dedup.mosdepth.summary.txt:md5,c01b82249d58f2f2c0d7473c588ffaf4",
                "test-1.dedup.regions.bed.gz:md5,b49899dadd40a3b54b0c43033d740aa8",
                "test-1.dedup.regions.bed.gz.csi:md5,5c556fe6462be13681267bb28257b654",
                "test-1.recal.mosdepth.global.dist.txt:md5,71d52337c3c971849645655e3203f9e0",
                "test-1.recal.mosdepth.region.dist.txt:md5,d985616d0cb8d74ff6448601d9a03318",
                "test-1.recal.mosdepth.summary.txt:md5,c01b82249d58f2f2c0d7473c588ffaf4",
                "test-1.recal.regions.bed.gz:md5,b49899dadd40a3b54b0c43033d740aa8",
                "test-1.recal.regions.bed.gz.csi:md5,5c556fe6462be13681267bb28257b654",
                "test-1.dedup.cram.metrics:md5,f277ab6b490456f0016f7addb94c70cb",
                "test-1.dedup.cram.metrics.multiqc.tsv:md5,c5913ace06b1b334839fa8226a968d44"
            ],
            [
                "test-1_umi_extracted.bam:md5,1dd9ef98ff12ff54d1017fb73a6e11a4"
            ],
            [
                "test-1.recal.cram:md5,2f93d26f230611260a7497a4913af443",
                "test-1.dedup.cram:md5,2f93d26f230611260a7497a4913af443"
            ],
            "No VCF files"
        ],
        "meta": {
            "nf-test": "0.9.2",
            "nextflow": "25.04.2"
        },
        "timestamp": "2025-08-07T09:49:13.484929912"
    }
}