{
    "-profile test --aligner sentieon-bwamem --save_reference skip QC/recal/md": {
        "content": [
            10,
            {
                "BAM_TO_CRAM_MAPPING": {
                    "samtools": 1.21
                },
                "BWAMEM1_INDEX": {
                    "bwa": "0.7.18-r1243-dirty"
                },
                "CREATE_INTERVALS_BED": {
                    "gawk": "5.3.0"
                },
                "GATK4_INTERVALLISTTOBED": {
                    "gatk4": "4.6.1.0"
                },
                "INDEX_MERGE_BAM": {
                    "samtools": 1.21
                },
                "MERGE_BAM": {
                    "samtools": 1.21
                },
                "SENTIEON_BWAMEM": {
                    "bwa": "0.7.17-r1188",
                    "sentieon": 202503
                },
                "TABIX_BGZIPTABIX_INTERVAL_COMBINED": {
                    "tabix": 1.21
                },
                "TABIX_BGZIPTABIX_INTERVAL_SPLIT": {
                    "tabix": 1.21
                }
            },
            [
                "csv",
                "csv/mapped.csv",
                "pipeline_info",
                "pipeline_info/nf_core_sarek_software_mqc_versions.yml",
                "preprocessing",
                "preprocessing/mapped",
                "preprocessing/mapped/test",
                "preprocessing/mapped/test/test.sorted.cram",
                "preprocessing/mapped/test/test.sorted.cram.crai",
                "reference",
                "reference/bwa",
                "reference/bwa/genome.amb",
                "reference/bwa/genome.ann",
                "reference/bwa/genome.bwt",
                "reference/bwa/genome.pac",
                "reference/bwa/genome.sa",
                "reference/intervals",
                "reference/intervals/chr22_1-40001.bed",
                "reference/intervals/chr22_1-40001.bed.gz",
                "reference/intervals/genome.bed",
                "reference/intervals/genome.bed.gz"
            ],
            [
                "genome.amb:md5,1891c1de381b3a96d4e72f590fde20c1",
                "genome.ann:md5,2df4aa2d7580639fa0fcdbcad5e2e969",
                "genome.bwt:md5,815eded87e4cb6b0f1daab5c4d6e30af",
                "genome.pac:md5,8569fbdb2c98c6fb16dfa73d8eacb070",
                "genome.sa:md5,e7cff62b919448a3a3d0fe4aaf427594",
                "chr22_1-40001.bed:md5,87a15eb9c2ff20ccd5cd8735a28708f7",
                "chr22_1-40001.bed.gz:md5,87a15eb9c2ff20ccd5cd8735a28708f7",
                "genome.bed:md5,a87dc7d20ebca626f65cc16ff6c97a3e",
                "genome.bed.gz:md5,a87dc7d20ebca626f65cc16ff6c97a3e"
            ],
            "No BAM files",
            [
                "test.sorted.cram:md5,a9a4d2edba1b98ff734869b65fb437a7"
            ],
            "No VCF files"
        ],
        "meta": {
            "nf-test": "0.9.2",
            "nextflow": "25.04.2"
        },
        "timestamp": "2025-06-21T10:32:56.848655102"
    },
    "-profile test --input fastq_umi.csv --aligner sentieon-bwamem --umi_location read2 --umi_length 7 --umi_base_skip 1 --tools sentieon_dedup": {
        "content": [
            9,
            {
                "BWAMEM1_INDEX": {
                    "bwa": "0.7.18-r1243-dirty"
                },
                "CREATE_INTERVALS_BED": {
                    "gawk": "5.3.0"
                },
                "FASTP": {
                    "fastp": "0.24.0"
                },
                "FGBIO_COPYUMIFROMREADNAME": {
                    "fgbio": "2.4.0"
                },
                "GATK4_INTERVALLISTTOBED": {
                    "gatk4": "4.6.1.0"
                },
                "SENTIEON_BWAMEM": {
                    "bwa": "0.7.17-r1188",
                    "sentieon": 202503
                },
                "SENTIEON_DEDUP": {
                    "sentieon": 202503
                },
                "TABIX_BGZIPTABIX_INTERVAL_COMBINED": {
                    "tabix": 1.21
                },
                "TABIX_BGZIPTABIX_INTERVAL_SPLIT": {
                    "tabix": 1.21
                }
            },
            [
                "csv",
                "csv/markduplicates_no_table.csv",
                "pipeline_info",
                "pipeline_info/nf_core_sarek_software_mqc_versions.yml",
                "preprocessing",
                "preprocessing/sentieon_dedup",
                "preprocessing/sentieon_dedup/test",
                "preprocessing/sentieon_dedup/test/test.dedup.cram",
                "preprocessing/sentieon_dedup/test/test.dedup.cram.crai",
                "reference",
                "reports",
                "reports/fastp",
                "reports/fastp/test",
                "reports/fastp/test/test-test_L1.fastp.html",
                "reports/fastp/test/test-test_L1.fastp.json",
                "reports/fastp/test/test-test_L1.fastp.log",
                "reports/sentieon_dedup",
                "reports/sentieon_dedup/test",
                "reports/sentieon_dedup/test/test.dedup.cram.metrics",
                "reports/sentieon_dedup/test/test.dedup.cram.metrics.multiqc.tsv"
            ],
            [
                "test-test_L1.fastp.json:md5,d9107ec414e44408d0698b167cc445f9",
                "test.dedup.cram.metrics:md5,9a211cdc83c96fd02b0f33d67a777f21",
                "test.dedup.cram.metrics.multiqc.tsv:md5,b0918043a0610e070495488491bbbabc"
            ],
            "No BAM files",
            [
                "test.dedup.cram:md5,4b2f03b0b0b2ae2d2f208b3dd39c05dd"
            ],
            "No VCF files"
        ],
        "meta": {
            "nf-test": "0.9.2",
            "nextflow": "25.04.2"
        },
        "timestamp": "2025-08-18T06:00:05.261761108"
    },
    "-profile test --aligner sentieon-bwamem --save_reference --build_only_index": {
        "content": [
            5,
            {
                "BWAMEM1_INDEX": {
                    "bwa": "0.7.18-r1243-dirty"
                },
                "CREATE_INTERVALS_BED": {
                    "gawk": "5.3.0"
                },
                "GATK4_INTERVALLISTTOBED": {
                    "gatk4": "4.6.1.0"
                },
                "TABIX_BGZIPTABIX_INTERVAL_COMBINED": {
                    "tabix": 1.21
                },
                "TABIX_BGZIPTABIX_INTERVAL_SPLIT": {
                    "tabix": 1.21
                }
            },
            [
                "csv",
                "pipeline_info",
                "pipeline_info/nf_core_sarek_software_mqc_versions.yml",
                "reference",
                "reference/bwa",
                "reference/bwa/genome.amb",
                "reference/bwa/genome.ann",
                "reference/bwa/genome.bwt",
                "reference/bwa/genome.pac",
                "reference/bwa/genome.sa",
                "reference/intervals",
                "reference/intervals/chr22_1-40001.bed",
                "reference/intervals/chr22_1-40001.bed.gz",
                "reference/intervals/genome.bed",
                "reference/intervals/genome.bed.gz"
            ],
            [
                "genome.amb:md5,1891c1de381b3a96d4e72f590fde20c1",
                "genome.ann:md5,2df4aa2d7580639fa0fcdbcad5e2e969",
                "genome.bwt:md5,815eded87e4cb6b0f1daab5c4d6e30af",
                "genome.pac:md5,8569fbdb2c98c6fb16dfa73d8eacb070",
                "genome.sa:md5,e7cff62b919448a3a3d0fe4aaf427594",
                "chr22_1-40001.bed:md5,87a15eb9c2ff20ccd5cd8735a28708f7",
                "chr22_1-40001.bed.gz:md5,87a15eb9c2ff20ccd5cd8735a28708f7",
                "genome.bed:md5,a87dc7d20ebca626f65cc16ff6c97a3e",
                "genome.bed.gz:md5,a87dc7d20ebca626f65cc16ff6c97a3e"
            ],
            "No BAM files",
            "No CRAM files",
            "No VCF files"
        ],
        "meta": {
            "nf-test": "0.9.2",
            "nextflow": "25.04.2"
        },
        "timestamp": "2025-06-21T10:38:04.521781501"
    }
}