{
    "-profile test --input tests/csv/3.0/fastq_pair.csv": {
        "content": [
            7,
            {
                "FASTQC": {
                    "fastqc": "0.12.1"
                },
                "Workflow": {
                    "nf-core/sarek": "v3.6.0dev"
                }
            },
            [
                "csv",
                "pipeline_info",
                "pipeline_info/nf_core_sarek_software_mqc_versions.yml",
                "reference",
                "reports",
                "reports/fastqc",
                "reports/fastqc/test-test_L1",
                "reports/fastqc/test-test_L1/test-test_L1_1_fastqc.html",
                "reports/fastqc/test-test_L1/test-test_L1_1_fastqc.zip",
                "reports/fastqc/test-test_L1/test-test_L1_2_fastqc.html",
                "reports/fastqc/test-test_L1/test-test_L1_2_fastqc.zip",
                "reports/fastqc/test2-test_L1",
                "reports/fastqc/test2-test_L1/test2-test_L1_1_fastqc.html",
                "reports/fastqc/test2-test_L1/test2-test_L1_1_fastqc.zip",
                "reports/fastqc/test2-test_L1/test2-test_L1_2_fastqc.html",
                "reports/fastqc/test2-test_L1/test2-test_L1_2_fastqc.zip"
            ],
            [
                
            ],
            [
                
            ],
            [
                
            ]
        ],
        "meta": {
            "nf-test": "0.9.2",
            "nextflow": "25.01.0"
        },
        "timestamp": "2025-03-03T19:50:57.084644616"
    }
}