{
    "-profile test --tools deepvariant --input tests/csv/3.0/mapped_single_cram.csv": {
        "content": [
            12,
            {
                "BCFTOOLS_STATS": {
                    "bcftools": 1.2
                },
                "DEEPVARIANT_RUNDEEPVARIANT": {
                    "deepvariant": "1.6.1"
                },
                "VCFTOOLS_TSTV_COUNT": {
                    "vcftools": "0.1.16"
                },
                "Workflow": {
                    "nf-core/sarek": "v3.6.0dev"
                }
            },
            [
                "csv",
                "csv/variantcalled.csv",
                "multiqc",
                "multiqc/multiqc_data",
                "multiqc/multiqc_data/bcftools-stats-subtypes.txt",
                "multiqc/multiqc_data/bcftools_stats_indel-lengths.txt",
                "multiqc/multiqc_data/bcftools_stats_vqc_Count_Indels.txt",
                "multiqc/multiqc_data/bcftools_stats_vqc_Count_SNP.txt",
                "multiqc/multiqc_data/bcftools_stats_vqc_Count_Transitions.txt",
                "multiqc/multiqc_data/bcftools_stats_vqc_Count_Transversions.txt",
                "multiqc/multiqc_data/multiqc.log",
                "multiqc/multiqc_data/multiqc_bcftools_stats.txt",
                "multiqc/multiqc_data/multiqc_citations.txt",
                "multiqc/multiqc_data/multiqc_data.json",
                "multiqc/multiqc_data/multiqc_general_stats.txt",
                "multiqc/multiqc_data/multiqc_software_versions.txt",
                "multiqc/multiqc_data/multiqc_sources.txt",
                "multiqc/multiqc_data/vcftools_tstv_by_count.txt",
                "multiqc/multiqc_data/vcftools_tstv_by_qual.txt",
                "multiqc/multiqc_plots",
                "multiqc/multiqc_plots/pdf",
                "multiqc/multiqc_plots/pdf/bcftools-stats-subtypes-cnt.pdf",
                "multiqc/multiqc_plots/pdf/bcftools-stats-subtypes-pct.pdf",
                "multiqc/multiqc_plots/pdf/bcftools_stats_indel-lengths.pdf",
                "multiqc/multiqc_plots/pdf/bcftools_stats_vqc_Count_Indels.pdf",
                "multiqc/multiqc_plots/pdf/bcftools_stats_vqc_Count_SNP.pdf",
                "multiqc/multiqc_plots/pdf/bcftools_stats_vqc_Count_Transitions.pdf",
                "multiqc/multiqc_plots/pdf/bcftools_stats_vqc_Count_Transversions.pdf",
                "multiqc/multiqc_plots/pdf/general_stats_table.pdf",
                "multiqc/multiqc_plots/pdf/vcftools_tstv_by_count.pdf",
                "multiqc/multiqc_plots/pdf/vcftools_tstv_by_qual.pdf",
                "multiqc/multiqc_plots/png",
                "multiqc/multiqc_plots/png/bcftools-stats-subtypes-cnt.png",
                "multiqc/multiqc_plots/png/bcftools-stats-subtypes-pct.png",
                "multiqc/multiqc_plots/png/bcftools_stats_indel-lengths.png",
                "multiqc/multiqc_plots/png/bcftools_stats_vqc_Count_Indels.png",
                "multiqc/multiqc_plots/png/bcftools_stats_vqc_Count_SNP.png",
                "multiqc/multiqc_plots/png/bcftools_stats_vqc_Count_Transitions.png",
                "multiqc/multiqc_plots/png/bcftools_stats_vqc_Count_Transversions.png",
                "multiqc/multiqc_plots/png/general_stats_table.png",
                "multiqc/multiqc_plots/png/vcftools_tstv_by_count.png",
                "multiqc/multiqc_plots/png/vcftools_tstv_by_qual.png",
                "multiqc/multiqc_plots/svg",
                "multiqc/multiqc_plots/svg/bcftools-stats-subtypes-cnt.svg",
                "multiqc/multiqc_plots/svg/bcftools-stats-subtypes-pct.svg",
                "multiqc/multiqc_plots/svg/bcftools_stats_indel-lengths.svg",
                "multiqc/multiqc_plots/svg/bcftools_stats_vqc_Count_Indels.svg",
                "multiqc/multiqc_plots/svg/bcftools_stats_vqc_Count_SNP.svg",
                "multiqc/multiqc_plots/svg/bcftools_stats_vqc_Count_Transitions.svg",
                "multiqc/multiqc_plots/svg/bcftools_stats_vqc_Count_Transversions.svg",
                "multiqc/multiqc_plots/svg/general_stats_table.svg",
                "multiqc/multiqc_plots/svg/vcftools_tstv_by_count.svg",
                "multiqc/multiqc_plots/svg/vcftools_tstv_by_qual.svg",
                "multiqc/multiqc_report.html",
                "pipeline_info",
                "pipeline_info/nf_core_sarek_software_mqc_versions.yml",
                "reference",
                "reports",
                "reports/bcftools",
                "reports/bcftools/deepvariant",
                "reports/bcftools/deepvariant/test",
                "reports/bcftools/deepvariant/test/test.deepvariant.bcftools_stats.txt",
                "reports/mosdepth",
                "reports/mosdepth/test",
                "reports/mosdepth/test/test.recal.mosdepth.global.dist.txt",
                "reports/mosdepth/test/test.recal.mosdepth.region.dist.txt",
                "reports/mosdepth/test/test.recal.mosdepth.summary.txt",
                "reports/mosdepth/test/test.recal.regions.bed.gz",
                "reports/mosdepth/test/test.recal.regions.bed.gz.csi",
                "reports/samtools",
                "reports/samtools/test",
                "reports/samtools/test/test.recal.cram.stats",
                "reports/vcftools",
                "reports/vcftools/deepvariant",
                "reports/vcftools/deepvariant/test",
                "reports/vcftools/deepvariant/test/test.deepvariant.FILTER.summary",
                "reports/vcftools/deepvariant/test/test.deepvariant.TsTv.count",
                "reports/vcftools/deepvariant/test/test.deepvariant.TsTv.qual",
                "variant_calling",
                "variant_calling/deepvariant",
                "variant_calling/deepvariant/test",
                "variant_calling/deepvariant/test/test.deepvariant.g.vcf.gz",
                "variant_calling/deepvariant/test/test.deepvariant.g.vcf.gz.tbi",
                "variant_calling/deepvariant/test/test.deepvariant.vcf.gz",
                "variant_calling/deepvariant/test/test.deepvariant.vcf.gz.tbi"
            ],
            [
                "bcftools-stats-subtypes.txt:md5,649c3e9f4523fc1a440bc87b2a03088d",
                "bcftools_stats_indel-lengths.txt:md5,72aa7dc3d5e2539b8ed641740a1581d2",
                "bcftools_stats_vqc_Count_Indels.txt:md5,f3b6e6a2dc9b239442f72bfefb214b17",
                "bcftools_stats_vqc_Count_SNP.txt:md5,089c893882eecf82dbb5fbd4693f32cf",
                "bcftools_stats_vqc_Count_Transitions.txt:md5,86c3b46b6f3760a65c857f31c015babe",
                "bcftools_stats_vqc_Count_Transversions.txt:md5,481489cb4832592d1b29520cfe649fb0",
                "multiqc_bcftools_stats.txt:md5,26db745e7579cb57c44925ef3adf2ce1",
                "multiqc_citations.txt:md5,ac2b3cf2dfb12c40837b9bbad8112d86",
                "vcftools_tstv_by_count.txt:md5,16bbeff0f916fd2a22c24929b106a310",
                "test.deepvariant.bcftools_stats.txt:md5,4602909f8d2553ba7e74042f26494798",
                "test.recal.mosdepth.global.dist.txt:md5,bdb8f185c35dd1eec7ce2f69bce57972",
                "test.recal.mosdepth.region.dist.txt:md5,f1f1ad86fc280bced1888a5d7d25a3f2",
                "test.recal.mosdepth.summary.txt:md5,32ea70ef1b99def3dc900b4afd513a40",
                "test.recal.regions.bed.gz:md5,07bbc084a889f1cece4307fd00214a6e",
                "test.recal.regions.bed.gz.csi:md5,c5d0be930ffc9e562f21519a0d488d5d",
                "test.deepvariant.FILTER.summary:md5,d0fe196a8062d7d67d9018cb40f5490c",
                "test.deepvariant.TsTv.count:md5,2851ce55f9813280515c2fdcacb86844"
            ],
            [
                [
                    "test.deepvariant.g.vcf.gz",
                    "35b7f653833947fdcfae2b93961ee374"
                ],
                [
                    "test.deepvariant.vcf.gz",
                    "b6ba3ee8485299571ff23e0328367790"
                ]
            ]
        ],
        "meta": {
            "nf-test": "0.9.2",
            "nextflow": "24.10.5"
        },
        "timestamp": "2025-04-11T12:37:16.297083989"
    },
    "-profile test --tools deepvariant --input tests/csv/3.0/mapped_single_cram.csv --no_intervals": {
        "content": [
            9,
            {
                "BCFTOOLS_STATS": {
                    "bcftools": 1.2
                },
                "DEEPVARIANT_RUNDEEPVARIANT": {
                    "deepvariant": "1.6.1"
                },
                "VCFTOOLS_TSTV_COUNT": {
                    "vcftools": "0.1.16"
                },
                "Workflow": {
                    "nf-core/sarek": "v3.6.0dev"
                }
            },
            [
                "csv",
                "csv/variantcalled.csv",
                "multiqc",
                "multiqc/multiqc_data",
                "multiqc/multiqc_data/bcftools-stats-subtypes.txt",
                "multiqc/multiqc_data/bcftools_stats_indel-lengths.txt",
                "multiqc/multiqc_data/bcftools_stats_vqc_Count_Indels.txt",
                "multiqc/multiqc_data/bcftools_stats_vqc_Count_SNP.txt",
                "multiqc/multiqc_data/bcftools_stats_vqc_Count_Transitions.txt",
                "multiqc/multiqc_data/bcftools_stats_vqc_Count_Transversions.txt",
                "multiqc/multiqc_data/multiqc.log",
                "multiqc/multiqc_data/multiqc_bcftools_stats.txt",
                "multiqc/multiqc_data/multiqc_citations.txt",
                "multiqc/multiqc_data/multiqc_data.json",
                "multiqc/multiqc_data/multiqc_general_stats.txt",
                "multiqc/multiqc_data/multiqc_software_versions.txt",
                "multiqc/multiqc_data/multiqc_sources.txt",
                "multiqc/multiqc_data/vcftools_tstv_by_count.txt",
                "multiqc/multiqc_data/vcftools_tstv_by_qual.txt",
                "multiqc/multiqc_plots",
                "multiqc/multiqc_plots/pdf",
                "multiqc/multiqc_plots/pdf/bcftools-stats-subtypes-cnt.pdf",
                "multiqc/multiqc_plots/pdf/bcftools-stats-subtypes-pct.pdf",
                "multiqc/multiqc_plots/pdf/bcftools_stats_indel-lengths.pdf",
                "multiqc/multiqc_plots/pdf/bcftools_stats_vqc_Count_Indels.pdf",
                "multiqc/multiqc_plots/pdf/bcftools_stats_vqc_Count_SNP.pdf",
                "multiqc/multiqc_plots/pdf/bcftools_stats_vqc_Count_Transitions.pdf",
                "multiqc/multiqc_plots/pdf/bcftools_stats_vqc_Count_Transversions.pdf",
                "multiqc/multiqc_plots/pdf/general_stats_table.pdf",
                "multiqc/multiqc_plots/pdf/vcftools_tstv_by_count.pdf",
                "multiqc/multiqc_plots/pdf/vcftools_tstv_by_qual.pdf",
                "multiqc/multiqc_plots/png",
                "multiqc/multiqc_plots/png/bcftools-stats-subtypes-cnt.png",
                "multiqc/multiqc_plots/png/bcftools-stats-subtypes-pct.png",
                "multiqc/multiqc_plots/png/bcftools_stats_indel-lengths.png",
                "multiqc/multiqc_plots/png/bcftools_stats_vqc_Count_Indels.png",
                "multiqc/multiqc_plots/png/bcftools_stats_vqc_Count_SNP.png",
                "multiqc/multiqc_plots/png/bcftools_stats_vqc_Count_Transitions.png",
                "multiqc/multiqc_plots/png/bcftools_stats_vqc_Count_Transversions.png",
                "multiqc/multiqc_plots/png/general_stats_table.png",
                "multiqc/multiqc_plots/png/vcftools_tstv_by_count.png",
                "multiqc/multiqc_plots/png/vcftools_tstv_by_qual.png",
                "multiqc/multiqc_plots/svg",
                "multiqc/multiqc_plots/svg/bcftools-stats-subtypes-cnt.svg",
                "multiqc/multiqc_plots/svg/bcftools-stats-subtypes-pct.svg",
                "multiqc/multiqc_plots/svg/bcftools_stats_indel-lengths.svg",
                "multiqc/multiqc_plots/svg/bcftools_stats_vqc_Count_Indels.svg",
                "multiqc/multiqc_plots/svg/bcftools_stats_vqc_Count_SNP.svg",
                "multiqc/multiqc_plots/svg/bcftools_stats_vqc_Count_Transitions.svg",
                "multiqc/multiqc_plots/svg/bcftools_stats_vqc_Count_Transversions.svg",
                "multiqc/multiqc_plots/svg/general_stats_table.svg",
                "multiqc/multiqc_plots/svg/vcftools_tstv_by_count.svg",
                "multiqc/multiqc_plots/svg/vcftools_tstv_by_qual.svg",
                "multiqc/multiqc_report.html",
                "no_intervals.bed",
                "no_intervals.bed.gz",
                "no_intervals.bed.gz.tbi",
                "pipeline_info",
                "pipeline_info/nf_core_sarek_software_mqc_versions.yml",
                "reference",
                "reports",
                "reports/bcftools",
                "reports/bcftools/deepvariant",
                "reports/bcftools/deepvariant/test",
                "reports/bcftools/deepvariant/test/test.deepvariant.bcftools_stats.txt",
                "reports/mosdepth",
                "reports/mosdepth/test",
                "reports/mosdepth/test/test.recal.mosdepth.global.dist.txt",
                "reports/mosdepth/test/test.recal.mosdepth.region.dist.txt",
                "reports/mosdepth/test/test.recal.mosdepth.summary.txt",
                "reports/mosdepth/test/test.recal.regions.bed.gz",
                "reports/mosdepth/test/test.recal.regions.bed.gz.csi",
                "reports/samtools",
                "reports/samtools/test",
                "reports/samtools/test/test.recal.cram.stats",
                "reports/vcftools",
                "reports/vcftools/deepvariant",
                "reports/vcftools/deepvariant/test",
                "reports/vcftools/deepvariant/test/test.deepvariant.FILTER.summary",
                "reports/vcftools/deepvariant/test/test.deepvariant.TsTv.count",
                "reports/vcftools/deepvariant/test/test.deepvariant.TsTv.qual",
                "variant_calling",
                "variant_calling/deepvariant",
                "variant_calling/deepvariant/test",
                "variant_calling/deepvariant/test/test.deepvariant.g.vcf.gz",
                "variant_calling/deepvariant/test/test.deepvariant.g.vcf.gz.tbi",
                "variant_calling/deepvariant/test/test.deepvariant.vcf.gz",
                "variant_calling/deepvariant/test/test.deepvariant.vcf.gz.tbi"
            ],
            [
                "bcftools-stats-subtypes.txt:md5,649c3e9f4523fc1a440bc87b2a03088d",
                "bcftools_stats_indel-lengths.txt:md5,72aa7dc3d5e2539b8ed641740a1581d2",
                "bcftools_stats_vqc_Count_Indels.txt:md5,f3b6e6a2dc9b239442f72bfefb214b17",
                "bcftools_stats_vqc_Count_SNP.txt:md5,089c893882eecf82dbb5fbd4693f32cf",
                "bcftools_stats_vqc_Count_Transitions.txt:md5,86c3b46b6f3760a65c857f31c015babe",
                "bcftools_stats_vqc_Count_Transversions.txt:md5,481489cb4832592d1b29520cfe649fb0",
                "multiqc_bcftools_stats.txt:md5,26db745e7579cb57c44925ef3adf2ce1",
                "multiqc_citations.txt:md5,ac2b3cf2dfb12c40837b9bbad8112d86",
                "vcftools_tstv_by_count.txt:md5,16bbeff0f916fd2a22c24929b106a310",
                "test.deepvariant.bcftools_stats.txt:md5,4602909f8d2553ba7e74042f26494798",
                "test.recal.mosdepth.global.dist.txt:md5,bdb8f185c35dd1eec7ce2f69bce57972",
                "test.recal.mosdepth.region.dist.txt:md5,f1f1ad86fc280bced1888a5d7d25a3f2",
                "test.recal.mosdepth.summary.txt:md5,32ea70ef1b99def3dc900b4afd513a40",
                "test.recal.regions.bed.gz:md5,07bbc084a889f1cece4307fd00214a6e",
                "test.recal.regions.bed.gz.csi:md5,c5d0be930ffc9e562f21519a0d488d5d",
                "test.deepvariant.FILTER.summary:md5,d0fe196a8062d7d67d9018cb40f5490c",
                "test.deepvariant.TsTv.count:md5,2851ce55f9813280515c2fdcacb86844"
            ],
            [
                [
                    "test.deepvariant.g.vcf.gz",
                    "35b7f653833947fdcfae2b93961ee374"
                ],
                [
                    "test.deepvariant.vcf.gz",
                    "b6ba3ee8485299571ff23e0328367790"
                ]
            ]
        ],
        "meta": {
            "nf-test": "0.9.2",
            "nextflow": "24.10.5"
        },
        "timestamp": "2025-04-11T12:38:29.60368506"
    }
}