{
    "-profile test --tools muse --input recalibrated_somatic.csv -stub": {
        "content": [
            17,
            {
                "BCFTOOLS_STATS": {
                    "bcftools": 1.21
                },
                "CRAM_TO_BAM_NORMAL": {
                    "samtools": 1.21
                },
                "CRAM_TO_BAM_TUMOR": {
                    "samtools": 1.21
                },
                "CREATE_INTERVALS_BED": {
                    "gawk": "5.1.0"
                },
                "GATK4_CREATESEQUENCEDICTIONARY": {
                    "gatk4": "4.6.1.0"
                },
                "MOSDEPTH": {
                    "mosdepth": "0.3.10"
                },
                "MUSE_CALL": {
                    "MuSE": "2.1.2"
                },
                "MUSE_SUMP": {
                    "MuSE": "2.1.2",
                    "bgzip": 1.21
                },
                "SAMTOOLS_STATS": {
                    "samtools": 1.21
                },
                "TABIX_BGZIPTABIX_INTERVAL_COMBINED": {
                    "tabix": 1.21
                },
                "TABIX_BGZIPTABIX_INTERVAL_SPLIT": {
                    "tabix": 1.21
                },
                "VCFTOOLS_TSTV_COUNT": {
                    "vcftools": "0.1.16"
                }
            },
            [
                "cram",
                "cram/sample3.bam",
                "cram/sample3.bam.bai",
                "cram/sample4.bam",
                "cram/sample4.bam.bai",
                "csv",
                "csv/variantcalled.csv",
                "multiqc",
                "multiqc/multiqc_data",
                "multiqc/multiqc_data/BETA-multiqc.parquet",
                "multiqc/multiqc_plots",
                "multiqc/multiqc_report.html",
                "pipeline_info",
                "pipeline_info/nf_core_sarek_software_mqc_versions.yml",
                "reference",
                "reference/dict",
                "reports",
                "reports/bcftools",
                "reports/bcftools/muse",
                "reports/bcftools/muse/sample4_vs_sample3",
                "reports/bcftools/muse/sample4_vs_sample3/sample4_vs_sample3.muse.bcftools_stats.txt",
                "reports/mosdepth",
                "reports/mosdepth/sample3",
                "reports/mosdepth/sample3/sample3.recal.global.dist.txt",
                "reports/mosdepth/sample3/sample3.recal.per-base.bed.gz",
                "reports/mosdepth/sample3/sample3.recal.per-base.bed.gz.csi",
                "reports/mosdepth/sample3/sample3.recal.per-base.d4",
                "reports/mosdepth/sample3/sample3.recal.quantized.bed.gz",
                "reports/mosdepth/sample3/sample3.recal.quantized.bed.gz.csi",
                "reports/mosdepth/sample3/sample3.recal.region.dist.txt",
                "reports/mosdepth/sample3/sample3.recal.regions.bed.gz",
                "reports/mosdepth/sample3/sample3.recal.regions.bed.gz.csi",
                "reports/mosdepth/sample3/sample3.recal.summary.txt",
                "reports/mosdepth/sample3/sample3.recal.thresholds.bed.gz",
                "reports/mosdepth/sample3/sample3.recal.thresholds.bed.gz.csi",
                "reports/mosdepth/sample4",
                "reports/mosdepth/sample4/sample4.recal.global.dist.txt",
                "reports/mosdepth/sample4/sample4.recal.per-base.bed.gz",
                "reports/mosdepth/sample4/sample4.recal.per-base.bed.gz.csi",
                "reports/mosdepth/sample4/sample4.recal.per-base.d4",
                "reports/mosdepth/sample4/sample4.recal.quantized.bed.gz",
                "reports/mosdepth/sample4/sample4.recal.quantized.bed.gz.csi",
                "reports/mosdepth/sample4/sample4.recal.region.dist.txt",
                "reports/mosdepth/sample4/sample4.recal.regions.bed.gz",
                "reports/mosdepth/sample4/sample4.recal.regions.bed.gz.csi",
                "reports/mosdepth/sample4/sample4.recal.summary.txt",
                "reports/mosdepth/sample4/sample4.recal.thresholds.bed.gz",
                "reports/mosdepth/sample4/sample4.recal.thresholds.bed.gz.csi",
                "reports/samtools",
                "reports/samtools/sample3",
                "reports/samtools/sample3/sample3.recal.cram.stats",
                "reports/samtools/sample4",
                "reports/samtools/sample4/sample4.recal.cram.stats",
                "reports/vcftools",
                "reports/vcftools/muse",
                "reports/vcftools/muse/sample4_vs_sample3",
                "reports/vcftools/muse/sample4_vs_sample3/sample4_vs_sample3.muse.012",
                "reports/vcftools/muse/sample4_vs_sample3/sample4_vs_sample3.muse.012.indv",
                "reports/vcftools/muse/sample4_vs_sample3/sample4_vs_sample3.muse.012.pos",
                "reports/vcftools/muse/sample4_vs_sample3/sample4_vs_sample3.muse.BEAGLE.GL",
                "reports/vcftools/muse/sample4_vs_sample3/sample4_vs_sample3.muse.BEAGLE.PL",
                "reports/vcftools/muse/sample4_vs_sample3/sample4_vs_sample3.muse.FILTER.summary",
                "reports/vcftools/muse/sample4_vs_sample3/sample4_vs_sample3.muse.FORMAT",
                "reports/vcftools/muse/sample4_vs_sample3/sample4_vs_sample3.muse.INFO",
                "reports/vcftools/muse/sample4_vs_sample3/sample4_vs_sample3.muse.LROH",
                "reports/vcftools/muse/sample4_vs_sample3/sample4_vs_sample3.muse.Tajima.D",
                "reports/vcftools/muse/sample4_vs_sample3/sample4_vs_sample3.muse.TsTv",
                "reports/vcftools/muse/sample4_vs_sample3/sample4_vs_sample3.muse.TsTv.count",
                "reports/vcftools/muse/sample4_vs_sample3/sample4_vs_sample3.muse.TsTv.qual",
                "reports/vcftools/muse/sample4_vs_sample3/sample4_vs_sample3.muse.TsTv.summary",
                "reports/vcftools/muse/sample4_vs_sample3/sample4_vs_sample3.muse.bcf",
                "reports/vcftools/muse/sample4_vs_sample3/sample4_vs_sample3.muse.diff.discordance.matrix",
                "reports/vcftools/muse/sample4_vs_sample3/sample4_vs_sample3.muse.diff.indv",
                "reports/vcftools/muse/sample4_vs_sample3/sample4_vs_sample3.muse.diff.indv_in_files",
                "reports/vcftools/muse/sample4_vs_sample3/sample4_vs_sample3.muse.diff.sites",
                "reports/vcftools/muse/sample4_vs_sample3/sample4_vs_sample3.muse.diff.sites_in_files",
                "reports/vcftools/muse/sample4_vs_sample3/sample4_vs_sample3.muse.diff.switch",
                "reports/vcftools/muse/sample4_vs_sample3/sample4_vs_sample3.muse.frq",
                "reports/vcftools/muse/sample4_vs_sample3/sample4_vs_sample3.muse.frq.count",
                "reports/vcftools/muse/sample4_vs_sample3/sample4_vs_sample3.muse.gdepth",
                "reports/vcftools/muse/sample4_vs_sample3/sample4_vs_sample3.muse.geno.chisq",
                "reports/vcftools/muse/sample4_vs_sample3/sample4_vs_sample3.muse.geno.ld",
                "reports/vcftools/muse/sample4_vs_sample3/sample4_vs_sample3.muse.hap.ld",
                "reports/vcftools/muse/sample4_vs_sample3/sample4_vs_sample3.muse.hapcount",
                "reports/vcftools/muse/sample4_vs_sample3/sample4_vs_sample3.muse.het",
                "reports/vcftools/muse/sample4_vs_sample3/sample4_vs_sample3.muse.hwe",
                "reports/vcftools/muse/sample4_vs_sample3/sample4_vs_sample3.muse.idepth",
                "reports/vcftools/muse/sample4_vs_sample3/sample4_vs_sample3.muse.ifreqburden",
                "reports/vcftools/muse/sample4_vs_sample3/sample4_vs_sample3.muse.imiss",
                "reports/vcftools/muse/sample4_vs_sample3/sample4_vs_sample3.muse.impute.hap",
                "reports/vcftools/muse/sample4_vs_sample3/sample4_vs_sample3.muse.impute.hap.indv",
                "reports/vcftools/muse/sample4_vs_sample3/sample4_vs_sample3.muse.impute.hap.legend",
                "reports/vcftools/muse/sample4_vs_sample3/sample4_vs_sample3.muse.indel.hist",
                "reports/vcftools/muse/sample4_vs_sample3/sample4_vs_sample3.muse.interchrom.geno.ld",
                "reports/vcftools/muse/sample4_vs_sample3/sample4_vs_sample3.muse.interchrom.hap.ld",
                "reports/vcftools/muse/sample4_vs_sample3/sample4_vs_sample3.muse.kept.sites",
                "reports/vcftools/muse/sample4_vs_sample3/sample4_vs_sample3.muse.ldepth",
                "reports/vcftools/muse/sample4_vs_sample3/sample4_vs_sample3.muse.ldepth.mean",
                "reports/vcftools/muse/sample4_vs_sample3/sample4_vs_sample3.muse.ldhat.locs",
                "reports/vcftools/muse/sample4_vs_sample3/sample4_vs_sample3.muse.ldhat.sites",
                "reports/vcftools/muse/sample4_vs_sample3/sample4_vs_sample3.muse.list.geno.ld",
                "reports/vcftools/muse/sample4_vs_sample3/sample4_vs_sample3.muse.list.hap.ld",
                "reports/vcftools/muse/sample4_vs_sample3/sample4_vs_sample3.muse.lmiss",
                "reports/vcftools/muse/sample4_vs_sample3/sample4_vs_sample3.muse.lqual",
                "reports/vcftools/muse/sample4_vs_sample3/sample4_vs_sample3.muse.map",
                "reports/vcftools/muse/sample4_vs_sample3/sample4_vs_sample3.muse.mendel",
                "reports/vcftools/muse/sample4_vs_sample3/sample4_vs_sample3.muse.ped",
                "reports/vcftools/muse/sample4_vs_sample3/sample4_vs_sample3.muse.relatedness",
                "reports/vcftools/muse/sample4_vs_sample3/sample4_vs_sample3.muse.relatedness2",
                "reports/vcftools/muse/sample4_vs_sample3/sample4_vs_sample3.muse.removed.sites",
                "reports/vcftools/muse/sample4_vs_sample3/sample4_vs_sample3.muse.singletons",
                "reports/vcftools/muse/sample4_vs_sample3/sample4_vs_sample3.muse.sites.pi",
                "reports/vcftools/muse/sample4_vs_sample3/sample4_vs_sample3.muse.snpden",
                "reports/vcftools/muse/sample4_vs_sample3/sample4_vs_sample3.muse.tfam",
                "reports/vcftools/muse/sample4_vs_sample3/sample4_vs_sample3.muse.tped",
                "reports/vcftools/muse/sample4_vs_sample3/sample4_vs_sample3.muse.vcf",
                "reports/vcftools/muse/sample4_vs_sample3/sample4_vs_sample3.muse.weir.fst",
                "reports/vcftools/muse/sample4_vs_sample3/sample4_vs_sample3.muse.windowed.pi",
                "variant_calling",
                "variant_calling/muse",
                "variant_calling/muse/sample4_vs_sample3",
                "variant_calling/muse/sample4_vs_sample3/sample4_vs_sample3.MuSE.txt",
                "variant_calling/muse/sample4_vs_sample3/sample4_vs_sample3.muse.vcf.gz",
                "variant_calling/muse/sample4_vs_sample3/sample4_vs_sample3.muse.vcf.gz.tbi"
            ]
        ],
        "meta": {
            "nf-test": "0.9.2",
            "nextflow": "25.04.6"
        },
        "timestamp": "2025-07-03T14:37:09.853910035"
    },
    "-profile test --tools muse --input recalibrated_somatic.csv": {
        "content": [
            18,
            {
                "BCFTOOLS_STATS": {
                    "bcftools": 1.21
                },
                "CRAM_TO_BAM_NORMAL": {
                    "samtools": 1.21
                },
                "CRAM_TO_BAM_TUMOR": {
                    "samtools": 1.21
                },
                "CREATE_INTERVALS_BED": {
                    "gawk": "5.1.0"
                },
                "GATK4_CREATESEQUENCEDICTIONARY": {
                    "gatk4": "4.6.1.0"
                },
                "MOSDEPTH": {
                    "mosdepth": "0.3.10"
                },
                "MUSE_CALL": {
                    "MuSE": "2.1.2"
                },
                "MUSE_SUMP": {
                    "MuSE": "2.1.2",
                    "bgzip": 1.21
                },
                "SAMTOOLS_STATS": {
                    "samtools": 1.21
                },
                "TABIX_BGZIPTABIX_INTERVAL_COMBINED": {
                    "tabix": 1.21
                },
                "TABIX_BGZIPTABIX_INTERVAL_SPLIT": {
                    "tabix": 1.21
                },
                "VCFTOOLS_TSTV_COUNT": {
                    "vcftools": "0.1.16"
                }
            },
            [
                "cram",
                "cram/sample3.bam",
                "cram/sample3.bam.bai",
                "cram/sample4.bam",
                "cram/sample4.bam.bai",
                "csv",
                "csv/variantcalled.csv",
                "multiqc",
                "multiqc/multiqc_data",
                "multiqc/multiqc_data/BETA-multiqc.parquet",
                "multiqc/multiqc_data/bcftools_stats_indel-lengths.txt",
                "multiqc/multiqc_data/llms-full.txt",
                "multiqc/multiqc_data/mosdepth-coverage-per-contig-single.txt",
                "multiqc/multiqc_data/mosdepth-cumcoverage-dist-id.txt",
                "multiqc/multiqc_data/mosdepth_cov_dist.txt",
                "multiqc/multiqc_data/mosdepth_cumcov_dist.txt",
                "multiqc/multiqc_data/mosdepth_perchrom.txt",
                "multiqc/multiqc_data/multiqc.log",
                "multiqc/multiqc_data/multiqc_bcftools_stats.txt",
                "multiqc/multiqc_data/multiqc_citations.txt",
                "multiqc/multiqc_data/multiqc_data.json",
                "multiqc/multiqc_data/multiqc_general_stats.txt",
                "multiqc/multiqc_data/multiqc_samtools_stats.txt",
                "multiqc/multiqc_data/multiqc_software_versions.txt",
                "multiqc/multiqc_data/multiqc_sources.txt",
                "multiqc/multiqc_data/samtools-stats-dp.txt",
                "multiqc/multiqc_data/samtools_alignment_plot.txt",
                "multiqc/multiqc_data/vcftools_tstv_by_count.txt",
                "multiqc/multiqc_data/vcftools_tstv_by_qual.txt",
                "multiqc/multiqc_plots",
                "multiqc/multiqc_plots/pdf",
                "multiqc/multiqc_plots/pdf/bcftools_stats_indel-lengths.pdf",
                "multiqc/multiqc_plots/pdf/mosdepth-coverage-per-contig-single-cnt.pdf",
                "multiqc/multiqc_plots/pdf/mosdepth-coverage-per-contig-single-pct.pdf",
                "multiqc/multiqc_plots/pdf/mosdepth-cumcoverage-dist-id.pdf",
                "multiqc/multiqc_plots/pdf/samtools-stats-dp.pdf",
                "multiqc/multiqc_plots/pdf/samtools_alignment_plot-cnt.pdf",
                "multiqc/multiqc_plots/pdf/samtools_alignment_plot-pct.pdf",
                "multiqc/multiqc_plots/pdf/vcftools_tstv_by_count.pdf",
                "multiqc/multiqc_plots/pdf/vcftools_tstv_by_qual.pdf",
                "multiqc/multiqc_plots/png",
                "multiqc/multiqc_plots/png/bcftools_stats_indel-lengths.png",
                "multiqc/multiqc_plots/png/mosdepth-coverage-per-contig-single-cnt.png",
                "multiqc/multiqc_plots/png/mosdepth-coverage-per-contig-single-pct.png",
                "multiqc/multiqc_plots/png/mosdepth-cumcoverage-dist-id.png",
                "multiqc/multiqc_plots/png/samtools-stats-dp.png",
                "multiqc/multiqc_plots/png/samtools_alignment_plot-cnt.png",
                "multiqc/multiqc_plots/png/samtools_alignment_plot-pct.png",
                "multiqc/multiqc_plots/png/vcftools_tstv_by_count.png",
                "multiqc/multiqc_plots/png/vcftools_tstv_by_qual.png",
                "multiqc/multiqc_plots/svg",
                "multiqc/multiqc_plots/svg/bcftools_stats_indel-lengths.svg",
                "multiqc/multiqc_plots/svg/mosdepth-coverage-per-contig-single-cnt.svg",
                "multiqc/multiqc_plots/svg/mosdepth-coverage-per-contig-single-pct.svg",
                "multiqc/multiqc_plots/svg/mosdepth-cumcoverage-dist-id.svg",
                "multiqc/multiqc_plots/svg/samtools-stats-dp.svg",
                "multiqc/multiqc_plots/svg/samtools_alignment_plot-cnt.svg",
                "multiqc/multiqc_plots/svg/samtools_alignment_plot-pct.svg",
                "multiqc/multiqc_plots/svg/vcftools_tstv_by_count.svg",
                "multiqc/multiqc_plots/svg/vcftools_tstv_by_qual.svg",
                "multiqc/multiqc_report.html",
                "pipeline_info",
                "pipeline_info/nf_core_sarek_software_mqc_versions.yml",
                "reference",
                "reference/dict",
                "reports",
                "reports/bcftools",
                "reports/bcftools/muse",
                "reports/bcftools/muse/sample4_vs_sample3",
                "reports/bcftools/muse/sample4_vs_sample3/sample4_vs_sample3.muse.bcftools_stats.txt",
                "reports/mosdepth",
                "reports/mosdepth/sample3",
                "reports/mosdepth/sample3/sample3.recal.mosdepth.global.dist.txt",
                "reports/mosdepth/sample3/sample3.recal.mosdepth.region.dist.txt",
                "reports/mosdepth/sample3/sample3.recal.mosdepth.summary.txt",
                "reports/mosdepth/sample3/sample3.recal.per-base.bed.gz",
                "reports/mosdepth/sample3/sample3.recal.per-base.bed.gz.csi",
                "reports/mosdepth/sample3/sample3.recal.regions.bed.gz",
                "reports/mosdepth/sample3/sample3.recal.regions.bed.gz.csi",
                "reports/mosdepth/sample4",
                "reports/mosdepth/sample4/sample4.recal.mosdepth.global.dist.txt",
                "reports/mosdepth/sample4/sample4.recal.mosdepth.region.dist.txt",
                "reports/mosdepth/sample4/sample4.recal.mosdepth.summary.txt",
                "reports/mosdepth/sample4/sample4.recal.per-base.bed.gz",
                "reports/mosdepth/sample4/sample4.recal.per-base.bed.gz.csi",
                "reports/mosdepth/sample4/sample4.recal.regions.bed.gz",
                "reports/mosdepth/sample4/sample4.recal.regions.bed.gz.csi",
                "reports/samtools",
                "reports/samtools/sample3",
                "reports/samtools/sample3/sample3.recal.cram.stats",
                "reports/samtools/sample4",
                "reports/samtools/sample4/sample4.recal.cram.stats",
                "reports/vcftools",
                "reports/vcftools/muse",
                "reports/vcftools/muse/sample4_vs_sample3",
                "reports/vcftools/muse/sample4_vs_sample3/sample4_vs_sample3.muse.FILTER.summary",
                "reports/vcftools/muse/sample4_vs_sample3/sample4_vs_sample3.muse.TsTv.count",
                "reports/vcftools/muse/sample4_vs_sample3/sample4_vs_sample3.muse.TsTv.qual",
                "variant_calling",
                "variant_calling/muse",
                "variant_calling/muse/sample4_vs_sample3",
                "variant_calling/muse/sample4_vs_sample3/sample4_vs_sample3.MuSE.txt",
                "variant_calling/muse/sample4_vs_sample3/sample4_vs_sample3.muse.vcf.gz",
                "variant_calling/muse/sample4_vs_sample3/sample4_vs_sample3.muse.vcf.gz.tbi"
            ],
            [
                "sample3.bam:md5,8cfa7f35990240ab663a0776ae67ecdc",
                "sample3.bam.bai:md5,c55142e20838c3b56d93ff853a7b7189",
                "sample4.bam:md5,fe8ceee2ede1f9b0b4f2aaa3f1a97241",
                "sample4.bam.bai:md5,c6d0e6be2e5d8a6bd312517d9ba0f4af",
                "mosdepth-coverage-per-contig-single.txt:md5,4ee05f71086179b42a01cd2fb450346f",
                "mosdepth-cumcoverage-dist-id.txt:md5,cb7468f51b8be1230fb3ac5b130be31f",
                "mosdepth_perchrom.txt:md5,4ee05f71086179b42a01cd2fb450346f",
                "multiqc_citations.txt:md5,d40980f61eb64026d58102841b7f3860",
                "samtools-stats-dp.txt:md5,e0a8d8867064083908a8ca1ea782d7ac",
                "samtools_alignment_plot.txt:md5,f4b1a7cef760291172144a8614b4a1cd",
                "sample4_vs_sample3.muse.bcftools_stats.txt:md5,09a0d72425a3638cbe8f1cbd254e66f3",
                "sample3.recal.mosdepth.global.dist.txt:md5,69e29702ef01fd8f6c7a5468fc35a16a",
                "sample3.recal.mosdepth.region.dist.txt:md5,6ec49cd7d510c2eb3d9d90fdb79b783a",
                "sample3.recal.mosdepth.summary.txt:md5,103098d0bf76ed82d2b87d5f242b099a",
                "sample3.recal.per-base.bed.gz:md5,297f96648928d0ca5184223fb9941e7c",
                "sample3.recal.per-base.bed.gz.csi:md5,c67dcd711b096eb42f43784d5eadbc0d",
                "sample3.recal.regions.bed.gz:md5,314ce8d7273eff353072108aa77c327c",
                "sample3.recal.regions.bed.gz.csi:md5,9cb0ad7039a3b703d16ca7d5b835c0ee",
                "sample4.recal.mosdepth.global.dist.txt:md5,f2dcd00a64947c49e8e4b93c2f4fbf27",
                "sample4.recal.mosdepth.region.dist.txt:md5,39005ffaac22871ffaaf19656fe69c5b",
                "sample4.recal.mosdepth.summary.txt:md5,68d4b98f17361fddf73052ead34fa370",
                "sample4.recal.per-base.bed.gz:md5,39a1bc436aa8546c26faedbe94cb676c",
                "sample4.recal.per-base.bed.gz.csi:md5,cfb07b0ba46e8468b4342edb243536f3",
                "sample4.recal.regions.bed.gz:md5,b7561bc56a955f7db0f11e67e2ec0386",
                "sample4.recal.regions.bed.gz.csi:md5,393c2749068304d8545b501b9d4658e4",
                "sample4_vs_sample3.muse.FILTER.summary:md5,1ce42d34e4ae919afb519efc99146423",
                "sample4_vs_sample3.muse.TsTv.count:md5,8dcfdbcaac118df1d5ad407dd2af699f"
            ],
            [
                "sample3.bam:md5,891da60dc1cc5c6455bfc1442aea0982",
                "sample4.bam:md5,36856b3e6dd1bc0f10688b9d8c02faa8"
            ],
            "No CRAM files",
            [
                "sample4_vs_sample3.MuSE.txt:md5,32961f7d718b4a1114f168253e50ef9e"
            ],
            [
                "sample4_vs_sample3.muse.vcf.gz:md5,d41d8cd98f00b204e9800998ecf8427e"
            ]
        ],
        "meta": {
            "nf-test": "0.9.2",
            "nextflow": "24.10.6"
        },
        "timestamp": "2025-05-08T16:21:39.484419416"
    }
}