{
    "-profile test --tools mpileup --input recalibrated_tumoronly.csv": {
        "content": [
            11,
            {
                "BCFTOOLS_MPILEUP": {
                    "bcftools": 1.21
                },
                "BCFTOOLS_STATS": {
                    "bcftools": 1.21
                },
                "CREATE_INTERVALS_BED": {
                    "gawk": "5.1.0"
                },
                "MOSDEPTH": {
                    "mosdepth": "0.3.10"
                },
                "SAMTOOLS_STATS": {
                    "samtools": 1.21
                },
                "TABIX_BGZIPTABIX_INTERVAL_COMBINED": {
                    "tabix": 1.21
                },
                "TABIX_BGZIPTABIX_INTERVAL_SPLIT": {
                    "tabix": 1.21
                },
                "VCFTOOLS_TSTV_COUNT": {
                    "vcftools": "0.1.16"
                }
            },
            [
                "csv",
                "csv/variantcalled.csv",
                "multiqc",
                "multiqc/multiqc_data",
                "multiqc/multiqc_data/BETA-multiqc.parquet",
                "multiqc/multiqc_data/bcftools-stats-subtypes.txt",
                "multiqc/multiqc_data/bcftools_stats_indel-lengths.txt",
                "multiqc/multiqc_data/bcftools_stats_variant_depths.txt",
                "multiqc/multiqc_data/bcftools_stats_vqc_Count_Indels.txt",
                "multiqc/multiqc_data/bcftools_stats_vqc_Count_SNP.txt",
                "multiqc/multiqc_data/bcftools_stats_vqc_Count_Transitions.txt",
                "multiqc/multiqc_data/bcftools_stats_vqc_Count_Transversions.txt",
                "multiqc/multiqc_data/llms-full.txt",
                "multiqc/multiqc_data/mosdepth-coverage-per-contig-single.txt",
                "multiqc/multiqc_data/mosdepth-cumcoverage-dist-id.txt",
                "multiqc/multiqc_data/mosdepth_cov_dist.txt",
                "multiqc/multiqc_data/mosdepth_cumcov_dist.txt",
                "multiqc/multiqc_data/mosdepth_perchrom.txt",
                "multiqc/multiqc_data/multiqc.log",
                "multiqc/multiqc_data/multiqc_bcftools_stats.txt",
                "multiqc/multiqc_data/multiqc_citations.txt",
                "multiqc/multiqc_data/multiqc_data.json",
                "multiqc/multiqc_data/multiqc_general_stats.txt",
                "multiqc/multiqc_data/multiqc_samtools_stats.txt",
                "multiqc/multiqc_data/multiqc_software_versions.txt",
                "multiqc/multiqc_data/multiqc_sources.txt",
                "multiqc/multiqc_data/samtools-stats-dp.txt",
                "multiqc/multiqc_data/samtools_alignment_plot.txt",
                "multiqc/multiqc_data/vcftools_tstv_by_count.txt",
                "multiqc/multiqc_data/vcftools_tstv_by_qual.txt",
                "multiqc/multiqc_plots",
                "multiqc/multiqc_plots/pdf",
                "multiqc/multiqc_plots/pdf/bcftools-stats-subtypes-cnt.pdf",
                "multiqc/multiqc_plots/pdf/bcftools-stats-subtypes-pct.pdf",
                "multiqc/multiqc_plots/pdf/bcftools_stats_indel-lengths.pdf",
                "multiqc/multiqc_plots/pdf/bcftools_stats_variant_depths.pdf",
                "multiqc/multiqc_plots/pdf/bcftools_stats_vqc_Count_Indels.pdf",
                "multiqc/multiqc_plots/pdf/bcftools_stats_vqc_Count_SNP.pdf",
                "multiqc/multiqc_plots/pdf/bcftools_stats_vqc_Count_Transitions.pdf",
                "multiqc/multiqc_plots/pdf/bcftools_stats_vqc_Count_Transversions.pdf",
                "multiqc/multiqc_plots/pdf/mosdepth-coverage-per-contig-single-cnt.pdf",
                "multiqc/multiqc_plots/pdf/mosdepth-coverage-per-contig-single-pct.pdf",
                "multiqc/multiqc_plots/pdf/mosdepth-cumcoverage-dist-id.pdf",
                "multiqc/multiqc_plots/pdf/samtools-stats-dp.pdf",
                "multiqc/multiqc_plots/pdf/samtools_alignment_plot-cnt.pdf",
                "multiqc/multiqc_plots/pdf/samtools_alignment_plot-pct.pdf",
                "multiqc/multiqc_plots/pdf/vcftools_tstv_by_count.pdf",
                "multiqc/multiqc_plots/pdf/vcftools_tstv_by_qual.pdf",
                "multiqc/multiqc_plots/png",
                "multiqc/multiqc_plots/png/bcftools-stats-subtypes-cnt.png",
                "multiqc/multiqc_plots/png/bcftools-stats-subtypes-pct.png",
                "multiqc/multiqc_plots/png/bcftools_stats_indel-lengths.png",
                "multiqc/multiqc_plots/png/bcftools_stats_variant_depths.png",
                "multiqc/multiqc_plots/png/bcftools_stats_vqc_Count_Indels.png",
                "multiqc/multiqc_plots/png/bcftools_stats_vqc_Count_SNP.png",
                "multiqc/multiqc_plots/png/bcftools_stats_vqc_Count_Transitions.png",
                "multiqc/multiqc_plots/png/bcftools_stats_vqc_Count_Transversions.png",
                "multiqc/multiqc_plots/png/mosdepth-coverage-per-contig-single-cnt.png",
                "multiqc/multiqc_plots/png/mosdepth-coverage-per-contig-single-pct.png",
                "multiqc/multiqc_plots/png/mosdepth-cumcoverage-dist-id.png",
                "multiqc/multiqc_plots/png/samtools-stats-dp.png",
                "multiqc/multiqc_plots/png/samtools_alignment_plot-cnt.png",
                "multiqc/multiqc_plots/png/samtools_alignment_plot-pct.png",
                "multiqc/multiqc_plots/png/vcftools_tstv_by_count.png",
                "multiqc/multiqc_plots/png/vcftools_tstv_by_qual.png",
                "multiqc/multiqc_plots/svg",
                "multiqc/multiqc_plots/svg/bcftools-stats-subtypes-cnt.svg",
                "multiqc/multiqc_plots/svg/bcftools-stats-subtypes-pct.svg",
                "multiqc/multiqc_plots/svg/bcftools_stats_indel-lengths.svg",
                "multiqc/multiqc_plots/svg/bcftools_stats_variant_depths.svg",
                "multiqc/multiqc_plots/svg/bcftools_stats_vqc_Count_Indels.svg",
                "multiqc/multiqc_plots/svg/bcftools_stats_vqc_Count_SNP.svg",
                "multiqc/multiqc_plots/svg/bcftools_stats_vqc_Count_Transitions.svg",
                "multiqc/multiqc_plots/svg/bcftools_stats_vqc_Count_Transversions.svg",
                "multiqc/multiqc_plots/svg/mosdepth-coverage-per-contig-single-cnt.svg",
                "multiqc/multiqc_plots/svg/mosdepth-coverage-per-contig-single-pct.svg",
                "multiqc/multiqc_plots/svg/mosdepth-cumcoverage-dist-id.svg",
                "multiqc/multiqc_plots/svg/samtools-stats-dp.svg",
                "multiqc/multiqc_plots/svg/samtools_alignment_plot-cnt.svg",
                "multiqc/multiqc_plots/svg/samtools_alignment_plot-pct.svg",
                "multiqc/multiqc_plots/svg/vcftools_tstv_by_count.svg",
                "multiqc/multiqc_plots/svg/vcftools_tstv_by_qual.svg",
                "multiqc/multiqc_report.html",
                "pipeline_info",
                "pipeline_info/nf_core_sarek_software_mqc_versions.yml",
                "reference",
                "reports",
                "reports/bcftools",
                "reports/bcftools/bcftools",
                "reports/bcftools/bcftools/sample2",
                "reports/bcftools/bcftools/sample2/sample2.bcftools.bcftools_stats.txt",
                "reports/mosdepth",
                "reports/mosdepth/sample2",
                "reports/mosdepth/sample2/sample2.recal.mosdepth.global.dist.txt",
                "reports/mosdepth/sample2/sample2.recal.mosdepth.region.dist.txt",
                "reports/mosdepth/sample2/sample2.recal.mosdepth.summary.txt",
                "reports/mosdepth/sample2/sample2.recal.regions.bed.gz",
                "reports/mosdepth/sample2/sample2.recal.regions.bed.gz.csi",
                "reports/samtools",
                "reports/samtools/sample2",
                "reports/samtools/sample2/sample2.recal.cram.stats",
                "reports/vcftools",
                "reports/vcftools/bcftools",
                "reports/vcftools/bcftools/sample2",
                "reports/vcftools/bcftools/sample2/sample2.bcftools.FILTER.summary",
                "reports/vcftools/bcftools/sample2/sample2.bcftools.TsTv.count",
                "reports/vcftools/bcftools/sample2/sample2.bcftools.TsTv.qual",
                "variant_calling",
                "variant_calling/bcftools",
                "variant_calling/bcftools/sample2",
                "variant_calling/bcftools/sample2/sample2.bcftools.vcf.gz",
                "variant_calling/bcftools/sample2/sample2.bcftools.vcf.gz.tbi"
            ],
            [
                "mosdepth-coverage-per-contig-single.txt:md5,ff38f1e35ce12244c751921db673b23c",
                "mosdepth-cumcoverage-dist-id.txt:md5,8398d1127a10d0c002831ddedfb9713b",
                "mosdepth_perchrom.txt:md5,ff38f1e35ce12244c751921db673b23c",
                "multiqc_citations.txt:md5,d40980f61eb64026d58102841b7f3860",
                "samtools-stats-dp.txt:md5,6618ece77181051a58275f504f67ea5b",
                "samtools_alignment_plot.txt:md5,6136e5e1d072f166f280fb79424c392f",
                "sample2.bcftools.bcftools_stats.txt:md5,3299f97352e32c873c95e43922c79147",
                "sample2.recal.mosdepth.global.dist.txt:md5,53f9ae9ab5002ffba340fa8cef7d70e4",
                "sample2.recal.mosdepth.region.dist.txt:md5,17600d21ac453506c52249cf435ad8ea",
                "sample2.recal.mosdepth.summary.txt:md5,7141030385af1f653718c9e0c9a5be80",
                "sample2.recal.regions.bed.gz:md5,c680c5d75f0cea068e3f917f4cf9bf52",
                "sample2.recal.regions.bed.gz.csi:md5,68b7a9a98053b1122bdca68a1e1c87dd",
                "sample2.bcftools.FILTER.summary:md5,8766995f3e4119ef30dfdaa9fb3752ce",
                "sample2.bcftools.TsTv.count:md5,01df95fcb4df593f7e1b214d90ebdb59"
            ],
            "No BAM files",
            "No CRAM files",
            [
                "sample2.bcftools.vcf.gz:md5,439c858d3b61aa738252353e2fd04225"
            ]
        ],
        "meta": {
            "nf-test": "0.9.2",
            "nextflow": "25.04.3"
        },
        "timestamp": "2025-06-16T12:15:50.711333593"
    },
    "-profile test --tools mpileup --input recalibrated_germline.csv --no_intervals": {
        "content": [
            9,
            {
                "BCFTOOLS_MPILEUP": {
                    "bcftools": 1.21
                },
                "BCFTOOLS_STATS": {
                    "bcftools": 1.21
                },
                "MOSDEPTH": {
                    "mosdepth": "0.3.10"
                },
                "SAMTOOLS_STATS": {
                    "samtools": 1.21
                },
                "TABIX_BGZIPTABIX_INTERVAL_COMBINED": {
                    "tabix": 1.21
                },
                "VCFTOOLS_TSTV_COUNT": {
                    "vcftools": "0.1.16"
                }
            },
            [
                "csv",
                "csv/variantcalled.csv",
                "multiqc",
                "multiqc/multiqc_data",
                "multiqc/multiqc_data/BETA-multiqc.parquet",
                "multiqc/multiqc_data/bcftools-stats-subtypes.txt",
                "multiqc/multiqc_data/bcftools_stats_indel-lengths.txt",
                "multiqc/multiqc_data/bcftools_stats_variant_depths.txt",
                "multiqc/multiqc_data/bcftools_stats_vqc_Count_Indels.txt",
                "multiqc/multiqc_data/bcftools_stats_vqc_Count_SNP.txt",
                "multiqc/multiqc_data/bcftools_stats_vqc_Count_Transitions.txt",
                "multiqc/multiqc_data/bcftools_stats_vqc_Count_Transversions.txt",
                "multiqc/multiqc_data/llms-full.txt",
                "multiqc/multiqc_data/mosdepth-coverage-per-contig-single.txt",
                "multiqc/multiqc_data/mosdepth-cumcoverage-dist-id.txt",
                "multiqc/multiqc_data/mosdepth_cov_dist.txt",
                "multiqc/multiqc_data/mosdepth_cumcov_dist.txt",
                "multiqc/multiqc_data/mosdepth_perchrom.txt",
                "multiqc/multiqc_data/multiqc.log",
                "multiqc/multiqc_data/multiqc_bcftools_stats.txt",
                "multiqc/multiqc_data/multiqc_citations.txt",
                "multiqc/multiqc_data/multiqc_data.json",
                "multiqc/multiqc_data/multiqc_general_stats.txt",
                "multiqc/multiqc_data/multiqc_samtools_stats.txt",
                "multiqc/multiqc_data/multiqc_software_versions.txt",
                "multiqc/multiqc_data/multiqc_sources.txt",
                "multiqc/multiqc_data/samtools-stats-dp.txt",
                "multiqc/multiqc_data/samtools_alignment_plot.txt",
                "multiqc/multiqc_data/vcftools_tstv_by_count.txt",
                "multiqc/multiqc_data/vcftools_tstv_by_qual.txt",
                "multiqc/multiqc_plots",
                "multiqc/multiqc_plots/pdf",
                "multiqc/multiqc_plots/pdf/bcftools-stats-subtypes-cnt.pdf",
                "multiqc/multiqc_plots/pdf/bcftools-stats-subtypes-pct.pdf",
                "multiqc/multiqc_plots/pdf/bcftools_stats_indel-lengths.pdf",
                "multiqc/multiqc_plots/pdf/bcftools_stats_variant_depths.pdf",
                "multiqc/multiqc_plots/pdf/bcftools_stats_vqc_Count_Indels.pdf",
                "multiqc/multiqc_plots/pdf/bcftools_stats_vqc_Count_SNP.pdf",
                "multiqc/multiqc_plots/pdf/bcftools_stats_vqc_Count_Transitions.pdf",
                "multiqc/multiqc_plots/pdf/bcftools_stats_vqc_Count_Transversions.pdf",
                "multiqc/multiqc_plots/pdf/mosdepth-coverage-per-contig-single-cnt.pdf",
                "multiqc/multiqc_plots/pdf/mosdepth-coverage-per-contig-single-pct.pdf",
                "multiqc/multiqc_plots/pdf/mosdepth-cumcoverage-dist-id.pdf",
                "multiqc/multiqc_plots/pdf/samtools-stats-dp.pdf",
                "multiqc/multiqc_plots/pdf/samtools_alignment_plot-cnt.pdf",
                "multiqc/multiqc_plots/pdf/samtools_alignment_plot-pct.pdf",
                "multiqc/multiqc_plots/pdf/vcftools_tstv_by_count.pdf",
                "multiqc/multiqc_plots/pdf/vcftools_tstv_by_qual.pdf",
                "multiqc/multiqc_plots/png",
                "multiqc/multiqc_plots/png/bcftools-stats-subtypes-cnt.png",
                "multiqc/multiqc_plots/png/bcftools-stats-subtypes-pct.png",
                "multiqc/multiqc_plots/png/bcftools_stats_indel-lengths.png",
                "multiqc/multiqc_plots/png/bcftools_stats_variant_depths.png",
                "multiqc/multiqc_plots/png/bcftools_stats_vqc_Count_Indels.png",
                "multiqc/multiqc_plots/png/bcftools_stats_vqc_Count_SNP.png",
                "multiqc/multiqc_plots/png/bcftools_stats_vqc_Count_Transitions.png",
                "multiqc/multiqc_plots/png/bcftools_stats_vqc_Count_Transversions.png",
                "multiqc/multiqc_plots/png/mosdepth-coverage-per-contig-single-cnt.png",
                "multiqc/multiqc_plots/png/mosdepth-coverage-per-contig-single-pct.png",
                "multiqc/multiqc_plots/png/mosdepth-cumcoverage-dist-id.png",
                "multiqc/multiqc_plots/png/samtools-stats-dp.png",
                "multiqc/multiqc_plots/png/samtools_alignment_plot-cnt.png",
                "multiqc/multiqc_plots/png/samtools_alignment_plot-pct.png",
                "multiqc/multiqc_plots/png/vcftools_tstv_by_count.png",
                "multiqc/multiqc_plots/png/vcftools_tstv_by_qual.png",
                "multiqc/multiqc_plots/svg",
                "multiqc/multiqc_plots/svg/bcftools-stats-subtypes-cnt.svg",
                "multiqc/multiqc_plots/svg/bcftools-stats-subtypes-pct.svg",
                "multiqc/multiqc_plots/svg/bcftools_stats_indel-lengths.svg",
                "multiqc/multiqc_plots/svg/bcftools_stats_variant_depths.svg",
                "multiqc/multiqc_plots/svg/bcftools_stats_vqc_Count_Indels.svg",
                "multiqc/multiqc_plots/svg/bcftools_stats_vqc_Count_SNP.svg",
                "multiqc/multiqc_plots/svg/bcftools_stats_vqc_Count_Transitions.svg",
                "multiqc/multiqc_plots/svg/bcftools_stats_vqc_Count_Transversions.svg",
                "multiqc/multiqc_plots/svg/mosdepth-coverage-per-contig-single-cnt.svg",
                "multiqc/multiqc_plots/svg/mosdepth-coverage-per-contig-single-pct.svg",
                "multiqc/multiqc_plots/svg/mosdepth-cumcoverage-dist-id.svg",
                "multiqc/multiqc_plots/svg/samtools-stats-dp.svg",
                "multiqc/multiqc_plots/svg/samtools_alignment_plot-cnt.svg",
                "multiqc/multiqc_plots/svg/samtools_alignment_plot-pct.svg",
                "multiqc/multiqc_plots/svg/vcftools_tstv_by_count.svg",
                "multiqc/multiqc_plots/svg/vcftools_tstv_by_qual.svg",
                "multiqc/multiqc_report.html",
                "no_intervals.bed",
                "no_intervals.bed.gz",
                "no_intervals.bed.gz.tbi",
                "pipeline_info",
                "pipeline_info/nf_core_sarek_software_mqc_versions.yml",
                "reference",
                "reports",
                "reports/bcftools",
                "reports/bcftools/bcftools",
                "reports/bcftools/bcftools/sample1",
                "reports/bcftools/bcftools/sample1/sample1.bcftools.bcftools_stats.txt",
                "reports/mosdepth",
                "reports/mosdepth/sample1",
                "reports/mosdepth/sample1/sample1.recal.mosdepth.global.dist.txt",
                "reports/mosdepth/sample1/sample1.recal.mosdepth.region.dist.txt",
                "reports/mosdepth/sample1/sample1.recal.mosdepth.summary.txt",
                "reports/mosdepth/sample1/sample1.recal.regions.bed.gz",
                "reports/mosdepth/sample1/sample1.recal.regions.bed.gz.csi",
                "reports/samtools",
                "reports/samtools/sample1",
                "reports/samtools/sample1/sample1.recal.cram.stats",
                "reports/vcftools",
                "reports/vcftools/bcftools",
                "reports/vcftools/bcftools/sample1",
                "reports/vcftools/bcftools/sample1/sample1.bcftools.FILTER.summary",
                "reports/vcftools/bcftools/sample1/sample1.bcftools.TsTv.count",
                "reports/vcftools/bcftools/sample1/sample1.bcftools.TsTv.qual",
                "variant_calling",
                "variant_calling/bcftools",
                "variant_calling/bcftools/sample1",
                "variant_calling/bcftools/sample1/sample1.bcftools.vcf.gz",
                "variant_calling/bcftools/sample1/sample1.bcftools.vcf.gz.tbi"
            ],
            [
                "mosdepth-coverage-per-contig-single.txt:md5,49fd828d21d79a5c9430cdb30d7f0126",
                "mosdepth-cumcoverage-dist-id.txt:md5,edd8dfc8023e629e476e01c3a1448d30",
                "mosdepth_perchrom.txt:md5,49fd828d21d79a5c9430cdb30d7f0126",
                "multiqc_citations.txt:md5,d40980f61eb64026d58102841b7f3860",
                "samtools-stats-dp.txt:md5,41d36c1a8413d565788a1a364b467606",
                "samtools_alignment_plot.txt:md5,35f8fd2a557568b2237193f46afbab5c",
                "sample1.bcftools.bcftools_stats.txt:md5,0659e2f55ea631b8757dd04facc286a1",
                "sample1.recal.mosdepth.global.dist.txt:md5,d9a4dd6429560b2b647da346050766c5",
                "sample1.recal.mosdepth.region.dist.txt:md5,1f3dab381958e08eb00f7c5e1135f677",
                "sample1.recal.mosdepth.summary.txt:md5,d7676e7c1de851b0ee5185d21096123b",
                "sample1.recal.regions.bed.gz:md5,6edeb8f7041a4403cb73651744b5bc82",
                "sample1.recal.regions.bed.gz.csi:md5,5fc6f880df27ca754ab229f0ccad2aea",
                "sample1.bcftools.FILTER.summary:md5,83a10512eb9d035f409a84db7e620c28",
                "sample1.bcftools.TsTv.count:md5,bfa998e75cbcb3da66f823cf39ef1e48"
            ],
            "No BAM files",
            "No CRAM files",
            [
                "sample1.bcftools.vcf.gz:md5,83ab8ae7c467336e1ee7f672bbb037ad"
            ]
        ],
        "meta": {
            "nf-test": "0.9.2",
            "nextflow": "25.04.3"
        },
        "timestamp": "2025-06-16T12:14:43.641798858"
    },
    "-profile test --tools mpileup --input recalibrated_tumoronly.csv --no_intervals": {
        "content": [
            9,
            {
                "BCFTOOLS_MPILEUP": {
                    "bcftools": 1.21
                },
                "BCFTOOLS_STATS": {
                    "bcftools": 1.21
                },
                "MOSDEPTH": {
                    "mosdepth": "0.3.10"
                },
                "SAMTOOLS_STATS": {
                    "samtools": 1.21
                },
                "TABIX_BGZIPTABIX_INTERVAL_COMBINED": {
                    "tabix": 1.21
                },
                "VCFTOOLS_TSTV_COUNT": {
                    "vcftools": "0.1.16"
                }
            },
            [
                "csv",
                "csv/variantcalled.csv",
                "multiqc",
                "multiqc/multiqc_data",
                "multiqc/multiqc_data/BETA-multiqc.parquet",
                "multiqc/multiqc_data/bcftools-stats-subtypes.txt",
                "multiqc/multiqc_data/bcftools_stats_indel-lengths.txt",
                "multiqc/multiqc_data/bcftools_stats_variant_depths.txt",
                "multiqc/multiqc_data/bcftools_stats_vqc_Count_Indels.txt",
                "multiqc/multiqc_data/bcftools_stats_vqc_Count_SNP.txt",
                "multiqc/multiqc_data/bcftools_stats_vqc_Count_Transitions.txt",
                "multiqc/multiqc_data/bcftools_stats_vqc_Count_Transversions.txt",
                "multiqc/multiqc_data/llms-full.txt",
                "multiqc/multiqc_data/mosdepth-coverage-per-contig-single.txt",
                "multiqc/multiqc_data/mosdepth-cumcoverage-dist-id.txt",
                "multiqc/multiqc_data/mosdepth_cov_dist.txt",
                "multiqc/multiqc_data/mosdepth_cumcov_dist.txt",
                "multiqc/multiqc_data/mosdepth_perchrom.txt",
                "multiqc/multiqc_data/multiqc.log",
                "multiqc/multiqc_data/multiqc_bcftools_stats.txt",
                "multiqc/multiqc_data/multiqc_citations.txt",
                "multiqc/multiqc_data/multiqc_data.json",
                "multiqc/multiqc_data/multiqc_general_stats.txt",
                "multiqc/multiqc_data/multiqc_samtools_stats.txt",
                "multiqc/multiqc_data/multiqc_software_versions.txt",
                "multiqc/multiqc_data/multiqc_sources.txt",
                "multiqc/multiqc_data/samtools-stats-dp.txt",
                "multiqc/multiqc_data/samtools_alignment_plot.txt",
                "multiqc/multiqc_data/vcftools_tstv_by_count.txt",
                "multiqc/multiqc_data/vcftools_tstv_by_qual.txt",
                "multiqc/multiqc_plots",
                "multiqc/multiqc_plots/pdf",
                "multiqc/multiqc_plots/pdf/bcftools-stats-subtypes-cnt.pdf",
                "multiqc/multiqc_plots/pdf/bcftools-stats-subtypes-pct.pdf",
                "multiqc/multiqc_plots/pdf/bcftools_stats_indel-lengths.pdf",
                "multiqc/multiqc_plots/pdf/bcftools_stats_variant_depths.pdf",
                "multiqc/multiqc_plots/pdf/bcftools_stats_vqc_Count_Indels.pdf",
                "multiqc/multiqc_plots/pdf/bcftools_stats_vqc_Count_SNP.pdf",
                "multiqc/multiqc_plots/pdf/bcftools_stats_vqc_Count_Transitions.pdf",
                "multiqc/multiqc_plots/pdf/bcftools_stats_vqc_Count_Transversions.pdf",
                "multiqc/multiqc_plots/pdf/mosdepth-coverage-per-contig-single-cnt.pdf",
                "multiqc/multiqc_plots/pdf/mosdepth-coverage-per-contig-single-pct.pdf",
                "multiqc/multiqc_plots/pdf/mosdepth-cumcoverage-dist-id.pdf",
                "multiqc/multiqc_plots/pdf/samtools-stats-dp.pdf",
                "multiqc/multiqc_plots/pdf/samtools_alignment_plot-cnt.pdf",
                "multiqc/multiqc_plots/pdf/samtools_alignment_plot-pct.pdf",
                "multiqc/multiqc_plots/pdf/vcftools_tstv_by_count.pdf",
                "multiqc/multiqc_plots/pdf/vcftools_tstv_by_qual.pdf",
                "multiqc/multiqc_plots/png",
                "multiqc/multiqc_plots/png/bcftools-stats-subtypes-cnt.png",
                "multiqc/multiqc_plots/png/bcftools-stats-subtypes-pct.png",
                "multiqc/multiqc_plots/png/bcftools_stats_indel-lengths.png",
                "multiqc/multiqc_plots/png/bcftools_stats_variant_depths.png",
                "multiqc/multiqc_plots/png/bcftools_stats_vqc_Count_Indels.png",
                "multiqc/multiqc_plots/png/bcftools_stats_vqc_Count_SNP.png",
                "multiqc/multiqc_plots/png/bcftools_stats_vqc_Count_Transitions.png",
                "multiqc/multiqc_plots/png/bcftools_stats_vqc_Count_Transversions.png",
                "multiqc/multiqc_plots/png/mosdepth-coverage-per-contig-single-cnt.png",
                "multiqc/multiqc_plots/png/mosdepth-coverage-per-contig-single-pct.png",
                "multiqc/multiqc_plots/png/mosdepth-cumcoverage-dist-id.png",
                "multiqc/multiqc_plots/png/samtools-stats-dp.png",
                "multiqc/multiqc_plots/png/samtools_alignment_plot-cnt.png",
                "multiqc/multiqc_plots/png/samtools_alignment_plot-pct.png",
                "multiqc/multiqc_plots/png/vcftools_tstv_by_count.png",
                "multiqc/multiqc_plots/png/vcftools_tstv_by_qual.png",
                "multiqc/multiqc_plots/svg",
                "multiqc/multiqc_plots/svg/bcftools-stats-subtypes-cnt.svg",
                "multiqc/multiqc_plots/svg/bcftools-stats-subtypes-pct.svg",
                "multiqc/multiqc_plots/svg/bcftools_stats_indel-lengths.svg",
                "multiqc/multiqc_plots/svg/bcftools_stats_variant_depths.svg",
                "multiqc/multiqc_plots/svg/bcftools_stats_vqc_Count_Indels.svg",
                "multiqc/multiqc_plots/svg/bcftools_stats_vqc_Count_SNP.svg",
                "multiqc/multiqc_plots/svg/bcftools_stats_vqc_Count_Transitions.svg",
                "multiqc/multiqc_plots/svg/bcftools_stats_vqc_Count_Transversions.svg",
                "multiqc/multiqc_plots/svg/mosdepth-coverage-per-contig-single-cnt.svg",
                "multiqc/multiqc_plots/svg/mosdepth-coverage-per-contig-single-pct.svg",
                "multiqc/multiqc_plots/svg/mosdepth-cumcoverage-dist-id.svg",
                "multiqc/multiqc_plots/svg/samtools-stats-dp.svg",
                "multiqc/multiqc_plots/svg/samtools_alignment_plot-cnt.svg",
                "multiqc/multiqc_plots/svg/samtools_alignment_plot-pct.svg",
                "multiqc/multiqc_plots/svg/vcftools_tstv_by_count.svg",
                "multiqc/multiqc_plots/svg/vcftools_tstv_by_qual.svg",
                "multiqc/multiqc_report.html",
                "no_intervals.bed",
                "no_intervals.bed.gz",
                "no_intervals.bed.gz.tbi",
                "pipeline_info",
                "pipeline_info/nf_core_sarek_software_mqc_versions.yml",
                "reference",
                "reports",
                "reports/bcftools",
                "reports/bcftools/bcftools",
                "reports/bcftools/bcftools/sample2",
                "reports/bcftools/bcftools/sample2/sample2.bcftools.bcftools_stats.txt",
                "reports/mosdepth",
                "reports/mosdepth/sample2",
                "reports/mosdepth/sample2/sample2.recal.mosdepth.global.dist.txt",
                "reports/mosdepth/sample2/sample2.recal.mosdepth.region.dist.txt",
                "reports/mosdepth/sample2/sample2.recal.mosdepth.summary.txt",
                "reports/mosdepth/sample2/sample2.recal.regions.bed.gz",
                "reports/mosdepth/sample2/sample2.recal.regions.bed.gz.csi",
                "reports/samtools",
                "reports/samtools/sample2",
                "reports/samtools/sample2/sample2.recal.cram.stats",
                "reports/vcftools",
                "reports/vcftools/bcftools",
                "reports/vcftools/bcftools/sample2",
                "reports/vcftools/bcftools/sample2/sample2.bcftools.FILTER.summary",
                "reports/vcftools/bcftools/sample2/sample2.bcftools.TsTv.count",
                "reports/vcftools/bcftools/sample2/sample2.bcftools.TsTv.qual",
                "variant_calling",
                "variant_calling/bcftools",
                "variant_calling/bcftools/sample2",
                "variant_calling/bcftools/sample2/sample2.bcftools.vcf.gz",
                "variant_calling/bcftools/sample2/sample2.bcftools.vcf.gz.tbi"
            ],
            [
                "mosdepth-coverage-per-contig-single.txt:md5,ff38f1e35ce12244c751921db673b23c",
                "mosdepth-cumcoverage-dist-id.txt:md5,8398d1127a10d0c002831ddedfb9713b",
                "mosdepth_perchrom.txt:md5,ff38f1e35ce12244c751921db673b23c",
                "multiqc_citations.txt:md5,d40980f61eb64026d58102841b7f3860",
                "samtools-stats-dp.txt:md5,6618ece77181051a58275f504f67ea5b",
                "samtools_alignment_plot.txt:md5,6136e5e1d072f166f280fb79424c392f",
                "sample2.bcftools.bcftools_stats.txt:md5,cc6063baaf7443b12b3fa1c972e804c8",
                "sample2.recal.mosdepth.global.dist.txt:md5,53f9ae9ab5002ffba340fa8cef7d70e4",
                "sample2.recal.mosdepth.region.dist.txt:md5,17600d21ac453506c52249cf435ad8ea",
                "sample2.recal.mosdepth.summary.txt:md5,7141030385af1f653718c9e0c9a5be80",
                "sample2.recal.regions.bed.gz:md5,c680c5d75f0cea068e3f917f4cf9bf52",
                "sample2.recal.regions.bed.gz.csi:md5,68b7a9a98053b1122bdca68a1e1c87dd",
                "sample2.bcftools.FILTER.summary:md5,f295c70f174e7705fc2bac607aedbfda",
                "sample2.bcftools.TsTv.count:md5,e5d20f81fc97f7ee97fb6cb6bd851047"
            ],
            "No BAM files",
            "No CRAM files",
            [
                "sample2.bcftools.vcf.gz:md5,bb006620fd9b7eaf5104d64f34290901"
            ]
        ],
        "meta": {
            "nf-test": "0.9.2",
            "nextflow": "25.04.3"
        },
        "timestamp": "2025-06-16T12:16:56.964146117"
    },
    "-profile test --tools mpileup --input recalibrated_germline.csv": {
        "content": [
            11,
            {
                "BCFTOOLS_MPILEUP": {
                    "bcftools": 1.21
                },
                "BCFTOOLS_STATS": {
                    "bcftools": 1.21
                },
                "CREATE_INTERVALS_BED": {
                    "gawk": "5.1.0"
                },
                "MOSDEPTH": {
                    "mosdepth": "0.3.10"
                },
                "SAMTOOLS_STATS": {
                    "samtools": 1.21
                },
                "TABIX_BGZIPTABIX_INTERVAL_COMBINED": {
                    "tabix": 1.21
                },
                "TABIX_BGZIPTABIX_INTERVAL_SPLIT": {
                    "tabix": 1.21
                },
                "VCFTOOLS_TSTV_COUNT": {
                    "vcftools": "0.1.16"
                }
            },
            [
                "csv",
                "csv/variantcalled.csv",
                "multiqc",
                "multiqc/multiqc_data",
                "multiqc/multiqc_data/BETA-multiqc.parquet",
                "multiqc/multiqc_data/bcftools-stats-subtypes.txt",
                "multiqc/multiqc_data/bcftools_stats_indel-lengths.txt",
                "multiqc/multiqc_data/bcftools_stats_variant_depths.txt",
                "multiqc/multiqc_data/bcftools_stats_vqc_Count_Indels.txt",
                "multiqc/multiqc_data/bcftools_stats_vqc_Count_SNP.txt",
                "multiqc/multiqc_data/bcftools_stats_vqc_Count_Transitions.txt",
                "multiqc/multiqc_data/bcftools_stats_vqc_Count_Transversions.txt",
                "multiqc/multiqc_data/llms-full.txt",
                "multiqc/multiqc_data/mosdepth-coverage-per-contig-single.txt",
                "multiqc/multiqc_data/mosdepth-cumcoverage-dist-id.txt",
                "multiqc/multiqc_data/mosdepth_cov_dist.txt",
                "multiqc/multiqc_data/mosdepth_cumcov_dist.txt",
                "multiqc/multiqc_data/mosdepth_perchrom.txt",
                "multiqc/multiqc_data/multiqc.log",
                "multiqc/multiqc_data/multiqc_bcftools_stats.txt",
                "multiqc/multiqc_data/multiqc_citations.txt",
                "multiqc/multiqc_data/multiqc_data.json",
                "multiqc/multiqc_data/multiqc_general_stats.txt",
                "multiqc/multiqc_data/multiqc_samtools_stats.txt",
                "multiqc/multiqc_data/multiqc_software_versions.txt",
                "multiqc/multiqc_data/multiqc_sources.txt",
                "multiqc/multiqc_data/samtools-stats-dp.txt",
                "multiqc/multiqc_data/samtools_alignment_plot.txt",
                "multiqc/multiqc_data/vcftools_tstv_by_count.txt",
                "multiqc/multiqc_data/vcftools_tstv_by_qual.txt",
                "multiqc/multiqc_plots",
                "multiqc/multiqc_plots/pdf",
                "multiqc/multiqc_plots/pdf/bcftools-stats-subtypes-cnt.pdf",
                "multiqc/multiqc_plots/pdf/bcftools-stats-subtypes-pct.pdf",
                "multiqc/multiqc_plots/pdf/bcftools_stats_indel-lengths.pdf",
                "multiqc/multiqc_plots/pdf/bcftools_stats_variant_depths.pdf",
                "multiqc/multiqc_plots/pdf/bcftools_stats_vqc_Count_Indels.pdf",
                "multiqc/multiqc_plots/pdf/bcftools_stats_vqc_Count_SNP.pdf",
                "multiqc/multiqc_plots/pdf/bcftools_stats_vqc_Count_Transitions.pdf",
                "multiqc/multiqc_plots/pdf/bcftools_stats_vqc_Count_Transversions.pdf",
                "multiqc/multiqc_plots/pdf/mosdepth-coverage-per-contig-single-cnt.pdf",
                "multiqc/multiqc_plots/pdf/mosdepth-coverage-per-contig-single-pct.pdf",
                "multiqc/multiqc_plots/pdf/mosdepth-cumcoverage-dist-id.pdf",
                "multiqc/multiqc_plots/pdf/samtools-stats-dp.pdf",
                "multiqc/multiqc_plots/pdf/samtools_alignment_plot-cnt.pdf",
                "multiqc/multiqc_plots/pdf/samtools_alignment_plot-pct.pdf",
                "multiqc/multiqc_plots/pdf/vcftools_tstv_by_count.pdf",
                "multiqc/multiqc_plots/pdf/vcftools_tstv_by_qual.pdf",
                "multiqc/multiqc_plots/png",
                "multiqc/multiqc_plots/png/bcftools-stats-subtypes-cnt.png",
                "multiqc/multiqc_plots/png/bcftools-stats-subtypes-pct.png",
                "multiqc/multiqc_plots/png/bcftools_stats_indel-lengths.png",
                "multiqc/multiqc_plots/png/bcftools_stats_variant_depths.png",
                "multiqc/multiqc_plots/png/bcftools_stats_vqc_Count_Indels.png",
                "multiqc/multiqc_plots/png/bcftools_stats_vqc_Count_SNP.png",
                "multiqc/multiqc_plots/png/bcftools_stats_vqc_Count_Transitions.png",
                "multiqc/multiqc_plots/png/bcftools_stats_vqc_Count_Transversions.png",
                "multiqc/multiqc_plots/png/mosdepth-coverage-per-contig-single-cnt.png",
                "multiqc/multiqc_plots/png/mosdepth-coverage-per-contig-single-pct.png",
                "multiqc/multiqc_plots/png/mosdepth-cumcoverage-dist-id.png",
                "multiqc/multiqc_plots/png/samtools-stats-dp.png",
                "multiqc/multiqc_plots/png/samtools_alignment_plot-cnt.png",
                "multiqc/multiqc_plots/png/samtools_alignment_plot-pct.png",
                "multiqc/multiqc_plots/png/vcftools_tstv_by_count.png",
                "multiqc/multiqc_plots/png/vcftools_tstv_by_qual.png",
                "multiqc/multiqc_plots/svg",
                "multiqc/multiqc_plots/svg/bcftools-stats-subtypes-cnt.svg",
                "multiqc/multiqc_plots/svg/bcftools-stats-subtypes-pct.svg",
                "multiqc/multiqc_plots/svg/bcftools_stats_indel-lengths.svg",
                "multiqc/multiqc_plots/svg/bcftools_stats_variant_depths.svg",
                "multiqc/multiqc_plots/svg/bcftools_stats_vqc_Count_Indels.svg",
                "multiqc/multiqc_plots/svg/bcftools_stats_vqc_Count_SNP.svg",
                "multiqc/multiqc_plots/svg/bcftools_stats_vqc_Count_Transitions.svg",
                "multiqc/multiqc_plots/svg/bcftools_stats_vqc_Count_Transversions.svg",
                "multiqc/multiqc_plots/svg/mosdepth-coverage-per-contig-single-cnt.svg",
                "multiqc/multiqc_plots/svg/mosdepth-coverage-per-contig-single-pct.svg",
                "multiqc/multiqc_plots/svg/mosdepth-cumcoverage-dist-id.svg",
                "multiqc/multiqc_plots/svg/samtools-stats-dp.svg",
                "multiqc/multiqc_plots/svg/samtools_alignment_plot-cnt.svg",
                "multiqc/multiqc_plots/svg/samtools_alignment_plot-pct.svg",
                "multiqc/multiqc_plots/svg/vcftools_tstv_by_count.svg",
                "multiqc/multiqc_plots/svg/vcftools_tstv_by_qual.svg",
                "multiqc/multiqc_report.html",
                "pipeline_info",
                "pipeline_info/nf_core_sarek_software_mqc_versions.yml",
                "reference",
                "reports",
                "reports/bcftools",
                "reports/bcftools/bcftools",
                "reports/bcftools/bcftools/sample1",
                "reports/bcftools/bcftools/sample1/sample1.bcftools.bcftools_stats.txt",
                "reports/mosdepth",
                "reports/mosdepth/sample1",
                "reports/mosdepth/sample1/sample1.recal.mosdepth.global.dist.txt",
                "reports/mosdepth/sample1/sample1.recal.mosdepth.region.dist.txt",
                "reports/mosdepth/sample1/sample1.recal.mosdepth.summary.txt",
                "reports/mosdepth/sample1/sample1.recal.regions.bed.gz",
                "reports/mosdepth/sample1/sample1.recal.regions.bed.gz.csi",
                "reports/samtools",
                "reports/samtools/sample1",
                "reports/samtools/sample1/sample1.recal.cram.stats",
                "reports/vcftools",
                "reports/vcftools/bcftools",
                "reports/vcftools/bcftools/sample1",
                "reports/vcftools/bcftools/sample1/sample1.bcftools.FILTER.summary",
                "reports/vcftools/bcftools/sample1/sample1.bcftools.TsTv.count",
                "reports/vcftools/bcftools/sample1/sample1.bcftools.TsTv.qual",
                "variant_calling",
                "variant_calling/bcftools",
                "variant_calling/bcftools/sample1",
                "variant_calling/bcftools/sample1/sample1.bcftools.vcf.gz",
                "variant_calling/bcftools/sample1/sample1.bcftools.vcf.gz.tbi"
            ],
            [
                "mosdepth-coverage-per-contig-single.txt:md5,49fd828d21d79a5c9430cdb30d7f0126",
                "mosdepth-cumcoverage-dist-id.txt:md5,edd8dfc8023e629e476e01c3a1448d30",
                "mosdepth_perchrom.txt:md5,49fd828d21d79a5c9430cdb30d7f0126",
                "multiqc_citations.txt:md5,d40980f61eb64026d58102841b7f3860",
                "samtools-stats-dp.txt:md5,41d36c1a8413d565788a1a364b467606",
                "samtools_alignment_plot.txt:md5,35f8fd2a557568b2237193f46afbab5c",
                "sample1.bcftools.bcftools_stats.txt:md5,a4865cc7e9dfbea42d098f4bbbc7459d",
                "sample1.recal.mosdepth.global.dist.txt:md5,d9a4dd6429560b2b647da346050766c5",
                "sample1.recal.mosdepth.region.dist.txt:md5,1f3dab381958e08eb00f7c5e1135f677",
                "sample1.recal.mosdepth.summary.txt:md5,d7676e7c1de851b0ee5185d21096123b",
                "sample1.recal.regions.bed.gz:md5,6edeb8f7041a4403cb73651744b5bc82",
                "sample1.recal.regions.bed.gz.csi:md5,5fc6f880df27ca754ab229f0ccad2aea",
                "sample1.bcftools.FILTER.summary:md5,9b62595b026decf12e9198d531e4307a",
                "sample1.bcftools.TsTv.count:md5,6c937125d7bac4c491bea50f18cba43a"
            ],
            "No BAM files",
            "No CRAM files",
            [
                "sample1.bcftools.vcf.gz:md5,c55cf36bc05b6a7b4a98bb3ba925fc0a"
            ]
        ],
        "meta": {
            "nf-test": "0.9.2",
            "nextflow": "25.04.3"
        },
        "timestamp": "2025-06-16T12:13:14.303113481"
    }
}