{
    "-profile test --tools controlfreec tumoronly stub": {
        "content": [
            2,
            {
                "Workflow": {
                    "nf-core/sarek": "v3.6.0dev"
                }
            },
            [
                "csv",
                "pipeline_info",
                "pipeline_info/nf_core_sarek_software_mqc_versions.yml",
                "reference"
            ],
            [
                
            ]
        ],
        "meta": {
            "nf-test": "0.9.2",
            "nextflow": "25.01.0"
        },
        "timestamp": "2025-03-03T19:53:42.36747385"
    },
    "-profile test --tools controlfreec --no_intervals tumoronly": {
        "content": [
            1,
            {
                "Workflow": {
                    "nf-core/sarek": "v3.6.0dev"
                }
            },
            [
                "csv",
                "no_intervals.bed",
                "no_intervals.bed.gz",
                "no_intervals.bed.gz.tbi",
                "pipeline_info",
                "pipeline_info/nf_core_sarek_software_mqc_versions.yml",
                "reference"
            ],
            [
                
            ]
        ],
        "meta": {
            "nf-test": "0.9.2",
            "nextflow": "25.01.0"
        },
        "timestamp": "2025-03-03T19:52:14.247758556"
    },
    "-profile test --tools controlfreec somatic": {
        "content": [
            3,
            {
                "Workflow": {
                    "nf-core/sarek": "v3.6.0dev"
                }
            },
            [
                "csv",
                "pipeline_info",
                "pipeline_info/nf_core_sarek_software_mqc_versions.yml",
                "reference"
            ],
            [
                
            ]
        ],
        "meta": {
            "nf-test": "0.9.2",
            "nextflow": "25.01.0"
        },
        "timestamp": "2025-03-03T19:51:41.467448277"
    },
    "-profile test --tools controlfreec --no_intervals somatic stub": {
        "content": [
            1,
            {
                "Workflow": {
                    "nf-core/sarek": "v3.6.0dev"
                }
            },
            [
                "csv",
                "no_intervals.bed",
                "no_intervals.bed.gz",
                "no_intervals.bed.gz.tbi",
                "pipeline_info",
                "pipeline_info/nf_core_sarek_software_mqc_versions.yml",
                "reference"
            ],
            [
                
            ]
        ],
        "meta": {
            "nf-test": "0.9.2",
            "nextflow": "25.01.0"
        },
        "timestamp": "2025-03-03T19:52:59.263275935"
    }
}