{
    "multi bam": {
        "content": [
            [
                [
                    {
                        "id": "test",
                        "single_end": false
                    },
                    "test.bam:md5,8a808b1a94d2627c4d659a2151c4cb9f"
                ]
            ]
        ],
        "meta": {
            "nf-test": "0.8.4",
            "nextflow": "23.10.0"
        },
        "timestamp": "2024-02-13T15:21:36.059923"
    },
    "multi crai": {
        "content": [
            "test.cram.crai"
        ],
        "meta": {
            "nf-test": "0.8.4",
            "nextflow": "23.10.0"
        },
        "timestamp": "2023-12-12T17:43:37.780426007"
    },
    "multi bai": {
        "content": [
            [
                [
                    {
                        "id": "test",
                        "single_end": false
                    },
                    "test.bai:md5,38b99c5f771895ecf5324c3186b9d452"
                ]
            ]
        ],
        "meta": {
            "nf-test": "0.8.4",
            "nextflow": "23.10.0"
        },
        "timestamp": "2024-02-13T15:21:36.09642"
    },
    "versions": {
        "content": [
            [
                "versions.yml:md5,c58bf16c6e3786cc4d17bb7249f9ffe5"
            ]
        ],
        "meta": {
            "nf-test": "0.8.4",
            "nextflow": "23.10.0"
        },
        "timestamp": "2024-02-13T15:21:08.710549"
    },
    "multi test.metrics": {
        "content": [
            "test.bam.metrics"
        ],
        "meta": {
            "nf-test": "0.8.4",
            "nextflow": "23.10.0"
        },
        "timestamp": "2023-12-12T17:43:11.732892667"
    },
    "bai": {
        "content": [
            [
                [
                    {
                        "id": "test",
                        "single_end": false
                    },
                    "test.bai:md5,26001bcdbce12e9f07557d8f7b8d360e"
                ]
            ]
        ],
        "meta": {
            "nf-test": "0.8.4",
            "nextflow": "23.10.0"
        },
        "timestamp": "2023-12-12T17:42:39.651888758"
    },
    "multi cram versions": {
        "content": [
            [
                "versions.yml:md5,c58bf16c6e3786cc4d17bb7249f9ffe5"
            ]
        ],
        "meta": {
            "nf-test": "0.8.4",
            "nextflow": "23.10.0"
        },
        "timestamp": "2024-02-13T15:21:56.966376"
    },
    "multi versions": {
        "content": [
            [
                "versions.yml:md5,c58bf16c6e3786cc4d17bb7249f9ffe5"
            ]
        ],
        "meta": {
            "nf-test": "0.8.4",
            "nextflow": "23.10.0"
        },
        "timestamp": "2024-02-13T15:21:36.138095"
    },
    "multi cram test.metrics": {
        "content": [
            "test.cram.metrics"
        ],
        "meta": {
            "nf-test": "0.8.4",
            "nextflow": "23.10.0"
        },
        "timestamp": "2023-12-12T17:43:37.798977444"
    },
    "multi cram": {
        "content": [
            "test.cram"
        ],
        "meta": {
            "nf-test": "0.8.4",
            "nextflow": "23.10.0"
        },
        "timestamp": "2023-12-12T17:43:37.771137858"
    },
    "bam": {
        "content": [
            [
                [
                    {
                        "id": "test",
                        "single_end": false
                    },
                    "test.bam:md5,75d914ba8804eaf2acf02ab432197ec9"
                ]
            ]
        ],
        "meta": {
            "nf-test": "0.8.4",
            "nextflow": "23.10.0"
        },
        "timestamp": "2024-02-13T15:21:08.645892"
    },
    "test.metrics": {
        "content": [
            "test.bam.metrics"
        ],
        "meta": {
            "nf-test": "0.8.4",
            "nextflow": "23.10.0"
        },
        "timestamp": "2023-12-12T17:42:39.672508385"
    }
}