{
    "Should run help": {
        "content": [
            {
                "stderr": [

                ],
                "errorReport": "",
                "exitStatus": 0,
                "failed": false,
                "stdout": [

                ],
                "errorMessage": "",
                "trace": {
                    "tasksFailed": 0,
                    "tasksCount": 0,
                    "tasksSucceeded": 0
                },
                "name": "workflow",
                "success": true
            }
        ],
        "timestamp": "2023-10-13T13:18:16.933251413"
    }
}
