{
    "homo_sapiens - stub": {
        "content": [
            {
                "0": [
                    [
                        {
                            "id": "homo_sapiens_genome"
                        },
                        "homo_sapiens_genome_consensus_unmapped.bam:md5,d41d8cd98f00b204e9800998ecf8427e"
                    ]
                ],
                "1": [
                    "versions.yml:md5,b5ef59a06877dec12426c4c2c02e887c"
                ],
                "bam": [
                    [
                        {
                            "id": "homo_sapiens_genome"
                        },
                        "homo_sapiens_genome_consensus_unmapped.bam:md5,d41d8cd98f00b204e9800998ecf8427e"
                    ]
                ],
                "versions": [
                    "versions.yml:md5,b5ef59a06877dec12426c4c2c02e887c"
                ]
            }
        ],
        "meta": {
            "nf-test": "0.9.0",
            "nextflow": "24.04.4"
        },
        "timestamp": "2024-11-11T12:22:07.722755"
    },
    "homo_sapiens - bam": {
        "content": [
            {
                "0": [
                    [
                        {
                            "id": "homo_sapiens_genome"
                        },
                        "homo_sapiens_genome_consensus_unmapped.bam:md5,f56c861f1f604ecc9894dc9182b170f8"
                    ]
                ],
                "1": [
                    "versions.yml:md5,b5ef59a06877dec12426c4c2c02e887c"
                ],
                "bam": [
                    [
                        {
                            "id": "homo_sapiens_genome"
                        },
                        "homo_sapiens_genome_consensus_unmapped.bam:md5,f56c861f1f604ecc9894dc9182b170f8"
                    ]
                ],
                "versions": [
                    "versions.yml:md5,b5ef59a06877dec12426c4c2c02e887c"
                ]
            }
        ],
        "meta": {
            "nf-test": "0.9.0",
            "nextflow": "24.04.4"
        },
        "timestamp": "2024-11-11T12:21:46.241305"
    }
}