{
    "sarscov2 - [fastq1, fastq2], hashtable, fasta, false": {
        "content": [
            "test.bam",
            [
                "decompHashTableCtxInit...",
                "decompHashTableHeader...",
                "decompHashTableLiterals...",
                "decompHashTableExtIndex...",
                "decompHashTableAutoHits...",
                "decompHashTableSetFlags..."
            ],
            [
                "versions.yml:md5,bec50713b6dac1cc16fe68b731848394"
            ],
            {
                "DRAGMAP_ALIGN": {
                    "dragmap": "1.2.1",
                    "samtools": "1.19.2",
                    "pigz": "2.3.4"
                }
            }
        ],
        "meta": {
            "nf-test": "0.9.2",
            "nextflow": "24.10.5"
        },
        "timestamp": "2025-04-10T11:33:50.428894432"
    },
    "homo_sapiens - [fastq1, fastq2], hashtable, fasta, true": {
        "content": [
            "test.bam",
            [
                "decompHashTableCtxInit...",
                "decompHashTableHeader...",
                "decompHashTableLiterals...",
                "decompHashTableExtIndex...",
                "decompHashTableAutoHits...",
                "decompHashTableSetFlags..."
            ],
            [
                "versions.yml:md5,bec50713b6dac1cc16fe68b731848394"
            ],
            {
                "DRAGMAP_ALIGN": {
                    "dragmap": "1.2.1",
                    "samtools": "1.19.2",
                    "pigz": "2.3.4"
                }
            }
        ],
        "meta": {
            "nf-test": "0.9.2",
            "nextflow": "24.10.5"
        },
        "timestamp": "2025-04-10T11:34:27.492548556"
    },
    "sarscov2 - fastq, hashtable, fasta, true": {
        "content": [
            "test.bam",
            [
                "decompHashTableCtxInit...",
                "decompHashTableHeader...",
                "decompHashTableLiterals...",
                "decompHashTableExtIndex...",
                "decompHashTableAutoHits...",
                "decompHashTableSetFlags..."
            ],
            [
                "versions.yml:md5,bec50713b6dac1cc16fe68b731848394"
            ],
            {
                "DRAGMAP_ALIGN": {
                    "dragmap": "1.2.1",
                    "samtools": "1.19.2",
                    "pigz": "2.3.4"
                }
            }
        ],
        "meta": {
            "nf-test": "0.9.2",
            "nextflow": "24.10.5"
        },
        "timestamp": "2025-04-10T11:33:39.843877739"
    },
    "sarscov2 - [fastq1, fastq2], hashtable, fasta, true": {
        "content": [
            "test.bam",
            [
                "decompHashTableCtxInit...",
                "decompHashTableHeader...",
                "decompHashTableLiterals...",
                "decompHashTableExtIndex...",
                "decompHashTableAutoHits...",
                "decompHashTableSetFlags..."
            ],
            [
                "versions.yml:md5,bec50713b6dac1cc16fe68b731848394"
            ],
            {
                "DRAGMAP_ALIGN": {
                    "dragmap": "1.2.1",
                    "samtools": "1.19.2",
                    "pigz": "2.3.4"
                }
            }
        ],
        "meta": {
            "nf-test": "0.9.2",
            "nextflow": "24.10.5"
        },
        "timestamp": "2025-04-10T11:34:00.702498161"
    },
    "sarscov2 - [fastq1, fastq2], hashtable, fasta, true - stub": {
        "content": [
            {
                "0": [
                    
                ],
                "1": [
                    [
                        {
                            "id": "test",
                            "single_end": false
                        },
                        "test.bam:md5,d41d8cd98f00b204e9800998ecf8427e"
                    ]
                ],
                "2": [
                    
                ],
                "3": [
                    
                ],
                "4": [
                    [
                        {
                            "id": "test",
                            "single_end": false
                        },
                        "test.csi:md5,d41d8cd98f00b204e9800998ecf8427e"
                    ]
                ],
                "5": [
                    [
                        {
                            "id": "test",
                            "single_end": false
                        },
                        "test.log:md5,d41d8cd98f00b204e9800998ecf8427e"
                    ]
                ],
                "6": [
                    "versions.yml:md5,bec50713b6dac1cc16fe68b731848394"
                ],
                "bam": [
                    [
                        {
                            "id": "test",
                            "single_end": false
                        },
                        "test.bam:md5,d41d8cd98f00b204e9800998ecf8427e"
                    ]
                ],
                "crai": [
                    
                ],
                "cram": [
                    
                ],
                "csi": [
                    [
                        {
                            "id": "test",
                            "single_end": false
                        },
                        "test.csi:md5,d41d8cd98f00b204e9800998ecf8427e"
                    ]
                ],
                "log": [
                    [
                        {
                            "id": "test",
                            "single_end": false
                        },
                        "test.log:md5,d41d8cd98f00b204e9800998ecf8427e"
                    ]
                ],
                "sam": [
                    
                ],
                "versions": [
                    "versions.yml:md5,bec50713b6dac1cc16fe68b731848394"
                ]
            },
            {
                "DRAGMAP_ALIGN": {
                    "dragmap": "1.2.1",
                    "samtools": "1.19.2",
                    "pigz": "2.3.4"
                }
            }
        ],
        "meta": {
            "nf-test": "0.9.2",
            "nextflow": "24.10.5"
        },
        "timestamp": "2025-04-10T11:13:17.187912755"
    },
    "sarscov2 - fastq, hashtable, fasta, false": {
        "content": [
            "test.bam",
            [
                "decompHashTableCtxInit...",
                "decompHashTableHeader...",
                "decompHashTableLiterals...",
                "decompHashTableExtIndex...",
                "decompHashTableAutoHits...",
                "decompHashTableSetFlags..."
            ],
            [
                "versions.yml:md5,bec50713b6dac1cc16fe68b731848394"
            ],
            {
                "DRAGMAP_ALIGN": {
                    "dragmap": "1.2.1",
                    "samtools": "1.19.2",
                    "pigz": "2.3.4"
                }
            }
        ],
        "meta": {
            "nf-test": "0.9.2",
            "nextflow": "24.10.5"
        },
        "timestamp": "2025-04-10T11:33:28.056988229"
    }
}