{
    "human - txt - stub": {
        "content": [
            {
                "0": [
                    [
                        {
                            "id": "test"
                        },
                        "test.vcf.gz:md5,68b329da9893e34099c7d8ad5cb9c940"
                    ]
                ],
                "1": [
                    "versions.yml:md5,4d667cb8f2f96c5705b1e44affdd7330"
                ],
                "vcf": [
                    [
                        {
                            "id": "test"
                        },
                        "test.vcf.gz:md5,68b329da9893e34099c7d8ad5cb9c940"
                    ]
                ],
                "versions": [
                    "versions.yml:md5,4d667cb8f2f96c5705b1e44affdd7330"
                ]
            }
        ],
        "meta": {
            "nf-test": "0.9.2",
            "nextflow": "24.10.0"
        },
        "timestamp": "2024-11-29T14:52:29.011666"
    },
    "human - txt": {
        "content": [
            [
                "versions.yml:md5,4d667cb8f2f96c5705b1e44affdd7330"
            ],
            11,
            "VcfFile [chromosomes=[], sampleCount=2, variantCount=0, phased=true, phasedAutodetect=true]"
        ],
        "meta": {
            "nf-test": "0.9.2",
            "nextflow": "24.10.2"
        },
        "timestamp": "2024-12-02T16:29:22.506313"
    }
}