{
    "workflow": {
        "content": [
            {
                "stderr": [

                ],
                "errorReport": "",
                "exitStatus": 0,
                "out": {

                },
                "failed": false,
                "stdout": [
                    "",
                    "WARN: Found unexpected parameters:",
                    "* --outputDir: /home/maxime/workspace/nf-core_sarek/.nf-test/tests/6b4fc92d7235947cf7ae249c9cd9ebf/output",
                    "* --baseDir: /home/maxime/workspace/nf-core_sarek",
                    "",
                    "WARN: There's no process matching config selector: .*:FREEC_SOMATIC -- Did you mean: FREEC_SOMATIC?",
                    "WARN: There's no process matching config selector: .*:FILTERVARIANTTRANCHES -- Did you mean: FILTERVARIANTTRANCHES?",
                    "WARN: There's no process matching config selector: NFCORE_SAREK:SAREK:CRAM_QC_NO_MD:SAMTOOLS_STATS -- Did you mean: NFCORE_SAREK:SAREK:CRAM_QC_RECAL:SAMTOOLS_STATS?"
                ],
                "errorMessage": "",
                "trace": {
                    "tasksFailed": 0,
                    "tasksCount": 26,
                    "tasksSucceeded": 26
                },
                "name": "workflow",
                "success": true
            }
        ],
        "timestamp": "2022-11-17T14:05:45+0000"
    },
    "files": {
        "content": [
            "markduplicates.csv:md5,49fb7ec7b71d8cae7e456ce1a4b052ca",
            "markduplicates_no_table.csv:md5,cf0d4134d7095064a3aedf3f44ae9d1a",
            "recalibrated.csv:md5,963a07db23dc4acccf79d1e5a0db9ab1",
            "variantcalled.csv:md5,dd3721676d95f0e506316816e32bc4e6",
            "test.recal.table:md5,4ac774bf5f1157e77426fd82f5ac0fbe",
            "test.md.mosdepth.global.dist.txt:md5,76fa71922a3f748e507c2364c531dfcb",
            "test.md.mosdepth.region.dist.txt:md5,abc5df85e302b79985627888870882da",
            "test.md.mosdepth.summary.txt:md5,d536456436eb275159b8c6af83213d80",
            "test.md.regions.bed.gz:md5,38fe39894abe62e38f8ac214cba64f2b",
            "test.md.regions.bed.gz.csi:md5,b1c2a861f64e20a94108a6de3b76c582",
            "test.recal.mosdepth.global.dist.txt:md5,76fa71922a3f748e507c2364c531dfcb",
            "test.recal.mosdepth.region.dist.txt:md5,abc5df85e302b79985627888870882da",
            "test.recal.mosdepth.summary.txt:md5,d536456436eb275159b8c6af83213d80",
            "test.recal.regions.bed.gz:md5,38fe39894abe62e38f8ac214cba64f2b",
            "test.recal.regions.bed.gz.csi:md5,b1c2a861f64e20a94108a6de3b76c582",
            "test.strelka.variants.FILTER.summary:md5,dd87f507da7de20d5318841af312493b",
            "test.strelka.variants.TsTv.count:md5,fa27f678965b7cba6a92efcd039f802a",
            "test.strelka.variants.TsTv.qual:md5,bc68ae4e688e9fb772b457069e604883"
        ],
        "timestamp": "2022-11-17T14:05:45+0000"
    }
}
