{
    "sarscov2 single-end [fastq_gz]": {
        "content": [
            [
                "7e2bd786d964e42ddbc2ab0c9f340b09"
            ],
            [
                "test.recal.bam.bai"
            ],
            [
                "versions.yml:md5,0d8766379e89038cb5fdcd074f3289f6",
                "versions.yml:md5,df165e28f025dad39d826caead132115"
            ]
        ],
        "meta": {
            "nf-test": "0.9.2",
            "nextflow": "24.10.4"
        },
        "timestamp": "2025-02-17T16:25:03.460025311"
    },
    "sarscov2 paired-end [fastq_gz]": {
        "content": [
            [
                "73e8e89cda8fce1cf07bdebff0f793ec"
            ],
            [
                "test.recal.bam.bai"
            ],
            [
                "versions.yml:md5,0d8766379e89038cb5fdcd074f3289f6",
                "versions.yml:md5,df165e28f025dad39d826caead132115"
            ]
        ],
        "meta": {
            "nf-test": "0.9.2",
            "nextflow": "24.10.4"
        },
        "timestamp": "2025-02-17T16:26:01.468588642"
    }
}