{
    "homo_sapiens - cram": {
        "content": [
            "test.metrics",
            [
                "versions.yml:md5,1d9c175d88b6c50c7dc999c1f70261a8"
            ]
        ],
        "meta": {
            "nf-test": "0.8.4",
            "nextflow": "23.10.1"
        },
        "timestamp": "2024-03-20T14:41:39.857566"
    },
    "sarscov2 - bam - stub": {
        "content": [
            "test.metrics",
            [
                "versions.yml:md5,1d9c175d88b6c50c7dc999c1f70261a8"
            ]
        ],
        "meta": {
            "nf-test": "0.8.4",
            "nextflow": "23.10.1"
        },
        "timestamp": "2024-03-20T14:27:55.337569"
    },
    "homo_sapiens - bam": {
        "content": [
            "test.metrics",
            [
                "versions.yml:md5,1d9c175d88b6c50c7dc999c1f70261a8"
            ]
        ],
        "meta": {
            "nf-test": "0.8.4",
            "nextflow": "23.10.1"
        },
        "timestamp": "2024-03-20T14:24:41.460191"
    }
}