{
    "human - freec_ratio - stub": {
        "content": [
            {
                "0": [
                    [
                        {
                            "id": "test"
                        },
                        "test_BAF.png:md5,d41d8cd98f00b204e9800998ecf8427e"
                    ]
                ],
                "1": [
                    [
                        {
                            "id": "test"
                        },
                        "test_ratio.log2.png:md5,d41d8cd98f00b204e9800998ecf8427e"
                    ]
                ],
                "2": [
                    [
                        {
                            "id": "test"
                        },
                        "test_ratio.png:md5,d41d8cd98f00b204e9800998ecf8427e"
                    ]
                ],
                "3": [
                    "versions.yml:md5,2d7885bddfa4a981cd1ed78963d5f514"
                ],
                "png_baf": [
                    [
                        {
                            "id": "test"
                        },
                        "test_BAF.png:md5,d41d8cd98f00b204e9800998ecf8427e"
                    ]
                ],
                "png_ratio": [
                    [
                        {
                            "id": "test"
                        },
                        "test_ratio.png:md5,d41d8cd98f00b204e9800998ecf8427e"
                    ]
                ],
                "png_ratio_log2": [
                    [
                        {
                            "id": "test"
                        },
                        "test_ratio.log2.png:md5,d41d8cd98f00b204e9800998ecf8427e"
                    ]
                ],
                "versions": [
                    "versions.yml:md5,2d7885bddfa4a981cd1ed78963d5f514"
                ]
            }
        ],
        "meta": {
            "nf-test": "0.8.4",
            "nextflow": "23.10.0"
        },
        "timestamp": "2024-03-26T16:36:29.963449"
    },
    "version": {
        "content": [
            [
                "versions.yml:md5,2d7885bddfa4a981cd1ed78963d5f514"
            ]
        ],
        "meta": {
            "nf-test": "0.8.4",
            "nextflow": "23.10.0"
        },
        "timestamp": "2024-03-26T17:14:23.354467"
    }
}